Component: ARM Compiler 6.16 Tool: armlink [5dfeaa00]

==============================================================================

Section Cross References

    startup_stm32l471xx.o(RESET) refers to startup_stm32l471xx.o(STACK) for __initial_sp
    startup_stm32l471xx.o(RESET) refers to startup_stm32l471xx.o(.text) for Reset_Handler
    startup_stm32l471xx.o(RESET) refers to stm32l4xx_it.o(.text.NMI_Handler) for NMI_Handler
    startup_stm32l471xx.o(RESET) refers to stm32l4xx_it.o(.text.HardFault_Handler) for HardFault_Handler
    startup_stm32l471xx.o(RESET) refers to stm32l4xx_it.o(.text.MemManage_Handler) for MemManage_Handler
    startup_stm32l471xx.o(RESET) refers to stm32l4xx_it.o(.text.BusFault_Handler) for BusFault_Handler
    startup_stm32l471xx.o(RESET) refers to stm32l4xx_it.o(.text.UsageFault_Handler) for UsageFault_Handler
    startup_stm32l471xx.o(RESET) refers to port.o(.text.SVC_Handler) for SVC_Handler
    startup_stm32l471xx.o(RESET) refers to stm32l4xx_it.o(.text.DebugMon_Handler) for DebugMon_Handler
    startup_stm32l471xx.o(RESET) refers to port.o(.text.PendSV_Handler) for PendSV_Handler
    startup_stm32l471xx.o(RESET) refers to port.o(.text.SysTick_Handler) for SysTick_Handler
    startup_stm32l471xx.o(RESET) refers to stm32l4xx_it.o(.text.DMA1_Channel5_IRQHandler) for DMA1_Channel5_IRQHandler
    startup_stm32l471xx.o(RESET) refers to stm32l4xx_it.o(.text.USART1_IRQHandler) for USART1_IRQHandler
    startup_stm32l471xx.o(RESET) refers to stm32l4xx_it.o(.text.TIM6_DAC_IRQHandler) for TIM6_DAC_IRQHandler
    startup_stm32l471xx.o(RESET) refers to stm32l4xx_it.o(.text.TIM7_IRQHandler) for TIM7_IRQHandler
    startup_stm32l471xx.o(.text) refers to system_stm32l4xx.o(.text.SystemInit) for SystemInit
    startup_stm32l471xx.o(.text) refers to entry.o(.ARM.Collect$$$$00000000) for __main
    main.o(.text.main) refers to stm32l4xx_hal.o(.text.HAL_Init) for HAL_Init
    main.o(.text.main) refers to main.o(.text.SystemClock_Config) for SystemClock_Config
    main.o(.text.main) refers to gpio.o(.text.MX_GPIO_Init) for MX_GPIO_Init
    main.o(.text.main) refers to dma.o(.text.MX_DMA_Init) for MX_DMA_Init
    main.o(.text.main) refers to usart.o(.text.MX_USART1_UART_Init) for MX_USART1_UART_Init
    main.o(.text.main) refers to tim.o(.text.MX_TIM6_Init) for MX_TIM6_Init
    main.o(.text.main) refers to spi.o(.text.MX_SPI1_Init) for MX_SPI1_Init
    main.o(.text.main) refers to app_freertos.o(.text.MX_FREERTOS_Init) for MX_FREERTOS_Init
    main.o(.text.main) refers to tasks.o(.text.vTaskStartScheduler) for vTaskStartScheduler
    main.o(.text.main) refers to main.o(.text.Error_Handler) for Error_Handler
    main.o(.ARM.exidx.text.main) refers to main.o(.text.main) for [Anonymous Symbol]
    main.o(.text.SystemClock_Config) refers to memseta.o(.text) for __aeabi_memclr4
    main.o(.text.SystemClock_Config) refers to stm32l4xx_hal_pwr_ex.o(.text.HAL_PWREx_ControlVoltageScaling) for HAL_PWREx_ControlVoltageScaling
    main.o(.text.SystemClock_Config) refers to stm32l4xx_hal_rcc.o(.text.HAL_RCC_OscConfig) for HAL_RCC_OscConfig
    main.o(.text.SystemClock_Config) refers to stm32l4xx_hal_rcc.o(.text.HAL_RCC_ClockConfig) for HAL_RCC_ClockConfig
    main.o(.text.SystemClock_Config) refers to main.o(.text.Error_Handler) for Error_Handler
    main.o(.ARM.exidx.text.SystemClock_Config) refers to main.o(.text.SystemClock_Config) for [Anonymous Symbol]
    main.o(.ARM.exidx.text.Error_Handler) refers to main.o(.text.Error_Handler) for [Anonymous Symbol]
    main.o(.text.HAL_TIM_PeriodElapsedCallback) refers to stm32l4xx_hal.o(.text.HAL_IncTick) for HAL_IncTick
    main.o(.ARM.exidx.text.HAL_TIM_PeriodElapsedCallback) refers to main.o(.text.HAL_TIM_PeriodElapsedCallback) for [Anonymous Symbol]
    gpio.o(.text.MX_GPIO_Init) refers to stm32l4xx_hal_gpio.o(.text.HAL_GPIO_WritePin) for HAL_GPIO_WritePin
    gpio.o(.text.MX_GPIO_Init) refers to stm32l4xx_hal_gpio.o(.text.HAL_GPIO_Init) for HAL_GPIO_Init
    gpio.o(.ARM.exidx.text.MX_GPIO_Init) refers to gpio.o(.text.MX_GPIO_Init) for [Anonymous Symbol]
    dma.o(.text.MX_DMA_Init) refers to stm32l4xx_hal_cortex.o(.text.HAL_NVIC_SetPriority) for HAL_NVIC_SetPriority
    dma.o(.text.MX_DMA_Init) refers to stm32l4xx_hal_cortex.o(.text.HAL_NVIC_EnableIRQ) for HAL_NVIC_EnableIRQ
    dma.o(.ARM.exidx.text.MX_DMA_Init) refers to dma.o(.text.MX_DMA_Init) for [Anonymous Symbol]
    spi.o(.text.MX_SPI1_Init) refers to spi.o(.bss.hspi1) for hspi1
    spi.o(.text.MX_SPI1_Init) refers to stm32l4xx_hal_spi.o(.text.HAL_SPI_Init) for HAL_SPI_Init
    spi.o(.text.MX_SPI1_Init) refers to main.o(.text.Error_Handler) for Error_Handler
    spi.o(.ARM.exidx.text.MX_SPI1_Init) refers to spi.o(.text.MX_SPI1_Init) for [Anonymous Symbol]
    spi.o(.text.HAL_SPI_MspInit) refers to stm32l4xx_hal_gpio.o(.text.HAL_GPIO_Init) for HAL_GPIO_Init
    spi.o(.ARM.exidx.text.HAL_SPI_MspInit) refers to spi.o(.text.HAL_SPI_MspInit) for [Anonymous Symbol]
[...]
    _printf_wctomb                           0x00000000   Number         0  printfstubs.o ABSOLUTE
    _printf_widthprec                        0x00000000   Number         0  printfstubs.o ABSOLUTE
    _printf_x                                0x00000000   Number         0  printfstubs.o ABSOLUTE
    __cpp_initialize__aeabi_                  - Undefined Weak Reference
    __cxa_finalize                            - Undefined Weak Reference
    __decompress                              - Undefined Weak Reference
    _clock_init                               - Undefined Weak Reference
    _microlib_exit                            - Undefined Weak Reference
    __Vectors_Size                           0x00000188   Number         0  startup_stm32l471xx.o ABSOLUTE
    __Vectors                                0x08000000   Data           4  startup_stm32l471xx.o(RESET)
    __Vectors_End                            0x08000188   Data           0  startup_stm32l471xx.o(RESET)
    __main                                   0x08000189   Thumb Code     0  entry.o(.ARM.Collect$$$$00000000)
    _main_stk                                0x08000189   Thumb Code     0  entry2.o(.ARM.Collect$$$$00000001)
    _main_scatterload                        0x0800018d   Thumb Code     0  entry5.o(.ARM.Collect$$$$00000004)
    __main_after_scatterload                 0x08000191   Thumb Code     0  entry5.o(.ARM.Collect$$$$00000004)
    _main_clock                              0x08000191   Thumb Code     0  entry7b.o(.ARM.Collect$$$$00000008)
    _main_cpp_init                           0x08000191   Thumb Code     0  entry8b.o(.ARM.Collect$$$$0000000A)
    _main_init                               0x08000191   Thumb Code     0  entry9a.o(.ARM.Collect$$$$0000000B)
    __rt_final_cpp                           0x08000199   Thumb Code     0  entry10a.o(.ARM.Collect$$$$0000000D)
    __rt_final_exit                          0x08000199   Thumb Code     0  entry11a.o(.ARM.Collect$$$$0000000F)
    Reset_Handler                            0x0800019d   Thumb Code     8  startup_stm32l471xx.o(.text)
    ADC1_2_IRQHandler                        0x080001b7   Thumb Code     0  startup_stm32l471xx.o(.text)
    ADC3_IRQHandler                          0x080001b7   Thumb Code     0  startup_stm32l471xx.o(.text)
    CAN1_RX0_IRQHandler                      0x080001b7   Thumb Code     0  startup_stm32l471xx.o(.text)
    CAN1_RX1_IRQHandler                      0x080001b7   Thumb Code     0  startup_stm32l471xx.o(.text)
    CAN1_SCE_IRQHandler                      0x080001b7   Thumb Code     0  startup_stm32l471xx.o(.text)
    CAN1_TX_IRQHandler                       0x080001b7   Thumb Code     0  startup_stm32l471xx.o(.text)
    COMP_IRQHandler                          0x080001b7   Thumb Code     0  startup_stm32l471xx.o(.text)
    DFSDM1_FLT0_IRQHandler                   0x080001b7   Thumb Code     0  startup_stm32l471xx.o(.text)
    DFSDM1_FLT1_IRQHandler                   0x080001b7   Thumb Code     0  startup_stm32l471xx.o(.text)
    DFSDM1_FLT2_IRQHandler                   0x080001b7   Thumb Code     0  startup_stm32l471xx.o(.text)
    DFSDM1_FLT3_IRQHandler                   0x080001b7   Thumb Code     0  startup_stm32l471xx.o(.text)
    DMA1_Channel1_IRQHandler                 0x080001b7   Thumb Code     0  startup_stm32l471xx.o(.text)
    DMA1_Channel2_IRQHandler                 0x080001b7   Thumb Code     0  startup_stm32l471xx.o(.text)
    DMA1_Channel3_IRQHandler                 0x080001b7   Thumb Code     0  startup_stm32l471xx.o(.text)
    DMA1_Channel4_IRQHandler                 0x080001b7   Thumb Code     0  startup_stm32l471xx.o(.text)
    DMA1_Channel6_IRQHandler                 0x080001b7   Thumb Code     0  startup_stm32l471xx.o(.text)
    DMA1_Channel7_IRQHandler                 0x080001b7   Thumb Code     0  startup_stm32l471xx.o(.text)
    DMA2_Channel1_IRQHandler                 0x080001b7   Thumb Code     0  startup_stm32l471xx.o(.text)
    DMA2_Channel2_IRQHandler                 0x080001b7   Thumb Code     0  startup_stm32l471xx.o(.text)
    DMA2_Channel3_IRQHandler                 0x080001b7   Thumb Code     0  startup_stm32l471xx.o(.text)
    DMA2_Channel4_IRQHandler                 0x080001b7   Thumb Code     0  startup_stm32l471xx.o(.text)
    DMA2_Channel5_IRQHandler                 0x080001b7   Thumb Code     0  startup_stm32l471xx.o(.text)
    DMA2_Channel6_IRQHandler                 0x080001b7   Thumb Code     0  startup_stm32l471xx.o(.text)
    DMA2_Channel7_IRQHandler                 0x080001b7   Thumb Code     0  startup_stm32l471xx.o(.text)
    EXTI0_IRQHandler                         0x080001b7   Thumb Code     0  startup_stm32l471xx.o(.text)
    EXTI15_10_IRQHandler                     0x080001b7   Thumb Code     0  startup_stm32l471xx.o(.text)
    EXTI1_IRQHandler                         0x080001b7   Thumb Code     0  startup_stm32l471xx.o(.text)
    EXTI2_IRQHandler                         0x080001b7   Thumb Code     0  startup_stm32l471xx.o(.text)
    EXTI3_IRQHandler                         0x080001b7   Thumb Code     0  startup_stm32l471xx.o(.text)
    EXTI4_IRQHandler                         0x080001b7   Thumb Code     0  startup_stm32l471xx.o(.text)
    EXTI9_5_IRQHandler                       0x080001b7   Thumb Code     0  startup_stm32l471xx.o(.text)
    FLASH_IRQHandler                         0x080001b7   Thumb Code     0  startup_stm32l471xx.o(.text)
    FMC_IRQHandler                           0x080001b7   Thumb Code     0  startup_stm32l471xx.o(.text)
    FPU_IRQHandler                           0x080001b7   Thumb Code     0  startup_stm32l471xx.o(.text)
    I2C1_ER_IRQHandler                       0x080001b7   Thumb Code     0  startup_stm32l471xx.o(.text)
    I2C1_EV_IRQHandler                       0x080001b7   Thumb Code     0  startup_stm32l471xx.o(.text)
    I2C2_ER_IRQHandler                       0x080001b7   Thumb Code     0  startup_stm32l471xx.o(.text)
    I2C2_EV_IRQHandler                       0x080001b7   Thumb Code     0  startup_stm32l471xx.o(.text)
    I2C3_ER_IRQHandler                       0x080001b7   Thumb Code     0  startup_stm32l471xx.o(.text)
    I2C3_EV_IRQHandler                       0x080001b7   Thumb Code     0  startup_stm32l471xx.o(.text)
    LPTIM1_IRQHandler                        0x080001b7   Thumb Code     0  startup_stm32l471xx.o(.text)
    LPTIM2_IRQHandler                        0x080001b7   Thumb Code     0  startup_stm32l471xx.o(.text)
    LPUART1_IRQHandler                       0x080001b7   Thumb Code     0  startup_stm32l471xx.o(.text)
    PVD_PVM_IRQHandler                       0x080001b7   Thumb Code     0  startup_stm32l471xx.o(.text)
    QUADSPI_IRQHandler                       0x080001b7   Thumb Code     0  startup_stm32l471xx.o(.text)
    RCC_IRQHandler                           0x080001b7   Thumb Code     0  startup_stm32l471xx.o(.text)
    RNG_IRQHandler                           0x080001b7   Thumb Code     0  startup_stm32l471xx.o(.text)
    RTC_Alarm_IRQHandler                     0x080001b7   Thumb Code     0  startup_stm32l471xx.o(.text)
    RTC_WKUP_IRQHandler                      0x080001b7   Thumb Code     0  startup_stm32l471xx.o(.text)
    SAI1_IRQHandler                          0x080001b7   Thumb Code     0  startup_stm32l471xx.o(.text)
    SAI2_IRQHandler                          0x080001b7   Thumb Code     0  startup_stm32l471xx.o(.text)
    SDMMC1_IRQHandler                        0x080001b7   Thumb Code     0  startup_stm32l471xx.o(.text)
    SPI1_IRQHandler                          0x080001b7   Thumb Code     0  startup_stm32l471xx.o(.text)
    SPI2_IRQHandler                          0x080001b7   Thumb Code     0  startup_stm32l471xx.o(.text)
    SPI3_IRQHandler                          0x080001b7   Thumb Code     0  startup_stm32l471xx.o(.text)
    SWPMI1_IRQHandler                        0x080001b7   Thumb Code     0  startup_stm32l471xx.o(.text)
    TAMP_STAMP_IRQHandler                    0x080001b7   Thumb Code     0  startup_stm32l471xx.o(.text)
    TIM1_BRK_TIM15_IRQHandler                0x080001b7   Thumb Code     0  startup_stm32l471xx.o(.text)
    TIM1_CC_IRQHandler                       0x080001b7   Thumb Code     0  startup_stm32l471xx.o(.text)
    TIM1_TRG_COM_TIM17_IRQHandler            0x080001b7   Thumb Code     0  startup_stm32l471xx.o(.text)
    TIM1_UP_TIM16_IRQHandler                 0x080001b7   Thumb Code     0  startup_stm32l471xx.o(.text)
    TIM2_IRQHandler                          0x080001b7   Thumb Code     0  startup_stm32l471xx.o(.text)
    TIM3_IRQHandler                          0x080001b7   Thumb Code     0  startup_stm32l471xx.o(.text)
    TIM4_IRQHandler                          0x080001b7   Thumb Code     0  startup_stm32l471xx.o(.text)
    TIM5_IRQHandler                          0x080001b7   Thumb Code     0  startup_stm32l471xx.o(.text)
    TIM8_BRK_IRQHandler                      0x080001b7   Thumb Code     0  startup_stm32l471xx.o(.text)
    TIM8_CC_IRQHandler                       0x080001b7   Thumb Code     0  startup_stm32l471xx.o(.text)
    TIM8_TRG_COM_IRQHandler                  0x080001b7   Thumb Code     0  startup_stm32l471xx.o(.text)
    TIM8_UP_IRQHandler                       0x080001b7   Thumb Code     0  startup_stm32l471xx.o(.text)
    TSC_IRQHandler                           0x080001b7   Thumb Code     0  startup_stm32l471xx.o(.text)
    UART4_IRQHandler                         0x080001b7   Thumb Code     0  startup_stm32l471xx.o(.text)
    UART5_IRQHandler                         0x080001b7   Thumb Code     0  startup_stm32l471xx.o(.text)
    USART2_IRQHandler                        0x080001b7   Thumb Code     0  startup_stm32l471xx.o(.text)
    USART3_IRQHandler                        0x080001b7   Thumb Code     0  startup_stm32l471xx.o(.text)
    WWDG_IRQHandler                          0x080001b7   Thumb Code     0  startup_stm32l471xx.o(.text)
    __aeabi_uldivmod                         0x080001c1   Thumb Code    98  uldiv.o(.text)
    __aeabi_ldivmod                          0x08000229   Thumb Code    98  ldiv.o(.text)
    __aeabi_memcpy                           0x0800028b   Thumb Code    36  memcpya.o(.text)
    __aeabi_memcpy4                          0x0800028b   Thumb Code     0  memcpya.o(.text)
    __aeabi_memcpy8                          0x0800028b   Thumb Code     0  memcpya.o(.text)
    __aeabi_memset                           0x080002af   Thumb Code    14  memseta.o(.text)
    __aeabi_memset4                          0x080002af   Thumb Code     0  memseta.o(.text)
    __aeabi_memset8                          0x080002af   Thumb Code     0  memseta.o(.text)
    __aeabi_memclr                           0x080002bd   Thumb Code     4  memseta.o(.text)
    __aeabi_memclr4                          0x080002bd   Thumb Code     0  memseta.o(.text)
    __aeabi_memclr8                          0x080002bd   Thumb Code     0  memseta.o(.text)
    _memset$wrapper                          0x080002c1   Thumb Code    18  memseta.o(.text)
    strncpy                                  0x080002d3   Thumb Code    24  strncpy.o(.text)
    strchr                                   0x080002eb   Thumb Code    20  strchr.o(.text)
    strlen                                   0x080002ff   Thumb Code    14  strlen.o(.text)
    __aeabi_uidiv                            0x0800030d   Thumb Code     0  uidiv.o(.text)
    __aeabi_uidivmod                         0x0800030d   Thumb Code    44  uidiv.o(.text)
    __aeabi_llsl                             0x08000339   Thumb Code    30  llshl.o(.text)
    _ll_shift_l                              0x08000339   Thumb Code     0  llshl.o(.text)
    __aeabi_llsr                             0x08000357   Thumb Code    32  llushr.o(.text)
    _ll_ushift_r                             0x08000357   Thumb Code     0  llushr.o(.text)
    __I$use$fp                               0x08000377   Thumb Code     0  iusefp.o(.text)
    __aeabi_dadd                             0x08000377   Thumb Code   322  dadd.o(.text)
    __aeabi_dsub                             0x080004b9   Thumb Code     6  dadd.o(.text)
    __aeabi_drsub                            0x080004bf   Thumb Code     6  dadd.o(.text)
    __aeabi_dmul                             0x080004d5   Thumb Code   228  dmul.o(.text)
    __aeabi_ddiv                             0x080005bf   Thumb Code   222  ddiv.o(.text)
    __aeabi_d2ulz                            0x0800069d   Thumb Code    48  dfixul.o(.text)
    __aeabi_cdrcmple                         0x080006cd   Thumb Code    48  cdrcmple.o(.text)
    __scatterload                            0x080006fd   Thumb Code    28  init.o(.text)
    __scatterload_rt2                        0x080006fd   Thumb Code     0  init.o(.text)
    __aeabi_lasr                             0x08000721   Thumb Code    36  llsshr.o(.text)
    _ll_sshift_r                             0x08000721   Thumb Code     0  llsshr.o(.text)
    _double_round                            0x08000745   Thumb Code    30  depilogue.o(.text)
    _double_epilogue                         0x08000763   Thumb Code   156  depilogue.o(.text)
    BusFault_Handler                         0x08000801   Thumb Code     2  stm32l4xx_it.o(.text.BusFault_Handler)
    DMA1_Channel5_IRQHandler                 0x08000805   Thumb Code    16  stm32l4xx_it.o(.text.DMA1_Channel5_IRQHandler)
    DebugMon_Handler                         0x08000815   Thumb Code     2  stm32l4xx_it.o(.text.DebugMon_Handler)
    Error_Handler                            0x08000819   Thumb Code    10  main.o(.text.Error_Handler)
    HAL_DMA_Abort                            0x08000825   Thumb Code    76  stm32l4xx_hal_dma.o(.text.HAL_DMA_Abort)
    HAL_DMA_Abort_IT                         0x08000871   Thumb Code    88  stm32l4xx_hal_dma.o(.text.HAL_DMA_Abort_IT)
    HAL_DMA_IRQHandler                       0x080008c9   Thumb Code   188  stm32l4xx_hal_dma.o(.text.HAL_DMA_IRQHandler)
    HAL_DMA_Init                             0x08000985   Thumb Code   210  stm32l4xx_hal_dma.o(.text.HAL_DMA_Init)
    HAL_Delay                                0x08000a59   Thumb Code    40  stm32l4xx_hal.o(.text.HAL_Delay)
    HAL_GPIO_Init                            0x08000a81   Thumb Code   434  stm32l4xx_hal_gpio.o(.text.HAL_GPIO_Init)
    HAL_GPIO_WritePin                        0x08000c39   Thumb Code    12  stm32l4xx_hal_gpio.o(.text.HAL_GPIO_WritePin)
    HAL_GetTick                              0x08000c45   Thumb Code    12  stm32l4xx_hal.o(.text.HAL_GetTick)
    HAL_IncTick                              0x08000c51   Thumb Code    26  stm32l4xx_hal.o(.text.HAL_IncTick)
    HAL_Init                                 0x08000c6d   Thumb Code    30  stm32l4xx_hal.o(.text.HAL_Init)
    HAL_InitTick                             0x08000c8d   Thumb Code   172  stm32l4xx_hal_timebase_tim.o(.text.HAL_InitTick)
    HAL_MspInit                              0x08000d39   Thumb Code    50  stm32l4xx_hal_msp.o(.text.HAL_MspInit)
    HAL_NVIC_EnableIRQ                       0x08000d6d   Thumb Code     8  stm32l4xx_hal_cortex.o(.text.HAL_NVIC_EnableIRQ)
    HAL_NVIC_SetPriority                     0x08000d75   Thumb Code    30  stm32l4xx_hal_cortex.o(.text.HAL_NVIC_SetPriority)
    HAL_NVIC_SetPriorityGrouping             0x08000d95   Thumb Code     8  stm32l4xx_hal_cortex.o(.text.HAL_NVIC_SetPriorityGrouping)
    HAL_PWREx_ControlVoltageScaling          0x08000d9d   Thumb Code   118  stm32l4xx_hal_pwr_ex.o(.text.HAL_PWREx_ControlVoltageScaling)
    HAL_PWREx_GetVoltageRange                0x08000e15   Thumb Code    16  stm32l4xx_hal_pwr_ex.o(.text.HAL_PWREx_GetVoltageRange)
    HAL_RCCEx_PeriphCLKConfig                0x08000e25   Thumb Code   896  stm32l4xx_hal_rcc_ex.o(.text.HAL_RCCEx_PeriphCLKConfig)
    HAL_RCC_ClockConfig                      0x080011a5   Thumb Code   400  stm32l4xx_hal_rcc.o(.text.HAL_RCC_ClockConfig)
    HAL_RCC_GetClockConfig                   0x08001335   Thumb Code    66  stm32l4xx_hal_rcc.o(.text.HAL_RCC_GetClockConfig)
    HAL_RCC_GetHCLKFreq                      0x08001379   Thumb Code    12  stm32l4xx_hal_rcc.o(.text.HAL_RCC_GetHCLKFreq)
    HAL_RCC_GetPCLK1Freq                     0x08001385   Thumb Code    38  stm32l4xx_hal_rcc.o(.text.HAL_RCC_GetPCLK1Freq)
    HAL_RCC_GetPCLK2Freq                     0x080013ad   Thumb Code    38  stm32l4xx_hal_rcc.o(.text.HAL_RCC_GetPCLK2Freq)
    HAL_RCC_GetSysClockFreq                  0x080013d5   Thumb Code   192  stm32l4xx_hal_rcc.o(.text.HAL_RCC_GetSysClockFreq)
    HAL_RCC_OscConfig                        0x08001495   Thumb Code  1420  stm32l4xx_hal_rcc.o(.text.HAL_RCC_OscConfig)
    HAL_SPI_Init                             0x08001a21   Thumb Code   218  stm32l4xx_hal_spi.o(.text.HAL_SPI_Init)
    HAL_SPI_MspInit                          0x08001afd   Thumb Code   110  spi.o(.text.HAL_SPI_MspInit)
    HAL_SPI_Transmit                         0x08001b6d   Thumb Code   456  stm32l4xx_hal_spi.o(.text.HAL_SPI_Transmit)
    HAL_TIMEx_Break2Callback                 0x08001d35   Thumb Code     2  stm32l4xx_hal_tim_ex.o(.text.HAL_TIMEx_Break2Callback)
    HAL_TIMEx_BreakCallback                  0x08001d39   Thumb Code     2  stm32l4xx_hal_tim_ex.o(.text.HAL_TIMEx_BreakCallback)
    HAL_TIMEx_CommutCallback                 0x08001d3d   Thumb Code     2  stm32l4xx_hal_tim_ex.o(.text.HAL_TIMEx_CommutCallback)
    HAL_TIMEx_MasterConfigSynchronization    0x08001d41   Thumb Code   194  stm32l4xx_hal_tim_ex.o(.text.HAL_TIMEx_MasterConfigSynchronization)
    HAL_TIM_Base_Init                        0x08001e05   Thumb Code    98  stm32l4xx_hal_tim.o(.text.HAL_TIM_Base_Init)
    HAL_TIM_Base_MspInit                     0x08001e69   Thumb Code    68  tim.o(.text.HAL_TIM_Base_MspInit)
    HAL_TIM_Base_Start_IT                    0x08001ead   Thumb Code   176  stm32l4xx_hal_tim.o(.text.HAL_TIM_Base_Start_IT)
    HAL_TIM_IC_CaptureCallback               0x08001f5d   Thumb Code     2  stm32l4xx_hal_tim.o(.text.HAL_TIM_IC_CaptureCallback)
    HAL_TIM_IRQHandler                       0x08001f61   Thumb Code   346  stm32l4xx_hal_tim.o(.text.HAL_TIM_IRQHandler)
    HAL_TIM_OC_DelayElapsedCallback          0x080020bd   Thumb Code     2  stm32l4xx_hal_tim.o(.text.HAL_TIM_OC_DelayElapsedCallback)
    HAL_TIM_PWM_PulseFinishedCallback        0x080020c1   Thumb Code     2  stm32l4xx_hal_tim.o(.text.HAL_TIM_PWM_PulseFinishedCallback)
    HAL_TIM_PeriodElapsedCallback            0x080020c5   Thumb Code    22  main.o(.text.HAL_TIM_PeriodElapsedCallback)
    HAL_TIM_TriggerCallback                  0x080020dd   Thumb Code     2  stm32l4xx_hal_tim.o(.text.HAL_TIM_TriggerCallback)
    HAL_UARTEx_RxEventCallback               0x080020e1   Thumb Code     2  stm32l4xx_hal_uart.o(.text.HAL_UARTEx_RxEventCallback)
    HAL_UARTEx_WakeupCallback                0x080020e5   Thumb Code     2  stm32l4xx_hal_uart_ex.o(.text.HAL_UARTEx_WakeupCallback)
    HAL_UART_ErrorCallback                   0x080020e9   Thumb Code     2  stm32l4xx_hal_uart.o(.text.HAL_UART_ErrorCallback)
    HAL_UART_IRQHandler                      0x080020ed   Thumb Code   714  stm32l4xx_hal_uart.o(.text.HAL_UART_IRQHandler)
    HAL_UART_Init                            0x080023b9   Thumb Code    94  stm32l4xx_hal_uart.o(.text.HAL_UART_Init)
    HAL_UART_MspInit                         0x08002419   Thumb Code   212  usart.o(.text.HAL_UART_MspInit)
    HAL_UART_TxCpltCallback                  0x080024ed   Thumb Code     2  stm32l4xx_hal_uart.o(.text.HAL_UART_TxCpltCallback)
    HardFault_Handler                        0x080024f1   Thumb Code     2  stm32l4xx_it.o(.text.HardFault_Handler)
    LCD_Address_Set                          0x080024f5   Thumb Code    66  lcd_init.o(.text.LCD_Address_Set)
    LCD_DrawRGB565Buffer                     0x08002539   Thumb Code   132  lcd_init.o(.text.LCD_DrawRGB565Buffer)
    LCD_Init                                 0x080025bd   Thumb Code  1590  lcd_init.o(.text.LCD_Init)
    LCD_WR_Bus                               0x08002bf5   Thumb Code    60  lcd_init.o(.text.LCD_WR_Bus)
    LCD_WR_DATA                              0x08002c31   Thumb Code    46  lcd_init.o(.text.LCD_WR_DATA)
    LCD_WR_DATA8                             0x08002c61   Thumb Code    40  lcd_init.o(.text.LCD_WR_DATA8)
    LCD_WR_REG                               0x08002c89   Thumb Code    40  lcd_init.o(.text.LCD_WR_REG)
    MX_DMA_Init                              0x08002cb1   Thumb Code    50  dma.o(.text.MX_DMA_Init)
    MX_FREERTOS_Init                         0x08002ce5   Thumb Code    16  app_freertos.o(.text.MX_FREERTOS_Init)
    MX_GPIO_Init                             0x08002cf5   Thumb Code   326  gpio.o(.text.MX_GPIO_Init)
    MX_SPI1_Init                             0x08002e41   Thumb Code    82  spi.o(.text.MX_SPI1_Init)
    MX_TIM6_Init                             0x08002e95   Thumb Code    86  tim.o(.text.MX_TIM6_Init)
    MX_USART1_UART_Init                      0x08002eed   Thumb Code    60  usart.o(.text.MX_USART1_UART_Init)
    MemManage_Handler                        0x08002f29   Thumb Code     2  stm32l4xx_it.o(.text.MemManage_Handler)
    NMI_Handler                              0x08002f2d   Thumb Code     2  stm32l4xx_it.o(.text.NMI_Handler)
    PendSV_Handler                           0x08002f61   Thumb Code   100  port.o(.text.PendSV_Handler)
    SVC_Handler                              0x08003551   Thumb Code    36  port.o(.text.SVC_Handler)
    SysTick_Handler                          0x08003581   Thumb Code    46  port.o(.text.SysTick_Handler)
    SystemClock_Config                       0x080035b1   Thumb Code   108  main.o(.text.SystemClock_Config)
    SystemInit                               0x0800361d   Thumb Code    18  system_stm32l4xx.o(.text.SystemInit)
    TIM6_DAC_IRQHandler                      0x08003631   Thumb Code    16  stm32l4xx_it.o(.text.TIM6_DAC_IRQHandler)
    TIM7_IRQHandler                          0x08003641   Thumb Code    16  stm32l4xx_it.o(.text.TIM7_IRQHandler)
    TIM_Base_SetConfig                       0x08003651   Thumb Code   302  stm32l4xx_hal_tim.o(.text.TIM_Base_SetConfig)
    UART_AdvFeatureConfig                    0x08003781   Thumb Code   230  stm32l4xx_hal_uart.o(.text.UART_AdvFeatureConfig)
    UART_CheckIdleState                      0x08003869   Thumb Code   186  stm32l4xx_hal_uart.o(.text.UART_CheckIdleState)
    UART_SetConfig                           0x080039ad   Thumb Code   596  stm32l4xx_hal_uart.o(.text.UART_SetConfig)
    UART_WaitOnFlagUntilTimeout              0x08003c21   Thumb Code   194  stm32l4xx_hal_uart.o(.text.UART_WaitOnFlagUntilTimeout)
    UI_AnimationScheduler_Init               0x08003ce5   Thumb Code    32  ui_animation.o(.text.UI_AnimationScheduler_Init)
    UI_AnimationScheduler_Update             0x08003d05   Thumb Code   210  ui_animation.o(.text.UI_AnimationScheduler_Update)
    UI_App_Init                              0x08004271   Thumb Code    22  ui_app.o(.text.UI_App_Init)
    UI_DirtyRegion_Init                      0x0800429d   Thumb Code    30  ui_dirty_region.o(.text.UI_DirtyRegion_Init)
    UI_DirtyRegion_Invalidate                0x080042bd   Thumb Code   124  ui_dirty_region.o(.text.UI_DirtyRegion_Invalidate)
    UI_FocusEngine_Init                      0x08004415   Thumb Code    24  ui_focus_engine.o(.text.UI_FocusEngine_Init)
    UI_FocusEngine_SetRoot                   0x08004459   Thumb Code    22  ui_focus_engine.o(.text.UI_FocusEngine_SetRoot)
    UI_MessageBus_Init                       0x08004471   Thumb Code    66  ui_message_bus.o(.text.UI_MessageBus_Init)
    UI_MessageBus_Receive                    0x080044b5   Thumb Code    40  ui_message_bus.o(.text.UI_MessageBus_Receive)
    UI_Navigation_GetActive                  0x080044dd   Thumb Code    24  ui_navigation.o(.text.UI_Navigation_GetActive)
    UI_Navigation_Init                       0x080044f5   Thumb Code    28  ui_navigation.o(.text.UI_Navigation_Init)
    UI_Navigation_Push                       0x08004511   Thumb Code    88  ui_navigation.o(.text.UI_Navigation_Push)
    UI_PageManager_DrawActivePage            0x08004569   Thumb Code    22  ui_page_manager.o(.text.UI_PageManager_DrawActivePage)
    UI_PageManager_HandleMessage             0x08004581   Thumb Code    24  ui_page_manager.o(.text.UI_PageManager_HandleMessage)
    UI_PageManager_Init                      0x08004599   Thumb Code    22  ui_page_manager.o(.text.UI_PageManager_Init)
    UI_PageManager_OpenRoot                  0x080045b1   Thumb Code    38  ui_page_manager.o(.text.UI_PageManager_OpenRoot)
    UI_PageManager_ProcessActivePage         0x080045d9   Thumb Code    22  ui_page_manager.o(.text.UI_PageManager_ProcessActivePage)
    UI_PropertyStore_GetFrontInt             0x0800466d   Thumb Code    22  ui_property_store.o(.text.UI_PropertyStore_GetFrontInt)
    UI_PropertyStore_GetFrontString          0x08004685   Thumb Code    22  ui_property_store.o(.text.UI_PropertyStore_GetFrontString)
    UI_PropertyStore_Init                    0x0800469d   Thumb Code    36  ui_property_store.o(.text.UI_PropertyStore_Init)
    UI_PropertyStore_SetInt                  0x080046c1   Thumb Code    28  ui_property_store.o(.text.UI_PropertyStore_SetInt)
    UI_PropertyStore_SetString               0x080046dd   Thumb Code    50  ui_property_store.o(.text.UI_PropertyStore_SetString)
    UI_PropertyStore_SyncFront               0x08004711   Thumb Code    84  ui_property_store.o(.text.UI_PropertyStore_SyncFront)
    UI_RendererAdapter_BeginFrame            0x080047b1   Thumb Code    14  ui_renderer_adapter.o(.text.UI_RendererAdapter_BeginFrame)
    UI_RendererAdapter_DrawFillRect          0x08004c1d   Thumb Code   108  ui_renderer_adapter.o(.text.UI_RendererAdapter_DrawFillRect)
    UI_RendererAdapter_DrawLine              0x08004c89   Thumb Code   114  ui_renderer_adapter.o(.text.UI_RendererAdapter_DrawLine)
    UI_RendererAdapter_DrawRect              0x08004cfd   Thumb Code   120  ui_renderer_adapter.o(.text.UI_RendererAdapter_DrawRect)
    UI_RendererAdapter_DrawText              0x08004d75   Thumb Code   110  ui_renderer_adapter.o(.text.UI_RendererAdapter_DrawText)
    UI_RendererAdapter_EndFrame              0x08004de5   Thumb Code   200  ui_renderer_adapter.o(.text.UI_RendererAdapter_EndFrame)
    UI_RendererAdapter_GetHeight             0x08004ed1   Thumb Code     4  ui_renderer_adapter.o(.text.UI_RendererAdapter_GetHeight)
    UI_RendererAdapter_GetWidth              0x08004ed5   Thumb Code     6  ui_renderer_adapter.o(.text.UI_RendererAdapter_GetWidth)
    UI_RendererAdapter_Init                  0x08004edd   Thumb Code     8  ui_renderer_adapter.o(.text.UI_RendererAdapter_Init)
    UI_RendererAdapter_RGB565                0x08004f35   Thumb Code    20  ui_renderer_adapter.o(.text.UI_RendererAdapter_RGB565)
    UI_Task_Create                           0x08004f49   Thumb Code   120  ui_task.o(.text.UI_Task_Create)
    USART1_IRQHandler                        0x08005011   Thumb Code    16  stm32l4xx_it.o(.text.USART1_IRQHandler)
    UsageFault_Handler                       0x08005021   Thumb Code     2  stm32l4xx_it.o(.text.UsageFault_Handler)
    egui_api_assert                          0x08005099   Thumb Code     8  ui_egui_runtime.o(.text.egui_api_assert)
    egui_api_free                            0x080050a1   Thumb Code     2  ui_egui_runtime.o(.text.egui_api_free)
    egui_api_malloc                          0x080050a5   Thumb Code     4  ui_egui_runtime.o(.text.egui_api_malloc)
    egui_canvas_calc_work_region             0x08005115   Thumb Code    54  egui_canvas.o(.text.egui_canvas_calc_work_region)
    egui_canvas_draw_fillrect                0x0800514d   Thumb Code   144  egui_canvas.o(.text.egui_canvas_draw_fillrect)
    egui_canvas_draw_line                    0x080051dd   Thumb Code   726  egui_canvas_line.o(.text.egui_canvas_draw_line)
    egui_canvas_draw_point                   0x080054b9   Thumb Code    98  egui_canvas.o(.text.egui_canvas_draw_point)
    egui_canvas_draw_rectangle               0x0800551d   Thumb Code   188  egui_canvas.o(.text.egui_canvas_draw_rectangle)
    egui_canvas_draw_rectangle_fill          0x080055e1   Thumb Code    40  egui_canvas.o(.text.egui_canvas_draw_rectangle_fill)
    egui_canvas_draw_text                    0x08005609   Thumb Code    36  egui_canvas.o(.text.egui_canvas_draw_text)
    egui_canvas_fill_color_buffer            0x08005a8d   Thumb Code    70  egui_canvas.o(.text.egui_canvas_fill_color_buffer)
    egui_canvas_init                         0x08005ad9   Thumb Code    20  egui_canvas.o(.text.egui_canvas_init)
    egui_font_get_utf8_code                  0x08005cbd   Thumb Code   104  egui_font.o(.text.egui_font_get_utf8_code)
    egui_font_std_draw_string                0x0800614d   Thumb Code   308  egui_font_std.o(.text.egui_font_std_draw_string)
    egui_font_std_get_str_size               0x08006389   Thumb Code   200  egui_font_std.o(.text.egui_font_std_get_str_size)
    egui_free                                0x080064b5   Thumb Code     8  egui_common.o(.text.egui_free)
    egui_malloc                              0x080064bd   Thumb Code     8  egui_common.o(.text.egui_malloc)
    egui_region_copy                         0x080064c5   Thumb Code    20  egui_region.o(.text.egui_region_copy)
    main                                     0x080066c1   Thumb Code    40  main.o(.text.main)
    pvTaskIncrementMutexHeldCount            0x08006b89   Thumb Code    24  tasks.o(.text.pvTaskIncrementMutexHeldCount)
    pxPortInitialiseStack                    0x08006ba1   Thumb Code    40  port.o(.text.pxPortInitialiseStack)
    uxListRemove                             0x08006bc9   Thumb Code    34  list.o(.text.uxListRemove)
    vApplicationGetIdleTaskMemory            0x08006bed   Thumb Code    26  app_freertos.o(.text.vApplicationGetIdleTaskMemory)
    vApplicationStackOverflowHook            0x08006c09   Thumb Code    18  app_freertos.o(.text.vApplicationStackOverflowHook)
    vListInitialise                          0x08006c1d   Thumb Code    22  list.o(.text.vListInitialise)
    vListInitialiseItem                      0x08006c35   Thumb Code     6  list.o(.text.vListInitialiseItem)
    vListInsert                              0x08006c3d   Thumb Code    58  list.o(.text.vListInsert)
    vListInsertEnd                           0x08006c79   Thumb Code    28  list.o(.text.vListInsertEnd)
    vPortEnterCritical                       0x08006ca9   Thumb Code    58  port.o(.text.vPortEnterCritical)
    vPortExitCritical                        0x08006ce5   Thumb Code    38  port.o(.text.vPortExitCritical)
    vPortFree                                0x08006d0d   Thumb Code   104  heap_4.o(.text.vPortFree)
    vPortSetupTimerInterrupt                 0x08006d75   Thumb Code    46  port.o(.text.vPortSetupTimerInterrupt)
    vTaskDelayUntil                          0x08006da5   Thumb Code   132  tasks.o(.text.vTaskDelayUntil)
    vTaskMissedYield                         0x08006e29   Thumb Code    14  tasks.o(.text.vTaskMissedYield)
    vTaskPlaceOnEventList                    0x08006e39   Thumb Code    42  tasks.o(.text.vTaskPlaceOnEventList)
    vTaskPriorityInherit                     0x08006e65   Thumb Code   154  tasks.o(.text.vTaskPriorityInherit)
    vTaskSetTimeOutState                     0x08006f01   Thumb Code    38  tasks.o(.text.vTaskSetTimeOutState)
    vTaskStartScheduler                      0x08006f29   Thumb Code   120  tasks.o(.text.vTaskStartScheduler)
    vTaskSuspendAll                          0x08006fa9   Thumb Code    16  tasks.o(.text.vTaskSuspendAll)
    vTaskSwitchContext                       0x08006fb9   Thumb Code   170  tasks.o(.text.vTaskSwitchContext)
    xPortStartScheduler                      0x08007065   Thumb Code   218  port.o(.text.xPortStartScheduler)
    xQueueGenericCreateStatic                0x08007141   Thumb Code    86  queue.o(.text.xQueueGenericCreateStatic)
    xQueueGenericReceive                     0x08007199   Thumb Code   440  queue.o(.text.xQueueGenericReceive)
    xQueueGenericReset                       0x08007359   Thumb Code   118  queue.o(.text.xQueueGenericReset)
    xTaskCheckForTimeOut                     0x080073d1   Thumb Code   108  tasks.o(.text.xTaskCheckForTimeOut)
    xTaskCreateStatic                        0x0800743d   Thumb Code    66  tasks.o(.text.xTaskCreateStatic)
    xTaskGetSchedulerState                   0x08007481   Thumb Code    38  tasks.o(.text.xTaskGetSchedulerState)
    xTaskGetTickCount                        0x080074a9   Thumb Code    12  tasks.o(.text.xTaskGetTickCount)
    xTaskIncrementTick                       0x080074b5   Thumb Code   344  tasks.o(.text.xTaskIncrementTick)
    xTaskRemoveFromEventList                 0x08007615   Thumb Code   136  tasks.o(.text.xTaskRemoveFromEventList)
    xTaskResumeAll                           0x0800769d   Thumb Code   268  tasks.o(.text.xTaskResumeAll)
    __0snprintf                              0x080077b1   Thumb Code    48  printfa.o(i.__0snprintf)
    __1snprintf                              0x080077b1   Thumb Code     0  printfa.o(i.__0snprintf)
    __2snprintf                              0x080077b1   Thumb Code     0  printfa.o(i.__0snprintf)
    __c89snprintf                            0x080077b1   Thumb Code     0  printfa.o(i.__0snprintf)
    snprintf                                 0x080077b1   Thumb Code     0  printfa.o(i.__0snprintf)
    __scatterload_copy                       0x080077e5   Thumb Code    14  handlers.o(i.__scatterload_copy)
    __scatterload_null                       0x080077f3   Thumb Code     2  handlers.o(i.__scatterload_null)
    __scatterload_zeroinit                   0x080077f5   Thumb Code    14  handlers.o(i.__scatterload_zeroinit)
    AHBPrescTable                            0x080080da   Data          16  system_stm32l4xx.o(.rodata.AHBPrescTable)
    APBPrescTable                            0x080080ea   Data           8  system_stm32l4xx.o(.rodata.APBPrescTable)
    MSIRangeTable                            0x080080f4   Data          48  system_stm32l4xx.o(.rodata.MSIRangeTable)
    egui_alpha_change_table_4                0x08008124   Data          16  egui_common.o(.rodata.egui_alpha_change_table_4)
    egui_font_std_t_api_table                0x08008134   Data           8  egui_font_std.o(.rodata.egui_font_std_t_api_table)
    egui_res_font_montserrat_12_4            0x0800813c   Data           8  egui_res_font_montserrat_12_4.o(.rodata.egui_res_font_montserrat_12_4)
    Region$$Table$$Base                      0x08009460   Number         0  anon$$obj.o(Region$$Table)
    Region$$Table$$Limit                     0x08009480   Number         0  anon$$obj.o(Region$$Table)
    SystemCoreClock                          0x20000000   Data           4  system_stm32l4xx.o(.data.SystemCoreClock)
    uwTickFreq                               0x2000003c   Data           1  stm32l4xx_hal.o(.data.uwTickFreq)
    uwTickPrio                               0x20000040   Data           4  stm32l4xx_hal.o(.data.uwTickPrio)
    hdma_usart1_rx                           0x20005f28   Data          72  usart.o(.bss.hdma_usart1_rx)
    hspi1                                    0x20005f70   Data         100  spi.o(.bss.hspi1)
    htim6                                    0x20005fd4   Data          76  tim.o(.bss.htim6)
    htim7                                    0x20006020   Data          76  stm32l4xx_hal_timebase_tim.o(.bss.htim7)
    huart1                                   0x2000606c   Data         136  usart.o(.bss.huart1)
    pxCurrentTCB                             0x200060f4   Data           4  tasks.o(.bss.pxCurrentTCB)
    uwTick                                   0x20006198   Data           4  stm32l4xx_hal.o(.bss.uwTick)
    __initial_sp                             0x20006c98   Data           0  startup_stm32l471xx.o(STACK)



==============================================================================

Memory Map of the image

  Image Entry point : 0x08000189

  Load Region LR_IROM1 (Base: 0x08000000, Size: 0x000094c8, Max: 0x00100000, ABSOLUTE)

    Execution Region ER_IROM1 (Exec base: 0x08000000, Load base: 0x08000000, Size: 0x00009480, Max: 0x00100000, ABSOLUTE)

    Exec Addr    Load Addr    Size         Type   Attr      Idx    E Section Name        Object

    0x08000000   0x08000000   0x00000188   Data   RO            3    RESET               startup_stm32l471xx.o
    0x08000188   0x08000188   0x00000000   Code   RO         2384  * .ARM.Collect$$$$00000000  mc_w.l(entry.o)
    0x08000188   0x08000188   0x00000004   Code   RO         2664    .ARM.Collect$$$$00000001  mc_w.l(entry2.o)
    0x0800018c   0x0800018c   0x00000004   Code   RO         2667    .ARM.Collect$$$$00000004  mc_w.l(entry5.o)
    0x08000190   0x08000190   0x00000000   Code   RO         2669    .ARM.Collect$$$$00000008  mc_w.l(entry7b.o)
    0x08000190   0x08000190   0x00000000   Code   RO         2671    .ARM.Collect$$$$0000000A  mc_w.l(entry8b.o)
    0x08000190   0x08000190   0x00000008   Code   RO         2672    .ARM.Collect$$$$0000000B  mc_w.l(entry9a.o)
    0x08000198   0x08000198   0x00000000   Code   RO         2674    .ARM.Collect$$$$0000000D  mc_w.l(entry10a.o)
    0x08000198   0x08000198   0x00000000   Code   RO         2676    .ARM.Collect$$$$0000000F  mc_w.l(entry11a.o)
    0x08000198   0x08000198   0x00000004   Code   RO         2665    .ARM.Collect$$$$00002712  mc_w.l(entry2.o)
    0x0800019c   0x0800019c   0x00000024   Code   RO            4    .text               startup_stm32l471xx.o
    0x080001c0   0x080001c0   0x00000068   Code   RO         2387    .text               mc_w.l(uldiv.o)
    0x08000228   0x08000228   0x00000062   Code   RO         2389    .text               mc_w.l(ldiv.o)
    0x0800028a   0x0800028a   0x00000024   Code   RO         2391    .text               mc_w.l(memcpya.o)
    0x080002ae   0x080002ae   0x00000024   Code   RO         2393    .text               mc_w.l(memseta.o)
    0x080002d2   0x080002d2   0x00000018   Code   RO         2395    .text               mc_w.l(strncpy.o)
    0x080002ea   0x080002ea   0x00000014   Code   RO         2397    .text               mc_w.l(strchr.o)
    0x080002fe   0x080002fe   0x0000000e   Code   RO         2399    .text               mc_w.l(strlen.o)
    0x0800030c   0x0800030c   0x0000002c   Code   RO         2692    .text               mc_w.l(uidiv.o)
    0x08000338   0x08000338   0x0000001e   Code   RO         2694    .text               mc_w.l(llshl.o)
    0x08000356   0x08000356   0x00000020   Code   RO         2696    .text               mc_w.l(llushr.o)
    0x08000376   0x08000376   0x00000000   Code   RO         2698    .text               mc_w.l(iusefp.o)
    0x08000376   0x08000376   0x0000015e   Code   RO         2699    .text               mf_w.l(dadd.o)
    0x080004d4   0x080004d4   0x000000ea   Code   RO         2701    .text               mf_w.l(dmul.o)
    0x080005be   0x080005be   0x000000de   Code   RO         2703    .text               mf_w.l(ddiv.o)
    0x0800069c   0x0800069c   0x00000030   Code   RO         2705    .text               mf_w.l(dfixul.o)
    0x080006cc   0x080006cc   0x00000030   Code   RO         2707    .text               mf_w.l(cdrcmple.o)
    0x080006fc   0x080006fc   0x00000024   Code   RO         2709    .text               mc_w.l(init.o)
    0x08000720   0x08000720   0x00000024   Code   RO         2712    .text               mc_w.l(llsshr.o)
    0x08000744   0x08000744   0x000000ba   Code   RO         2715    .text               mf_w.l(depilogue.o)
    0x080007fe   0x080007fe   0x00000002   PAD
    0x08000800   0x08000800   0x00000002   Code   RO           98    .text.BusFault_Handler  stm32l4xx_it.o
    0x08000802   0x08000802   0x00000002   PAD
    0x08000804   0x08000804   0x00000010   Code   RO          104    .text.DMA1_Channel5_IRQHandler  stm32l4xx_it.o
    0x08000814   0x08000814   0x00000002   Code   RO          102    .text.DebugMon_Handler  stm32l4xx_it.o
    0x08000816   0x08000816   0x00000002   PAD
    0x08000818   0x08000818   0x0000000a   Code   RO           15    .text.Error_Handler  main.o
    0x08000822   0x08000822   0x00000002   PAD
    0x08000824   0x08000824   0x0000004c   Code   RO          928    .text.HAL_DMA_Abort  stm32l4xx_hal_dma.o
    0x08000870   0x08000870   0x00000058   Code   RO          930    .text.HAL_DMA_Abort_IT  stm32l4xx_hal_dma.o
    0x080008c8   0x080008c8   0x000000bc   Code   RO          934    .text.HAL_DMA_IRQHandler  stm32l4xx_hal_dma.o
    0x08000984   0x08000984   0x000000d2   Code   RO          918    .text.HAL_DMA_Init  stm32l4xx_hal_dma.o
    0x08000a56   0x08000a56   0x00000002   PAD
    0x08000a58   0x08000a58   0x00000028   Code   RO          657    .text.HAL_Delay     stm32l4xx_hal.o
    0x08000a80   0x08000a80   0x000001b8   Code   RO          892    .text.HAL_GPIO_Init  stm32l4xx_hal_gpio.o
    0x08000c38   0x08000c38   0x0000000c   Code   RO          898    .text.HAL_GPIO_WritePin  stm32l4xx_hal_gpio.o
    0x08000c44   0x08000c44   0x0000000c   Code   RO          649    .text.HAL_GetTick   stm32l4xx_hal.o
    0x08000c50   0x08000c50   0x0000001a   Code   RO          647    .text.HAL_IncTick   stm32l4xx_hal.o
    0x08000c6a   0x08000c6a   0x00000002   PAD
    0x08000c6c   0x08000c6c   0x0000001e   Code   RO          637    .text.HAL_Init      stm32l4xx_hal.o
    0x08000c8a   0x08000c8a   0x00000002   PAD
    0x08000c8c   0x08000c8c   0x000000ac   Code   RO          127    .text.HAL_InitTick  stm32l4xx_hal_timebase_tim.o
    0x08000d38   0x08000d38   0x00000032   Code   RO          119    .text.HAL_MspInit   stm32l4xx_hal_msp.o
    0x08000d6a   0x08000d6a   0x00000002   PAD
    0x08000d6c   0x08000d6c   0x00000008   Code   RO         1081    .text.HAL_NVIC_EnableIRQ  stm32l4xx_hal_cortex.o
    0x08000d74   0x08000d74   0x0000001e   Code   RO         1073    .text.HAL_NVIC_SetPriority  stm32l4xx_hal_cortex.o
    0x08000d92   0x08000d92   0x00000002   PAD
    0x08000d94   0x08000d94   0x00000008   Code   RO         1069    .text.HAL_NVIC_SetPriorityGrouping  stm32l4xx_hal_cortex.o
    0x08000d9c   0x08000d9c   0x00000076   Code   RO          995    .text.HAL_PWREx_ControlVoltageScaling  stm32l4xx_hal_pwr_ex.o
    0x08000e12   0x08000e12   0x00000002   PAD
    0x08000e14   0x08000e14   0x00000010   Code   RO          993    .text.HAL_PWREx_GetVoltageRange  stm32l4xx_hal_pwr_ex.o
    0x08000e24   0x08000e24   0x00000380   Code   RO          756    .text.HAL_RCCEx_PeriphCLKConfig  stm32l4xx_hal_rcc_ex.o
    0x080011a4   0x080011a4   0x00000190   Code   RO          726    .text.HAL_RCC_ClockConfig  stm32l4xx_hal_rcc.o
    0x08001334   0x08001334   0x00000042   Code   RO          738    .text.HAL_RCC_GetClockConfig  stm32l4xx_hal_rcc.o
    0x08001376   0x08001376   0x00000002   PAD
    0x08001378   0x08001378   0x0000000c   Code   RO          730    .text.HAL_RCC_GetHCLKFreq  stm32l4xx_hal_rcc.o
    0x08001384   0x08001384   0x00000026   Code   RO          732    .text.HAL_RCC_GetPCLK1Freq  stm32l4xx_hal_rcc.o
    0x080013aa   0x080013aa   0x00000002   PAD
    0x080013ac   0x080013ac   0x00000026   Code   RO          734    .text.HAL_RCC_GetPCLK2Freq  stm32l4xx_hal_rcc.o
    0x080013d2   0x080013d2   0x00000002   PAD
    0x080013d4   0x080013d4   0x000000c0   Code   RO          724    .text.HAL_RCC_GetSysClockFreq  stm32l4xx_hal_rcc.o
    0x08001494   0x08001494   0x0000058c   Code   RO          720    .text.HAL_RCC_OscConfig  stm32l4xx_hal_rcc.o
    0x08001a20   0x08001a20   0x000000da   Code   RO          508    .text.HAL_SPI_Init  stm32l4xx_hal_spi.o
    0x08001afa   0x08001afa   0x00000002   PAD
    0x08001afc   0x08001afc   0x0000006e   Code   RO           48    .text.HAL_SPI_MspInit  spi.o
    0x08001b6a   0x08001b6a   0x00000002   PAD
    0x08001b6c   0x08001b6c   0x000001c8   Code   RO          516    .text.HAL_SPI_Transmit  stm32l4xx_hal_spi.o
    0x08001d34   0x08001d34   0x00000002   Code   RO          494    .text.HAL_TIMEx_Break2Callback  stm32l4xx_hal_tim_ex.o
    0x08001d36   0x08001d36   0x00000002   PAD
    0x08001d38   0x08001d38   0x00000002   Code   RO          492    .text.HAL_TIMEx_BreakCallback  stm32l4xx_hal_tim_ex.o
    0x08001d3a   0x08001d3a   0x00000002   PAD
    0x08001d3c   0x08001d3c   0x00000002   Code   RO          488    .text.HAL_TIMEx_CommutCallback  stm32l4xx_hal_tim_ex.o
    0x08001d3e   0x08001d3e   0x00000002   PAD
    0x08001d40   0x08001d40   0x000000c2   Code   RO          478    .text.HAL_TIMEx_MasterConfigSynchronization  stm32l4xx_hal_tim_ex.o
    0x08001e02   0x08001e02   0x00000002   PAD
    0x08001e04   0x08001e04   0x00000062   Code   RO          160    .text.HAL_TIM_Base_Init  stm32l4xx_hal_tim.o
    0x08001e66   0x08001e66   0x00000002   PAD
    0x08001e68   0x08001e68   0x00000044   Code   RO           63    .text.HAL_TIM_Base_MspInit  tim.o
    0x08001eac   0x08001eac   0x000000b0   Code   RO          174    .text.HAL_TIM_Base_Start_IT  stm32l4xx_hal_tim.o
    0x08001f5c   0x08001f5c   0x00000002   Code   RO          296    .text.HAL_TIM_IC_CaptureCallback  stm32l4xx_hal_tim.o
    0x08001f5e   0x08001f5e   0x00000002   PAD
    0x08001f60   0x08001f60   0x0000015a   Code   RO          294    .text.HAL_TIM_IRQHandler  stm32l4xx_hal_tim.o
    0x080020ba   0x080020ba   0x00000002   PAD
    0x080020bc   0x080020bc   0x00000002   Code   RO          298    .text.HAL_TIM_OC_DelayElapsedCallback  stm32l4xx_hal_tim.o
    0x080020be   0x080020be   0x00000002   PAD
    0x080020c0   0x080020c0   0x00000002   Code   RO          300    .text.HAL_TIM_PWM_PulseFinishedCallback  stm32l4xx_hal_tim.o
    0x080020c2   0x080020c2   0x00000002   PAD
    0x080020c4   0x080020c4   0x00000016   Code   RO           17    .text.HAL_TIM_PeriodElapsedCallback  main.o
    0x080020da   0x080020da   0x00000002   PAD
    0x080020dc   0x080020dc   0x00000002   Code   RO          304    .text.HAL_TIM_TriggerCallback  stm32l4xx_hal_tim.o
    0x080020de   0x080020de   0x00000002   PAD
    0x080020e0   0x080020e0   0x00000002   Code   RO         1261    .text.HAL_UARTEx_RxEventCallback  stm32l4xx_hal_uart.o
    0x080020e2   0x080020e2   0x00000002   PAD
    0x080020e4   0x080020e4   0x00000002   Code   RO         1313    .text.HAL_UARTEx_WakeupCallback  stm32l4xx_hal_uart_ex.o
    0x080020e6   0x080020e6   0x00000002   PAD
    0x080020e8   0x080020e8   0x00000002   Code   RO         1259    .text.HAL_UART_ErrorCallback  stm32l4xx_hal_uart.o
    0x080020ea   0x080020ea   0x00000002   PAD
    0x080020ec   0x080020ec   0x000002ca   Code   RO         1255    .text.HAL_UART_IRQHandler  stm32l4xx_hal_uart.o
    0x080023b6   0x080023b6   0x00000002   PAD
    0x080023b8   0x080023b8   0x0000005e   Code   RO         1171    .text.HAL_UART_Init  stm32l4xx_hal_uart.o
    0x08002416   0x08002416   0x00000002   PAD
    0x08002418   0x08002418   0x000000d4   Code   RO           78    .text.HAL_UART_MspInit  usart.o
    0x080024ec   0x080024ec   0x00000002   Code   RO         1265    .text.HAL_UART_TxCpltCallback  stm32l4xx_hal_uart.o
    0x080024ee   0x080024ee   0x00000002   PAD
    0x080024f0   0x080024f0   0x00000002   Code   RO           94    .text.HardFault_Handler  stm32l4xx_it.o
    0x080024f2   0x080024f2   0x00000002   PAD
    0x080024f4   0x080024f4   0x00000042   Code   RO         1662    .text.LCD_Address_Set  lcd_init.o
    0x08002536   0x08002536   0x00000002   PAD
    0x08002538   0x08002538   0x00000084   Code   RO         1668    .text.LCD_DrawRGB565Buffer  lcd_init.o
    0x080025bc   0x080025bc   0x00000636   Code   RO         1670    .text.LCD_Init      lcd_init.o
    0x08002bf2   0x08002bf2   0x00000002   PAD
    0x08002bf4   0x08002bf4   0x0000003c   Code   RO         1652    .text.LCD_WR_Bus    lcd_init.o
    0x08002c30   0x08002c30   0x0000002e   Code   RO         1658    .text.LCD_WR_DATA   lcd_init.o
    0x08002c5e   0x08002c5e   0x00000002   PAD
    0x08002c60   0x08002c60   0x00000028   Code   RO         1656    .text.LCD_WR_DATA8  lcd_init.o
    0x08002c88   0x08002c88   0x00000028   Code   RO         1654    .text.LCD_WR_REG    lcd_init.o
    0x08002cb0   0x08002cb0   0x00000032   Code   RO           37    .text.MX_DMA_Init   dma.o
    0x08002ce2   0x08002ce2   0x00000002   PAD
    0x08002ce4   0x08002ce4   0x00000010   Code   RO          142    .text.MX_FREERTOS_Init  app_freertos.o
    0x08002cf4   0x08002cf4   0x0000014c   Code   RO           28    .text.MX_GPIO_Init  gpio.o
    0x08002e40   0x08002e40   0x00000052   Code   RO           46    .text.MX_SPI1_Init  spi.o
    0x08002e92   0x08002e92   0x00000002   PAD
    0x08002e94   0x08002e94   0x00000056   Code   RO           61    .text.MX_TIM6_Init  tim.o
    0x08002eea   0x08002eea   0x00000002   PAD
    0x08002eec   0x08002eec   0x0000003c   Code   RO           76    .text.MX_USART1_UART_Init  usart.o
    0x08002f28   0x08002f28   0x00000002   Code   RO           96    .text.MemManage_Handler  stm32l4xx_it.o
    0x08002f2a   0x08002f2a   0x00000002   PAD
    0x08002f2c   0x08002f2c   0x00000002   Code   RO           92    .text.NMI_Handler   stm32l4xx_it.o
    0x08002f2e   0x08002f2e   0x00000002   PAD
    0x08002f30   0x08002f30   0x0000002c   Code   RO         1079    .text.NVIC_EncodePriority  stm32l4xx_hal_cortex.o
    0x08002f5c   0x08002f5c   0x00000004   PAD
    0x08002f60   0x08002f60   0x0000007a   Code   RO         2368    .text.PendSV_Handler  port.o
    0x08002fda   0x08002fda   0x00000002   PAD
    0x08002fdc   0x08002fdc   0x0000018e   Code   RO          758    .text.RCCEx_PLLSAI1_Config  stm32l4xx_hal_rcc_ex.o
    0x0800316a   0x0800316a   0x00000002   PAD
    0x0800316c   0x0800316c   0x0000015e   Code   RO          760    .text.RCCEx_PLLSAI2_Config  stm32l4xx_hal_rcc_ex.o
    0x080032ca   0x080032ca   0x00000002   PAD
    0x080032cc   0x080032cc   0x0000008e   Code   RO          722    .text.RCC_SetFlashLatencyFromMSIRange  stm32l4xx_hal_rcc.o
    0x0800335a   0x0800335a   0x00000002   PAD
    0x0800335c   0x0800335c   0x00000042   Code   RO          518    .text.SPI_EndRxTxTransaction  stm32l4xx_hal_spi.o
    0x0800339e   0x0800339e   0x00000002   PAD
    0x080033a0   0x080033a0   0x000000ee   Code   RO          574    .text.SPI_WaitFifoStateUntilTimeout  stm32l4xx_hal_spi.o
    0x0800348e   0x0800348e   0x00000002   PAD
    0x08003490   0x08003490   0x000000b4   Code   RO          576    .text.SPI_WaitFlagStateUntilTimeout  stm32l4xx_hal_spi.o
    0x08003544   0x08003544   0x0000000c   PAD
    0x08003550   0x08003550   0x0000002e   Code   RO         2352    .text.SVC_Handler   port.o
    0x0800357e   0x0800357e   0x00000002   PAD
    0x08003580   0x08003580   0x0000002e   Code   RO         2370    .text.SysTick_Handler  port.o
    0x080035ae   0x080035ae   0x00000002   PAD
    0x080035b0   0x080035b0   0x0000006c   Code   RO           13    .text.SystemClock_Config  main.o
    0x0800361c   0x0800361c   0x00000012   Code   RO         1345    .text.SystemInit    system_stm32l4xx.o
    0x0800362e   0x0800362e   0x00000002   PAD
    0x08003630   0x08003630   0x00000010   Code   RO          108    .text.TIM6_DAC_IRQHandler  stm32l4xx_it.o
    0x08003640   0x08003640   0x00000010   Code   RO          110    .text.TIM7_IRQHandler  stm32l4xx_it.o
    0x08003650   0x08003650   0x0000012e   Code   RO          164    .text.TIM_Base_SetConfig  stm32l4xx_hal_tim.o
    0x0800377e   0x0800377e   0x00000002   PAD
    0x08003780   0x08003780   0x000000e6   Code   RO         1175    .text.UART_AdvFeatureConfig  stm32l4xx_hal_uart.o
    0x08003866   0x08003866   0x00000002   PAD
    0x08003868   0x08003868   0x000000ba   Code   RO         1179    .text.UART_CheckIdleState  stm32l4xx_hal_uart.o
    0x08003922   0x08003922   0x00000002   PAD
    0x08003924   0x08003924   0x0000000a   Code   RO         1257    .text.UART_DMAAbortOnError  stm32l4xx_hal_uart.o
    0x0800392e   0x0800392e   0x00000002   PAD
    0x08003930   0x08003930   0x00000052   Code   RO         1227    .text.UART_EndRxTransfer  stm32l4xx_hal_uart.o
    0x08003982   0x08003982   0x00000002   PAD
    0x08003984   0x08003984   0x00000026   Code   RO         1263    .text.UART_EndTransmit_IT  stm32l4xx_hal_uart.o
    0x080039aa   0x080039aa   0x00000002   PAD
    0x080039ac   0x080039ac   0x00000274   Code   RO         1177    .text.UART_SetConfig  stm32l4xx_hal_uart.o
    0x08003c20   0x08003c20   0x000000c2   Code   RO         1193    .text.UART_WaitOnFlagUntilTimeout  stm32l4xx_hal_uart.o
    0x08003ce2   0x08003ce2   0x00000002   PAD
    0x08003ce4   0x08003ce4   0x00000020   Code   RO         1400    .text.UI_AnimationScheduler_Init  ui_animation.o
    0x08003d04   0x08003d04   0x000000d2   Code   RO         1404    .text.UI_AnimationScheduler_Update  ui_animation.o
    0x08003dd6   0x08003dd6   0x00000002   PAD
    0x08003dd8   0x08003dd8   0x00000008   Code   RO         1383    .text.UI_App_Color  ui_app.o
    0x08003de0   0x08003de0   0x00000062   Code   RO         1385    .text.UI_App_DrawPanelFrame  ui_app.o
    0x08003e42   0x08003e42   0x00000002   PAD
    0x08003e44   0x08003e44   0x00000080   Code   RO         1365    .text.UI_App_HomeCreate  ui_app.o
    0x08003ec4   0x08003ec4   0x00000002   Code   RO         1375    .text.UI_App_HomeDestroy  ui_app.o
    0x08003ec6   0x08003ec6   0x00000002   PAD
    0x08003ec8   0x08003ec8   0x000002da   Code   RO         1371    .text.UI_App_HomeDraw  ui_app.o
    0x080041a2   0x080041a2   0x00000002   PAD
    0x080041a4   0x080041a4   0x00000008   Code   RO         1367    .text.UI_App_HomeEnter  ui_app.o
    0x080041ac   0x080041ac   0x00000002   Code   RO         1373    .text.UI_App_HomeExit  ui_app.o
    0x080041ae   0x080041ae   0x00000002   PAD
    0x080041b0   0x080041b0   0x0000002a   Code   RO         1379    .text.UI_App_HomeHandleEvent  ui_app.o
    0x080041da   0x080041da   0x00000002   PAD
    0x080041dc   0x080041dc   0x00000030   Code   RO         1377    .text.UI_App_HomeHandleMessage  ui_app.o
    0x0800420c   0x0800420c   0x0000001e   Code   RO         1381    .text.UI_App_HomeInvalidateFull  ui_app.o
    0x0800422a   0x0800422a   0x00000002   PAD
    0x0800422c   0x0800422c   0x00000042   Code   RO         1369    .text.UI_App_HomeProcess  ui_app.o
    0x0800426e   0x0800426e   0x00000002   PAD
    0x08004270   0x08004270   0x00000016   Code   RO         1361    .text.UI_App_Init   ui_app.o
    0x08004286   0x08004286   0x00000002   PAD
    0x08004288   0x08004288   0x00000012   Code   RO         1363    .text.UI_App_PageFactory  ui_app.o
    0x0800429a   0x0800429a   0x00000002   PAD
    0x0800429c   0x0800429c   0x0000001e   Code   RO         1416    .text.UI_DirtyRegion_Init  ui_dirty_region.o
    0x080042ba   0x080042ba   0x00000002   PAD
    0x080042bc   0x080042bc   0x0000007c   Code   RO         1418    .text.UI_DirtyRegion_Invalidate  ui_dirty_region.o
    0x08004338   0x08004338   0x00000052   Code   RO         1422    .text.UI_DirtyRegion_Merge  ui_dirty_region.o
    0x0800438a   0x0800438a   0x00000002   PAD
    0x0800438c   0x0800438c   0x0000005a   Code   RO         1420    .text.UI_DirtyRegion_OverlapsOrTouches  ui_dirty_region.o
    0x080043e6   0x080043e6   0x00000002   PAD
    0x080043e8   0x080043e8   0x0000002c   Code   RO         1442    .text.UI_FocusEngine_FindFirstFocusable  ui_focus_engine.o
    0x08004414   0x08004414   0x00000018   Code   RO         1436    .text.UI_FocusEngine_Init  ui_focus_engine.o
    0x0800442c   0x0800442c   0x0000002c   Code   RO         1440    .text.UI_FocusEngine_SetFocused  ui_focus_engine.o
    0x08004458   0x08004458   0x00000016   Code   RO         1438    .text.UI_FocusEngine_SetRoot  ui_focus_engine.o
    0x0800446e   0x0800446e   0x00000002   PAD
    0x08004470   0x08004470   0x00000042   Code   RO         1460    .text.UI_MessageBus_Init  ui_message_bus.o
    0x080044b2   0x080044b2   0x00000002   PAD
    0x080044b4   0x080044b4   0x00000028   Code   RO         1464    .text.UI_MessageBus_Receive  ui_message_bus.o
    0x080044dc   0x080044dc   0x00000018   Code   RO         1483    .text.UI_Navigation_GetActive  ui_navigation.o
    0x080044f4   0x080044f4   0x0000001c   Code   RO         1477    .text.UI_Navigation_Init  ui_navigation.o
    0x08004510   0x08004510   0x00000058   Code   RO         1479    .text.UI_Navigation_Push  ui_navigation.o
    0x08004568   0x08004568   0x00000016   Code   RO         1510    .text.UI_PageManager_DrawActivePage  ui_page_manager.o
    0x0800457e   0x0800457e   0x00000002   PAD
    0x08004580   0x08004580   0x00000018   Code   RO         1504    .text.UI_PageManager_HandleMessage  ui_page_manager.o
    0x08004598   0x08004598   0x00000016   Code   RO         1494    .text.UI_PageManager_Init  ui_page_manager.o
    0x080045ae   0x080045ae   0x00000002   PAD
    0x080045b0   0x080045b0   0x00000026   Code   RO         1496    .text.UI_PageManager_OpenRoot  ui_page_manager.o
    0x080045d6   0x080045d6   0x00000002   PAD
    0x080045d8   0x080045d8   0x00000016   Code   RO         1508    .text.UI_PageManager_ProcessActivePage  ui_page_manager.o
    0x080045ee   0x080045ee   0x00000002   PAD
    0x080045f0   0x080045f0   0x00000014   Code   RO         1498    .text.UI_PageManager_SyncFocusRoot  ui_page_manager.o
    0x08004604   0x08004604   0x00000024   Code   RO         1537    .text.UI_PropertyStore_FindReadableSlot  ui_property_store.o
    0x08004628   0x08004628   0x00000042   Code   RO         1529    .text.UI_PropertyStore_FindWritableSlot  ui_property_store.o
    0x0800466a   0x0800466a   0x00000002   PAD
    0x0800466c   0x0800466c   0x00000016   Code   RO         1539    .text.UI_PropertyStore_GetFrontInt  ui_property_store.o
    0x08004682   0x08004682   0x00000002   PAD
    0x08004684   0x08004684   0x00000016   Code   RO         1541    .text.UI_PropertyStore_GetFrontString  ui_property_store.o
    0x0800469a   0x0800469a   0x00000002   PAD
    0x0800469c   0x0800469c   0x00000024   Code   RO         1523    .text.UI_PropertyStore_Init  ui_property_store.o
    0x080046c0   0x080046c0   0x0000001c   Code   RO         1527    .text.UI_PropertyStore_SetInt  ui_property_store.o
    0x080046dc   0x080046dc   0x00000032   Code   RO         1533    .text.UI_PropertyStore_SetString  ui_property_store.o
    0x0800470e   0x0800470e   0x00000002   PAD
    0x08004710   0x08004710   0x00000054   Code   RO         1525    .text.UI_PropertyStore_SyncFront  ui_property_store.o
    0x08004764   0x08004764   0x0000003a   Code   RO         1575    .text.UI_RendererAdapter_AllocCommand  ui_renderer_adapter.o
    0x0800479e   0x0800479e   0x00000002   PAD
    0x080047a0   0x080047a0   0x0000000e   Code   RO         1561    .text.UI_RendererAdapter_BackgroundColor  ui_renderer_adapter.o
    0x080047ae   0x080047ae   0x00000002   PAD
    0x080047b0   0x080047b0   0x0000000e   Code   RO         1555    .text.UI_RendererAdapter_BeginFrame  ui_renderer_adapter.o
    0x080047be   0x080047be   0x00000002   PAD
    0x080047c0   0x080047c0   0x00000236   Code   RO         1585    .text.UI_RendererAdapter_ClipLine  ui_renderer_adapter.o
    0x080049f6   0x080049f6   0x00000002   PAD
    0x080049f8   0x080049f8   0x00000108   Code   RO         1579    .text.UI_RendererAdapter_ClipRect  ui_renderer_adapter.o
    0x08004b00   0x08004b00   0x0000011a   Code   RO         1563    .text.UI_RendererAdapter_DrawCommand  ui_renderer_adapter.o
    0x08004c1a   0x08004c1a   0x00000002   PAD
    0x08004c1c   0x08004c1c   0x0000006c   Code   RO         1577    .text.UI_RendererAdapter_DrawFillRect  ui_renderer_adapter.o
    0x08004c88   0x08004c88   0x00000072   Code   RO         1583    .text.UI_RendererAdapter_DrawLine  ui_renderer_adapter.o
    0x08004cfa   0x08004cfa   0x00000002   PAD
    0x08004cfc   0x08004cfc   0x00000078   Code   RO         1581    .text.UI_RendererAdapter_DrawRect  ui_renderer_adapter.o
    0x08004d74   0x08004d74   0x0000006e   Code   RO         1573    .text.UI_RendererAdapter_DrawText  ui_renderer_adapter.o
    0x08004de2   0x08004de2   0x00000002   PAD
    0x08004de4   0x08004de4   0x000000ce   Code   RO         1557    .text.UI_RendererAdapter_EndFrame  ui_renderer_adapter.o
    0x08004eb2   0x08004eb2   0x00000002   PAD
    0x08004eb4   0x08004eb4   0x0000001a   Code   RO         1559    .text.UI_RendererAdapter_FillStripe  ui_renderer_adapter.o
    0x08004ece   0x08004ece   0x00000002   PAD
    0x08004ed0   0x08004ed0   0x00000004   Code   RO         1567    .text.UI_RendererAdapter_GetHeight  ui_renderer_adapter.o
    0x08004ed4   0x08004ed4   0x00000006   Code   RO         1565    .text.UI_RendererAdapter_GetWidth  ui_renderer_adapter.o
    0x08004eda   0x08004eda   0x00000002   PAD
    0x08004edc   0x08004edc   0x00000008   Code   RO         1553    .text.UI_RendererAdapter_Init  ui_renderer_adapter.o
    0x08004ee4   0x08004ee4   0x00000040   Code   RO         1591    .text.UI_RendererAdapter_LineOutCode  ui_renderer_adapter.o
    0x08004f24   0x08004f24   0x00000008   Code   RO         1587    .text.UI_RendererAdapter_MaxInt16  ui_renderer_adapter.o
    0x08004f2c   0x08004f2c   0x00000008   Code   RO         1589    .text.UI_RendererAdapter_MinInt16  ui_renderer_adapter.o
    0x08004f34   0x08004f34   0x00000014   Code   RO         1569    .text.UI_RendererAdapter_RGB565  ui_renderer_adapter.o
    0x08004f48   0x08004f48   0x00000080   Code   RO         2096    .text.UI_Task_Create  ui_task.o
    0x08004fc8   0x08004fc8   0x00000046   Code   RO         2098    .text.UI_Task_Run   ui_task.o
    0x0800500e   0x0800500e   0x00000002   PAD
    0x08005010   0x08005010   0x00000010   Code   RO          106    .text.USART1_IRQHandler  stm32l4xx_it.o
    0x08005020   0x08005020   0x00000002   Code   RO          100    .text.UsageFault_Handler  stm32l4xx_it.o
    0x08005022   0x08005022   0x00000002   PAD
    0x08005024   0x08005024   0x00000020   Code   RO         1083    .text.__NVIC_EnableIRQ  stm32l4xx_hal_cortex.o
    0x08005044   0x08005044   0x00000010   Code   RO         1075    .text.__NVIC_GetPriorityGrouping  stm32l4xx_hal_cortex.o
    0x08005054   0x08005054   0x00000022   Code   RO         1077    .text.__NVIC_SetPriority  stm32l4xx_hal_cortex.o
    0x08005076   0x08005076   0x00000002   PAD
    0x08005078   0x08005078   0x00000020   Code   RO         1071    .text.__NVIC_SetPriorityGrouping  stm32l4xx_hal_cortex.o
    0x08005098   0x08005098   0x00000008   Code   RO         1606    .text.egui_api_assert  ui_egui_runtime.o
    0x080050a0   0x080050a0   0x00000002   Code   RO         1608    .text.egui_api_free  ui_egui_runtime.o
    0x080050a2   0x080050a2   0x00000002   PAD
    0x080050a4   0x080050a4   0x00000004   Code   RO         1610    .text.egui_api_malloc  ui_egui_runtime.o
    0x080050a8   0x080050a8   0x0000006c   Code   RO         1802    .text.egui_canvas_blend_color_buffer_alpha  egui_canvas.o
    0x08005114   0x08005114   0x00000036   Code   RO         1792    .text.egui_canvas_calc_work_region  egui_canvas.o
    0x0800514a   0x0800514a   0x00000002   PAD
    0x0800514c   0x0800514c   0x00000090   Code   RO         1694    .text.egui_canvas_draw_fillrect  egui_canvas.o
    0x080051dc   0x080051dc   0x000002dc   Code   RO         1847    .text.egui_canvas_draw_line  egui_canvas_line.o
    0x080054b8   0x080054b8   0x00000062   Code   RO         1686    .text.egui_canvas_draw_point  egui_canvas.o
    0x0800551a   0x0800551a   0x00000002   PAD
    0x0800551c   0x0800551c   0x000000c2   Code   RO         1750    .text.egui_canvas_draw_rectangle  egui_canvas.o
    0x080055de   0x080055de   0x00000002   PAD
    0x080055e0   0x080055e0   0x00000028   Code   RO         1748    .text.egui_canvas_draw_rectangle_fill  egui_canvas.o
    0x08005608   0x08005608   0x00000024   Code   RO         1778    .text.egui_canvas_draw_text  egui_canvas.o
    0x0800562c   0x0800562c   0x0000045e   Code   RO         1853    .text.egui_canvas_draw_thick_line_scan  egui_canvas_line.o
    0x08005a8a   0x08005a8a   0x00000002   PAD
    0x08005a8c   0x08005a8c   0x00000046   Code   RO         1692    .text.egui_canvas_fill_color_buffer  egui_canvas.o
    0x08005ad2   0x08005ad2   0x00000002   PAD
    0x08005ad4   0x08005ad4   0x00000004   Code   RO         1947    .text.egui_canvas_get_base_view_work_region  egui_font_std.o
    0x08005ad8   0x08005ad8   0x00000014   Code   RO         1800    .text.egui_canvas_init  egui_canvas.o
    0x08005aec   0x08005aec   0x00000022   Code   RO         1859    .text.egui_canvas_line_blend_direct  egui_canvas_line.o
    0x08005b0e   0x08005b0e   0x00000002   PAD
    0x08005b10   0x08005b10   0x0000003c   Code   RO         1857    .text.egui_canvas_line_isqrt32  egui_canvas_line.o
    0x08005b4c   0x08005b4c   0x000000ac   Code   RO         1698    .text.egui_canvas_set_rect_color  egui_canvas.o
    0x08005bf8   0x08005bf8   0x0000007c   Code   RO         1700    .text.egui_canvas_set_rect_color_with_alpha  egui_canvas.o
    0x08005c74   0x08005c74   0x00000018   Code   RO         1688    .text.egui_color_alpha_mix  egui_canvas.o
    0x08005c8c   0x08005c8c   0x00000018   Code   RO         1851    .text.egui_color_alpha_mix  egui_canvas_line.o
    0x08005ca4   0x08005ca4   0x00000018   Code   RO         1965    .text.egui_color_alpha_mix  egui_font_std.o
    0x08005cbc   0x08005cbc   0x00000098   Code   RO         1923    .text.egui_font_get_utf8_code  egui_font.o
    0x08005d54   0x08005d54   0x00000012   Code   RO         1967    .text.egui_font_get_utf8_code_fast  egui_font_std.o
    0x08005d66   0x08005d66   0x00000002   PAD
    0x08005d68   0x08005d68   0x00000010   Code   RO         1985    .text.egui_font_std_bitmap_codec_is_raw  egui_font_std.o
    0x08005d78   0x08005d78   0x000000ea   Code   RO         1989    .text.egui_font_std_draw_4  egui_font_std.o
    0x08005e62   0x08005e62   0x00000002   PAD
    0x08005e64   0x08005e64   0x00000062   Code   RO         1997    .text.egui_font_std_draw_loaded_glyph  egui_font_std.o
    0x08005ec6   0x08005ec6   0x00000002   PAD
    0x08005ec8   0x08005ec8   0x00000064   Code   RO         2001    .text.egui_font_std_draw_scratch_ensure_buffer  egui_font_std.o
    0x08005f2c   0x08005f2c   0x000000dc   Code   RO         1971    .text.egui_font_std_draw_single_char_desc  egui_font_std.o
    0x08006008   0x08006008   0x00000142   Code   RO         1987    .text.egui_font_std_draw_single_char_desc_external_stream  egui_font_std.o
    0x0800614a   0x0800614a   0x00000002   PAD
    0x0800614c   0x0800614c   0x0000013a   Code   RO         1963    .text.egui_font_std_draw_string  egui_font_std.o
    0x08006286   0x08006286   0x00000002   PAD
    0x08006288   0x08006288   0x0000001e   Code   RO         1995    .text.egui_font_std_external_draw_scratch_ensure  egui_font_std.o
    0x080062a6   0x080062a6   0x00000002   PAD
    0x080062a8   0x080062a8   0x00000050   Code   RO         1983    .text.egui_font_std_find_code_index  egui_font_std.o
    0x080062f8   0x080062f8   0x0000001a   Code   RO         1979    .text.egui_font_std_get_desc  egui_font_std.o
    0x08006312   0x08006312   0x00000002   PAD
    0x08006314   0x08006314   0x0000001c   Code   RO         1981    .text.egui_font_std_get_desc_by_index  egui_font_std.o
    0x08006330   0x08006330   0x00000010   Code   RO         1969    .text.egui_font_std_get_desc_draw_fast  egui_font_std.o
    0x08006340   0x08006340   0x00000010   Code   RO         1951    .text.egui_font_std_get_desc_fast  egui_font_std.o
    0x08006350   0x08006350   0x0000001e   Code   RO         1999    .text.egui_font_std_get_packed_pixel_row_stride  egui_font_std.o
    0x0800636e   0x0800636e   0x00000002   PAD
    0x08006370   0x08006370   0x00000016   Code   RO         1991    .text.egui_font_std_get_packed_pixel_size  egui_font_std.o
    0x08006386   0x08006386   0x00000002   PAD
    0x08006388   0x08006388   0x000000ce   Code   RO         1973    .text.egui_font_std_get_str_size  egui_font_std.o
    0x08006456   0x08006456   0x00000002   PAD
    0x08006458   0x08006458   0x0000005c   Code   RO         1993    .text.egui_font_std_is_glyph_outside_region  egui_font_std.o
    0x080064b4   0x080064b4   0x00000008   Code   RO         1881    .text.egui_free     egui_common.o
    0x080064bc   0x080064bc   0x00000008   Code   RO         1879    .text.egui_malloc   egui_common.o
    0x080064c4   0x080064c4   0x00000014   Code   RO         1899    .text.egui_region_copy  egui_region.o
    0x080064d8   0x080064d8   0x00000008   Code   RO         1680    .text.egui_region_init_empty  egui_canvas.o
    0x080064e0   0x080064e0   0x00000008   Code   RO         1893    .text.egui_region_init_empty  egui_region.o
    0x080064e8   0x080064e8   0x0000006e   Code   RO         1696    .text.egui_region_intersect  egui_canvas.o
    0x08006556   0x08006556   0x00000002   PAD
    0x08006558   0x08006558   0x00000050   Code   RO         1794    .text.egui_region_intersect_fast  egui_canvas.o
    0x080065a8   0x080065a8   0x0000001c   Code   RO         1682    .text.egui_region_is_empty  egui_canvas.o
    0x080065c4   0x080065c4   0x00000046   Code   RO         1849    .text.egui_region_is_intersect  egui_canvas_line.o
    0x0800660a   0x0800660a   0x00000002   PAD
    0x0800660c   0x0800660c   0x00000032   Code   RO         1684    .text.egui_region_pt_in_rect  egui_canvas.o
    0x0800663e   0x0800663e   0x00000002   PAD
    0x08006640   0x08006640   0x00000040   Code   RO         1690    .text.egui_rgb_mix_ptr  egui_canvas.o
    0x08006680   0x08006680   0x00000040   Code   RO         1861    .text.egui_rgb_mix_ptr  egui_canvas_line.o
    0x080066c0   0x080066c0   0x00000028   Code   RO           11    .text.main          main.o
    0x080066e8   0x080066e8   0x000000a2   Code   RO         2211    .text.prvAddCurrentTaskToDelayedList  tasks.o
    0x0800678a   0x0800678a   0x00000002   PAD
    0x0800678c   0x0800678c   0x000000ac   Code   RO         2197    .text.prvAddNewTaskToReadyList  tasks.o
    0x08006838   0x08006838   0x00000060   Code   RO         2289    .text.prvCheckTasksWaitingTermination  tasks.o
    0x08006898   0x08006898   0x00000028   Code   RO         2165    .text.prvCopyDataFromQueue  queue.o
    0x080068c0   0x080068c0   0x0000002a   Code   RO         2203    .text.prvDeleteTCB  tasks.o
    0x080068ea   0x080068ea   0x00000002   PAD
    0x080068ec   0x080068ec   0x0000002a   Code   RO         2235    .text.prvIdleTask   tasks.o
    0x08006916   0x08006916   0x00000002   PAD
    0x08006918   0x08006918   0x00000018   Code   RO         2133    .text.prvInitialiseNewQueue  queue.o
    0x08006930   0x08006930   0x0000008a   Code   RO         2195    .text.prvInitialiseNewTask  tasks.o
    0x080069ba   0x080069ba   0x00000002   PAD
    0x080069bc   0x080069bc   0x0000006e   Code   RO         2287    .text.prvInitialiseTaskLists  tasks.o
    0x08006a2a   0x08006a2a   0x00000002   PAD
    0x08006a2c   0x08006a2c   0x0000005a   Code   RO         2324    .text.prvInsertBlockIntoFreeList  heap_4.o
    0x08006a86   0x08006a86   0x00000002   PAD
    0x08006a88   0x08006a88   0x00000018   Code   RO         2167    .text.prvIsQueueEmpty  queue.o
    0x08006aa0   0x08006aa0   0x00000020   Code   RO         2360    .text.prvPortStartFirstTask  port.o
    0x08006ac0   0x08006ac0   0x00000028   Code   RO         2205    .text.prvResetNextTaskUnblockTime  tasks.o
    0x08006ae8   0x08006ae8   0x0000002a   Code   RO         2350    .text.prvTaskExitError  port.o
    0x08006b12   0x08006b12   0x00000002   PAD
    0x08006b14   0x08006b14   0x00000072   Code   RO         2159    .text.prvUnlockQueue  queue.o
    0x08006b86   0x08006b86   0x00000002   PAD
    0x08006b88   0x08006b88   0x00000018   Code   RO         2273    .text.pvTaskIncrementMutexHeldCount  tasks.o
    0x08006ba0   0x08006ba0   0x00000028   Code   RO         2348    .text.pxPortInitialiseStack  port.o
    0x08006bc8   0x08006bc8   0x00000022   Code   RO         2119    .text.uxListRemove  list.o
    0x08006bea   0x08006bea   0x00000002   PAD
    0x08006bec   0x08006bec   0x0000001a   Code   RO          144    .text.vApplicationGetIdleTaskMemory  app_freertos.o
    0x08006c06   0x08006c06   0x00000002   PAD
    0x08006c08   0x08006c08   0x00000012   Code   RO          148    .text.vApplicationStackOverflowHook  app_freertos.o
    0x08006c1a   0x08006c1a   0x00000002   PAD
    0x08006c1c   0x08006c1c   0x00000016   Code   RO         2111    .text.vListInitialise  list.o
    0x08006c32   0x08006c32   0x00000002   PAD
    0x08006c34   0x08006c34   0x00000006   Code   RO         2113    .text.vListInitialiseItem  list.o
    0x08006c3a   0x08006c3a   0x00000002   PAD
    0x08006c3c   0x08006c3c   0x0000003a   Code   RO         2117    .text.vListInsert   list.o
    0x08006c76   0x08006c76   0x00000002   PAD
    0x08006c78   0x08006c78   0x0000001c   Code   RO         2115    .text.vListInsertEnd  list.o
    0x08006c94   0x08006c94   0x00000014   Code   RO         2358    .text.vPortEnableVFP  port.o
    0x08006ca8   0x08006ca8   0x0000003a   Code   RO         2364    .text.vPortEnterCritical  port.o
    0x08006ce2   0x08006ce2   0x00000002   PAD
    0x08006ce4   0x08006ce4   0x00000026   Code   RO         2366    .text.vPortExitCritical  port.o
    0x08006d0a   0x08006d0a   0x00000002   PAD
    0x08006d0c   0x08006d0c   0x00000068   Code   RO         2326    .text.vPortFree     heap_4.o
    0x08006d74   0x08006d74   0x0000002e   Code   RO         2356    .text.vPortSetupTimerInterrupt  port.o
    0x08006da2   0x08006da2   0x00000002   PAD
    0x08006da4   0x08006da4   0x00000084   Code   RO         2207    .text.vTaskDelayUntil  tasks.o
    0x08006e28   0x08006e28   0x0000000e   Code   RO         2261    .text.vTaskMissedYield  tasks.o
    0x08006e36   0x08006e36   0x00000002   PAD
    0x08006e38   0x08006e38   0x0000002a   Code   RO         2249    .text.vTaskPlaceOnEventList  tasks.o
    0x08006e62   0x08006e62   0x00000002   PAD
    0x08006e64   0x08006e64   0x0000009a   Code   RO         2267    .text.vTaskPriorityInherit  tasks.o
    0x08006efe   0x08006efe   0x00000002   PAD
    0x08006f00   0x08006f00   0x00000026   Code   RO         2257    .text.vTaskSetTimeOutState  tasks.o
    0x08006f26   0x08006f26   0x00000002   PAD
    0x08006f28   0x08006f28   0x00000080   Code   RO         2233    .text.vTaskStartScheduler  tasks.o
    0x08006fa8   0x08006fa8   0x00000010   Code   RO         2209    .text.vTaskSuspendAll  tasks.o
    0x08006fb8   0x08006fb8   0x000000aa   Code   RO         2225    .text.vTaskSwitchContext  tasks.o
    0x08007062   0x08007062   0x00000002   PAD
    0x08007064   0x08007064   0x000000da   Code   RO         2354    .text.xPortStartScheduler  port.o
    0x0800713e   0x0800713e   0x00000002   PAD
    0x08007140   0x08007140   0x00000056   Code   RO         2131    .text.xQueueGenericCreateStatic  queue.o
    0x08007196   0x08007196   0x00000002   PAD
    0x08007198   0x08007198   0x000001be   Code   RO         2149    .text.xQueueGenericReceive  queue.o
    0x08007356   0x08007356   0x00000002   PAD
    0x08007358   0x08007358   0x00000076   Code   RO         2129    .text.xQueueGenericReset  queue.o
    0x080073ce   0x080073ce   0x00000002   PAD
    0x080073d0   0x080073d0   0x0000006c   Code   RO         2259    .text.xTaskCheckForTimeOut  tasks.o
    0x0800743c   0x0800743c   0x00000042   Code   RO         2193    .text.xTaskCreateStatic  tasks.o
    0x0800747e   0x0800747e   0x00000002   PAD
    0x08007480   0x08007480   0x00000026   Code   RO         2265    .text.xTaskGetSchedulerState  tasks.o
    0x080074a6   0x080074a6   0x00000002   PAD
    0x080074a8   0x080074a8   0x0000000c   Code   RO         2241    .text.xTaskGetTickCount  tasks.o
    0x080074b4   0x080074b4   0x0000015e   Code   RO         2239    .text.xTaskIncrementTick  tasks.o
    0x08007612   0x08007612   0x00000002   PAD
    0x08007614   0x08007614   0x00000088   Code   RO         2253    .text.xTaskRemoveFromEventList  tasks.o
    0x0800769c   0x0800769c   0x00000112   Code   RO         2213    .text.xTaskResumeAll  tasks.o
    0x080077ae   0x080077ae   0x00000002   PAD
    0x080077b0   0x080077b0   0x00000034   Code   RO         2637    i.__0snprintf       mc_w.l(printfa.o)
    0x080077e4   0x080077e4   0x0000000e   Code   RO         2719    i.__scatterload_copy  mc_w.l(handlers.o)
    0x080077f2   0x080077f2   0x00000002   Code   RO         2720    i.__scatterload_null  mc_w.l(handlers.o)
    0x080077f4   0x080077f4   0x0000000e   Code   RO         2721    i.__scatterload_zeroinit  mc_w.l(handlers.o)
    0x08007802   0x08007802   0x00000002   PAD
    0x08007804   0x08007804   0x0000018a   Code   RO         2643    i._fp_digits        mc_w.l(printfa.o)
    0x0800798e   0x0800798e   0x00000002   PAD
    0x08007990   0x08007990   0x000006e2   Code   RO         2644    i._printf_core      mc_w.l(printfa.o)
    0x08008072   0x08008072   0x00000024   Code   RO         2645    i._printf_post_padding  mc_w.l(printfa.o)
    0x08008096   0x08008096   0x0000002e   Code   RO         2646    i._printf_pre_padding  mc_w.l(printfa.o)
    0x080080c4   0x080080c4   0x00000016   Code   RO         2647    i._snputc           mc_w.l(printfa.o)
    0x080080da   0x080080da   0x00000010   Data   RO         1350    .rodata.AHBPrescTable  system_stm32l4xx.o
    0x080080ea   0x080080ea   0x00000008   Data   RO         1351    .rodata.APBPrescTable  system_stm32l4xx.o
    0x080080f2   0x080080f2   0x00000002   PAD
    0x080080f4   0x080080f4   0x00000030   Data   RO         1352    .rodata.MSIRangeTable  system_stm32l4xx.o
    0x08008124   0x08008124   0x00000010   Data   RO         1884    .rodata.egui_alpha_change_table_4  egui_common.o
    0x08008134   0x08008134   0x00000008   Data   RO         2003    .rodata.egui_font_std_t_api_table  egui_font_std.o
    0x0800813c   0x0800813c   0x00000008   Data   RO         2049    .rodata.egui_res_font_montserrat_12_4  egui_res_font_montserrat_12_4.o
    0x08008144   0x08008144   0x0000045c   Data   RO         2051    .rodata.egui_res_font_montserrat_12_4_char_array  egui_res_font_montserrat_12_4.o
    0x080085a0   0x080085a0   0x00000174   Data   RO         2050    .rodata.egui_res_font_montserrat_12_4_code_array  egui_res_font_montserrat_12_4.o
    0x08008714   0x08008714   0x00000014   Data   RO         2048    .rodata.egui_res_font_montserrat_12_4_info  egui_res_font_montserrat_12_4.o
    0x08008728   0x08008728   0x00000b75   Data   RO         2052    .rodata.egui_res_font_montserrat_12_4_pixel_buffer  egui_res_font_montserrat_12_4.o
    0x0800929d   0x0800929d   0x00000100   Data   RO         1937    .rodata.s_utf8_length_table  egui_font.o
    0x0800939d   0x0800939d   0x0000008e   Data   RO         1391    .rodata.str1.1      ui_app.o
    0x0800942b   0x0800942b   0x00000033   Data   RO         2004    .rodata.str1.1      egui_font_std.o
    0x0800945e   0x0800945e   0x00000002   PAD
    0x08009460   0x08009460   0x00000020   Data   RO         2718    Region$$Table       anon$$obj.o


    Execution Region RW_IRAM2 (Exec base: 0x10000000, Load base: 0x080094c8, Size: 0x00000000, Max: 0x00008000, ABSOLUTE)

    **** No section assigned to this execution region ****


    Execution Region RW_IRAM1 (Exec base: 0x20000000, Load base: 0x08009480, Size: 0x00006c98, Max: 0x00018000, ABSOLUTE)

    Exec Addr    Load Addr    Size         Type   Attr      Idx    E Section Name        Object

    0x20000000   0x08009480   0x00000004   Data   RW         1349    .data.SystemCoreClock  system_stm32l4xx.o
    0x20000004   0x08009484   0x0000002c   Data   RW         1387    .data.g_home_page   ui_app.o
    0x20000030   0x080094b0   0x0000000c   Data   RW         1388    .data.g_home_viewport  ui_app.o
    0x2000003c   0x080094bc   0x00000001   Data   RW          708    .data.uwTickFreq    stm32l4xx_hal.o
    0x2000003d   0x080094bd   0x00000003   PAD
    0x20000040   0x080094c0   0x00000004   Data   RW          707    .data.uwTickPrio    stm32l4xx_hal.o
    0x20000044   0x080094c4   0x00000004   Data   RW         2376    .data.uxCriticalNesting  port.o
    0x20000048        -       0x00000004   Zero   RW         1407    .bss.g_animation_tick_ms  ui_animation.o
    0x2000004c        -       0x00000140   Zero   RW         1406    .bss.g_animations   ui_animation.o
    0x2000018c        -       0x00000004   Zero   RW         1427    .bss.g_dirty_region_count  ui_dirty_region.o
    0x20000190        -       0x00000040   Zero   RW         1426    .bss.g_dirty_regions  ui_dirty_region.o
    0x200001d0        -       0x00000004   Zero   RW         1451    .bss.g_focus_current  ui_focus_engine.o
    0x200001d4        -       0x00000004   Zero   RW         1450    .bss.g_focus_root   ui_focus_engine.o
    0x200001d8        -       0x00000004   Zero   RW         1390    .bss.g_home_frame_count  ui_app.o
    0x200001dc        -       0x00000004   Zero   RW         1389    .bss.g_home_heartbeat  ui_app.o
    0x200001e0        -       0x0000001c   Zero   RW         1485    .bss.g_navigation_stack  ui_navigation.o
    0x200001fc        -       0x00000004   Zero   RW         1514    .bss.g_page_factory  ui_page_manager.o
    0x20000200        -       0x00000440   Zero   RW         1543    .bss.g_prop_backend_buffer  ui_property_store.o
    0x20000640        -       0x00000440   Zero   RW         1544    .bss.g_prop_frontend_buffer  ui_property_store.o
    0x20000a80        -       0x00000002   Zero   RW         1593    .bss.g_render_command_count  ui_renderer_adapter.o
    0x20000a82        -       0x00000c00   Zero   RW         1595    .bss.g_render_commands  ui_renderer_adapter.o
    0x20001682        -       0x00003580   Zero   RW         1594    .bss.g_render_stripe  ui_renderer_adapter.o
    0x20004c02   0x080094c8   0x00000002   PAD
    0x20004c04        -       0x00000004   Zero   RW         1466    .bss.g_ui_message_queue  ui_message_bus.o
    0x20004c08        -       0x00000048   Zero   RW         1468    .bss.g_ui_message_queue_cb  ui_message_bus.o
    0x20004c50        -       0x00000280   Zero   RW         1467    .bss.g_ui_message_queue_storage  ui_message_bus.o
    0x20004ed0        -       0x00000004   Zero   RW         2100    .bss.g_ui_task_handle  ui_task.o
    0x20004ed4        -       0x00001000   Zero   RW         2101    .bss.g_ui_task_stack  ui_task.o
    0x20005ed4        -       0x00000054   Zero   RW         2102    .bss.g_ui_task_tcb  ui_task.o
    0x20005f28        -       0x00000048   Zero   RW           83    .bss.hdma_usart1_rx  usart.o
    0x20005f70        -       0x00000064   Zero   RW           52    .bss.hspi1          spi.o
    0x20005fd4        -       0x0000004c   Zero   RW           67    .bss.htim6          tim.o
    0x20006020        -       0x0000004c   Zero   RW          133    .bss.htim7          stm32l4xx_hal_timebase_tim.o
    0x2000606c        -       0x00000088   Zero   RW           82    .bss.huart1         usart.o
    0x200060f4        -       0x00000004   Zero   RW         2291    .bss.pxCurrentTCB   tasks.o
    0x200060f8        -       0x00000004   Zero   RW         2307    .bss.pxDelayedTaskList  tasks.o
    0x200060fc        -       0x00000004   Zero   RW         2334    .bss.pxEnd          heap_4.o
    0x20006100        -       0x00000004   Zero   RW         2308    .bss.pxOverflowDelayedTaskList  tasks.o
    0x20006104        -       0x0000008c   Zero   RW         2292    .bss.pxReadyTasksLists  tasks.o
    0x20006190        -       0x00000001   Zero   RW         2374    .bss.ucMaxSysCallPriority  port.o
    0x20006191   0x080094c8   0x00000003   PAD
    0x20006194        -       0x00000004   Zero   RW         2375    .bss.ulMaxPRIGROUPValue  port.o
    0x20006198        -       0x00000004   Zero   RW          709    .bss.uwTick         stm32l4xx_hal.o
    0x2000619c        -       0x00000004   Zero   RW         2297    .bss.uxCurrentNumberOfTasks  tasks.o
    0x200061a0        -       0x00000004   Zero   RW         2296    .bss.uxDeletedTasksWaitingCleanUp  tasks.o
    0x200061a4        -       0x00000004   Zero   RW         2306    .bss.uxPendedTicks  tasks.o
    0x200061a8        -       0x00000004   Zero   RW         2299    .bss.uxSchedulerSuspended  tasks.o
    0x200061ac        -       0x00000004   Zero   RW         2294    .bss.uxTaskNumber   tasks.o
    0x200061b0        -       0x00000004   Zero   RW         2293    .bss.uxTopReadyPriority  tasks.o
    0x200061b4        -       0x00000200   Zero   RW          151    .bss.vApplicationGetIdleTaskMemory.idle_task_stack  app_freertos.o
    0x200063b4        -       0x00000054   Zero   RW          150    .bss.vApplicationGetIdleTaskMemory.idle_task_tcb  app_freertos.o
    0x20006408        -       0x00000001   Zero   RW         2335    .bss.xBlockAllocatedBit  heap_4.o
    0x20006409   0x080094c8   0x00000003   PAD
    0x2000640c        -       0x00000014   Zero   RW         2310    .bss.xDelayedTaskList1  tasks.o
    0x20006420        -       0x00000014   Zero   RW         2311    .bss.xDelayedTaskList2  tasks.o
    0x20006434        -       0x00000004   Zero   RW         2336    .bss.xFreeBytesRemaining  heap_4.o
    0x20006438        -       0x00000004   Zero   RW         2303    .bss.xIdleTaskHandle  tasks.o
    0x2000643c        -       0x00000004   Zero   RW         2304    .bss.xNextTaskUnblockTime  tasks.o
    0x20006440        -       0x00000004   Zero   RW         2309    .bss.xNumOfOverflows  tasks.o
    0x20006444        -       0x00000014   Zero   RW         2302    .bss.xPendingReadyList  tasks.o
    0x20006458        -       0x00000004   Zero   RW         2298    .bss.xSchedulerRunning  tasks.o
    0x2000645c        -       0x00000008   Zero   RW         2337    .bss.xStart         heap_4.o
    0x20006464        -       0x00000014   Zero   RW         2301    .bss.xSuspendedTaskList  tasks.o
    0x20006478        -       0x00000014   Zero   RW         2295    .bss.xTasksWaitingTermination  tasks.o
    0x2000648c        -       0x00000004   Zero   RW         2300    .bss.xTickCount     tasks.o
    0x20006490        -       0x00000004   Zero   RW         2305    .bss.xYieldPending  tasks.o
    0x20006494   0x080094c8   0x00000004   PAD
    0x20006498        -       0x00000800   Zero   RW            1    STACK               startup_stm32l471xx.o


==============================================================================

Image component sizes


      Code (inc. data)   RO Data    RW Data    ZI Data      Debug   Object Name

        60          0          0          0        596       2214   app_freertos.o
        50          0          0          0          0       3325   dma.o
      1424          0          0          0          0      70930   egui_canvas.o
      2102          0          0          0          0      13153   egui_canvas_line.o
        16          0         16          0          0       3783   egui_common.o
       152         52        256          0          0       7141   egui_font.o
      1896          0         59          0          0      28402   egui_font_std.o
        28          0          0          0          0       2988   egui_region.o
         0          0       4449          0          0       3867   egui_res_font_montserrat_12_4.o
       332          0          0          0          0       2458   gpio.o
       194          0          0          0         17       3266   heap_4.o
      1974          0          0          0          0       4859   lcd_init.o
       148          0          0          0          0       2090   list.o
       180          0          0          0          0       4823   main.o
       708         16          0          4          5       3483   port.o
       852          0          0          0          0      15961   queue.o
       192          0          0          0        100       4971   spi.o
        36          8        392          0       2048        792   startup_stm32l471xx.o
       108          0          0          5          4       8761   stm32l4xx_hal.o
       204          0          0          0          0      10844   stm32l4xx_hal_cortex.o
       562          0          0          0          0       7195   stm32l4xx_hal_dma.o
       452          0          0          0          0       5350   stm32l4xx_hal_gpio.o
        50          0          0          0          0       1519   stm32l4xx_hal_msp.o
       134          0          0          0          0       8942   stm32l4xx_hal_pwr_ex.o
      2308          0          0          0          0       9606   stm32l4xx_hal_rcc.o
      1644          8          0          0          0      13867   stm32l4xx_hal_rcc_ex.o
      1158          0          0          0          0      21944   stm32l4xx_hal_spi.o
       930          0          0          0          0      48806   stm32l4xx_hal_tim.o
       200          0          0          0          0      21004   stm32l4xx_hal_tim_ex.o
       172          0          0          0         76       7308   stm32l4xx_hal_timebase_tim.o
      2182         62          0          0          0      28815   stm32l4xx_hal_uart.o
         2          0          0          0          0       8193   stm32l4xx_hal_uart_ex.o
        76          0          0          0          0       2073   stm32l4xx_it.o
        18          0         72          4          0       2903   system_stm32l4xx.o
      2504          8          0          0        300      22632   tasks.o
       154          0          0          0         76       6984   tim.o
       242          0          0          0        324       2262   ui_animation.o
      1202        220        142         56          8       5583   ui_app.o
       326          0          0          0         68       2637   ui_dirty_region.o
        14          0          0          0          0       5053   ui_egui_runtime.o
       134          0          0          0          8       3378   ui_focus_engine.o
       106          0          0          0        716       2612   ui_message_bus.o
       140          0          0          0         28       3547   ui_navigation.o
       148          0          0          0          4       4477   ui_page_manager.o
       344          0          0          0       2176       3867   ui_property_store.o
      2000          4          0          0      16770      12234   ui_renderer_adapter.o
       198          8          0          0       4184       2041   ui_task.o
       272          0          0          0        208       8235   usart.o

    ----------------------------------------------------------------------
     28628        386       5422         72      27728     471178   Object Totals
         0          0         32          0          0          0   (incl. Generated)
       300          0          4          3         12          0   (incl. Padding)

    ----------------------------------------------------------------------

      Code (inc. data)   RO Data    RW Data    ZI Data      Debug   Library Member Name

         0          0          0          0          0          0   entry.o
         0          0          0          0          0          0   entry10a.o
         0          0          0          0          0          0   entry11a.o
         8          4          0          0          0          0   entry2.o
         4          0          0          0          0          0   entry5.o
         0          0          0          0          0          0   entry7b.o
         0          0          0          0          0          0   entry8b.o
         8          4          0          0          0          0   entry9a.o
        30          0          0          0          0          0   handlers.o
        36          8          0          0          0         68   init.o
         0          0          0          0          0          0   iusefp.o
        98          0          0          0          0         84   ldiv.o
        30          0          0          0          0         68   llshl.o
        36          0          0          0          0         68   llsshr.o
        32          0          0          0          0         68   llushr.o
        36          0          0          0          0         68   memcpya.o
        36          0          0          0          0        108   memseta.o
      2312         84          0          0          0        524   printfa.o
        20          0          0          0          0         68   strchr.o
        14          0          0          0          0         68   strlen.o
        24          0          0          0          0         76   strncpy.o
        44          0          0          0          0         80   uidiv.o
       104          0          0          0          0         92   uldiv.o
        48          0          0          0          0         68   cdrcmple.o
       350          0          0          0          0        148   dadd.o
       222          0          0          0          0        100   ddiv.o
       186          0          0          0          0        176   depilogue.o
        48          0          0          0          0         68   dfixul.o
       234          0          0          0          0         96   dmul.o

    ----------------------------------------------------------------------
      3966        100          0          0          0       2096   Library Totals
         6          0          0          0          0          0   (incl. Padding)

    ----------------------------------------------------------------------

      Code (inc. data)   RO Data    RW Data    ZI Data      Debug   Library Name

      2872        100          0          0          0       1440   mc_w.l
      1088          0          0          0          0        656   mf_w.l

    ----------------------------------------------------------------------
      3966        100          0          0          0       2096   Library Totals

    ----------------------------------------------------------------------

==============================================================================


      Code (inc. data)   RO Data    RW Data    ZI Data      Debug   

     32594        486       5422         72      27728     471486   Grand Totals
     32594        486       5422         72      27728     471486   ELF Image Totals
     32594        486       5422         72          0          0   ROM Totals

==============================================================================

    Total RO  Size (Code + RO Data)                38016 (  37.13kB)
    Total RW  Size (RW Data + ZI Data)             27800 (  27.15kB)
    Total ROM Size (Code + RO Data + RW Data)      38088 (  37.20kB)

==============================================================================

