Component: ARM Compiler 6.16 Tool: armlink [5dfeaa00]

==============================================================================

Section Cross References

    startup_stm32l471xx.o(RESET) refers to startup_stm32l471xx.o(STACK) for __initial_sp
    startup_stm32l471xx.o(RESET) refers to startup_stm32l471xx.o(.text) for Reset_Handler
    startup_stm32l471xx.o(RESET) refers to stm32l4xx_it.o(.text.NMI_Handler) for NMI_Handler
    startup_stm32l471xx.o(RESET) refers to stm32l4xx_it.o(.text.HardFault_Handler) for HardFault_Handler
    startup_stm32l471xx.o(RESET) refers to stm32l4xx_it.o(.text.MemManage_Handler) for MemManage_Handler
    startup_stm32l471xx.o(RESET) refers to stm32l4xx_it.o(.text.BusFault_Handler) for BusFault_Handler
    startup_stm32l471xx.o(RESET) refers to stm32l4xx_it.o(.text.UsageFault_Handler) for UsageFault_Handler
    startup_stm32l471xx.o(RESET) refers to port.o(.text.SVC_Handler) for SVC_Handler
    startup_stm32l471xx.o(RESET) refers to stm32l4xx_it.o(.text.DebugMon_Handler) for DebugMon_Handler
    startup_stm32l471xx.o(RESET) refers to port.o(.text.PendSV_Handler) for PendSV_Handler
    startup_stm32l471xx.o(RESET) refers to port.o(.text.SysTick_Handler) for SysTick_Handler
    startup_stm32l471xx.o(RESET) refers to stm32l4xx_it.o(.text.DMA1_Channel5_IRQHandler) for DMA1_Channel5_IRQHandler
    startup_stm32l471xx.o(RESET) refers to stm32l4xx_it.o(.text.USART1_IRQHandler) for USART1_IRQHandler
    startup_stm32l471xx.o(RESET) refers to stm32l4xx_it.o(.text.TIM6_DAC_IRQHandler) for TIM6_DAC_IRQHandler
    startup_stm32l471xx.o(RESET) refers to stm32l4xx_it.o(.text.TIM7_IRQHandler) for TIM7_IRQHandler
    startup_stm32l471xx.o(.text) refers to system_stm32l4xx.o(.text.SystemInit) for SystemInit
    startup_stm32l471xx.o(.text) refers to entry.o(.ARM.Collect$$$$00000000) for __main
    main.o(.text.main) refers to stm32l4xx_hal.o(.text.HAL_Init) for HAL_Init
    main.o(.text.main) refers to main.o(.text.SystemClock_Config) for SystemClock_Config
    main.o(.text.main) refers to gpio.o(.text.MX_GPIO_Init) for MX_GPIO_Init
    main.o(.text.main) refers to dma.o(.text.MX_DMA_Init) for MX_DMA_Init
    main.o(.text.main) refers to usart.o(.text.MX_USART1_UART_Init) for MX_USART1_UART_Init
    main.o(.text.main) refers to tim.o(.text.MX_TIM6_Init) for MX_TIM6_Init
    main.o(.text.main) refers to spi.o(.text.MX_SPI1_Init) for MX_SPI1_Init
    main.o(.text.main) refers to app_freertos.o(.text.MX_FREERTOS_Init) for MX_FREERTOS_Init
    main.o(.text.main) refers to tasks.o(.text.vTaskStartScheduler) for vTaskStartScheduler
    main.o(.text.main) refers to main.o(.text.Error_Handler) for Error_Handler
    main.o(.ARM.exidx.text.main) refers to main.o(.text.main) for [Anonymous Symbol]
    main.o(.text.SystemClock_Config) refers to memseta.o(.text) for __aeabi_memclr4
    main.o(.text.SystemClock_Config) refers to stm32l4xx_hal_pwr_ex.o(.text.HAL_PWREx_ControlVoltageScaling) for HAL_PWREx_ControlVoltageScaling
    main.o(.text.SystemClock_Config) refers to stm32l4xx_hal_rcc.o(.text.HAL_RCC_OscConfig) for HAL_RCC_OscConfig
    main.o(.text.SystemClock_Config) refers to stm32l4xx_hal_rcc.o(.text.HAL_RCC_ClockConfig) for HAL_RCC_ClockConfig
    main.o(.text.SystemClock_Config) refers to main.o(.text.Error_Handler) for Error_Handler
    main.o(.ARM.exidx.text.SystemClock_Config) refers to main.o(.text.SystemClock_Config) for [Anonymous Symbol]
    main.o(.ARM.exidx.text.Error_Handler) refers to main.o(.text.Error_Handler) for [Anonymous Symbol]
    main.o(.text.HAL_TIM_PeriodElapsedCallback) refers to stm32l4xx_hal.o(.text.HAL_IncTick) for HAL_IncTick
    main.o(.ARM.exidx.text.HAL_TIM_PeriodElapsedCallback) refers to main.o(.text.HAL_TIM_PeriodElapsedCallback) for [Anonymous Symbol]
    gpio.o(.text.MX_GPIO_Init) refers to stm32l4xx_hal_gpio.o(.text.HAL_GPIO_WritePin) for HAL_GPIO_WritePin
    gpio.o(.text.MX_GPIO_Init) refers to stm32l4xx_hal_gpio.o(.text.HAL_GPIO_Init) for HAL_GPIO_Init
    gpio.o(.ARM.exidx.text.MX_GPIO_Init) refers to gpio.o(.text.MX_GPIO_Init) for [Anonymous Symbol]
    dma.o(.text.MX_DMA_Init) refers to stm32l4xx_hal_cortex.o(.text.HAL_NVIC_SetPriority) for HAL_NVIC_SetPriority
    dma.o(.text.MX_DMA_Init) refers to stm32l4xx_hal_cortex.o(.text.HAL_NVIC_EnableIRQ) for HAL_NVIC_EnableIRQ
    dma.o(.ARM.exidx.text.MX_DMA_Init) refers to dma.o(.text.MX_DMA_Init) for [Anonymous Symbol]
    spi.o(.text.MX_SPI1_Init) refers to spi.o(.bss.hspi1) for hspi1
    spi.o(.text.MX_SPI1_Init) refers to stm32l4xx_hal_spi.o(.text.HAL_SPI_Init) for HAL_SPI_Init
    spi.o(.text.MX_SPI1_Init) refers to main.o(.text.Error_Handler) for Error_Handler
    spi.o(.ARM.exidx.text.MX_SPI1_Init) refers to spi.o(.text.MX_SPI1_Init) for [Anonymous Symbol]
    spi.o(.text.HAL_SPI_MspInit) refers to stm32l4xx_hal_gpio.o(.text.HAL_GPIO_Init) for HAL_GPIO_Init
    spi.o(.ARM.exidx.text.HAL_SPI_MspInit) refers to spi.o(.text.HAL_SPI_MspInit) for [Anonymous Symbol]
[...]
    HAL_TIMEx_CommutCallback                 0x08001d3d   Thumb Code     2  stm32l4xx_hal_tim_ex.o(.text.HAL_TIMEx_CommutCallback)
    HAL_TIMEx_MasterConfigSynchronization    0x08001d41   Thumb Code   194  stm32l4xx_hal_tim_ex.o(.text.HAL_TIMEx_MasterConfigSynchronization)
    HAL_TIM_Base_Init                        0x08001e05   Thumb Code    98  stm32l4xx_hal_tim.o(.text.HAL_TIM_Base_Init)
    HAL_TIM_Base_MspInit                     0x08001e69   Thumb Code    68  tim.o(.text.HAL_TIM_Base_MspInit)
    HAL_TIM_Base_Start_IT                    0x08001ead   Thumb Code   176  stm32l4xx_hal_tim.o(.text.HAL_TIM_Base_Start_IT)
    HAL_TIM_IC_CaptureCallback               0x08001f5d   Thumb Code     2  stm32l4xx_hal_tim.o(.text.HAL_TIM_IC_CaptureCallback)
    HAL_TIM_IRQHandler                       0x08001f61   Thumb Code   346  stm32l4xx_hal_tim.o(.text.HAL_TIM_IRQHandler)
    HAL_TIM_OC_DelayElapsedCallback          0x080020bd   Thumb Code     2  stm32l4xx_hal_tim.o(.text.HAL_TIM_OC_DelayElapsedCallback)
    HAL_TIM_PWM_PulseFinishedCallback        0x080020c1   Thumb Code     2  stm32l4xx_hal_tim.o(.text.HAL_TIM_PWM_PulseFinishedCallback)
    HAL_TIM_PeriodElapsedCallback            0x080020c5   Thumb Code    22  main.o(.text.HAL_TIM_PeriodElapsedCallback)
    HAL_TIM_TriggerCallback                  0x080020dd   Thumb Code     2  stm32l4xx_hal_tim.o(.text.HAL_TIM_TriggerCallback)
    HAL_UARTEx_RxEventCallback               0x080020e1   Thumb Code     2  stm32l4xx_hal_uart.o(.text.HAL_UARTEx_RxEventCallback)
    HAL_UARTEx_WakeupCallback                0x080020e5   Thumb Code     2  stm32l4xx_hal_uart_ex.o(.text.HAL_UARTEx_WakeupCallback)
    HAL_UART_ErrorCallback                   0x080020e9   Thumb Code     2  stm32l4xx_hal_uart.o(.text.HAL_UART_ErrorCallback)
    HAL_UART_IRQHandler                      0x080020ed   Thumb Code   714  stm32l4xx_hal_uart.o(.text.HAL_UART_IRQHandler)
    HAL_UART_Init                            0x080023b9   Thumb Code    94  stm32l4xx_hal_uart.o(.text.HAL_UART_Init)
    HAL_UART_MspInit                         0x08002419   Thumb Code   212  usart.o(.text.HAL_UART_MspInit)
    HAL_UART_TxCpltCallback                  0x080024ed   Thumb Code     2  stm32l4xx_hal_uart.o(.text.HAL_UART_TxCpltCallback)
    HardFault_Handler                        0x080024f1   Thumb Code     2  stm32l4xx_it.o(.text.HardFault_Handler)
    LCD_Address_Set                          0x080024f5   Thumb Code    66  lcd_init.o(.text.LCD_Address_Set)
    LCD_DrawRGB565Buffer                     0x08002539   Thumb Code   132  lcd_init.o(.text.LCD_DrawRGB565Buffer)
    LCD_Init                                 0x080025bd   Thumb Code  1590  lcd_init.o(.text.LCD_Init)
    LCD_WR_Bus                               0x08002bf5   Thumb Code    60  lcd_init.o(.text.LCD_WR_Bus)
    LCD_WR_DATA                              0x08002c31   Thumb Code    46  lcd_init.o(.text.LCD_WR_DATA)
    LCD_WR_DATA8                             0x08002c61   Thumb Code    40  lcd_init.o(.text.LCD_WR_DATA8)
    LCD_WR_REG                               0x08002c89   Thumb Code    40  lcd_init.o(.text.LCD_WR_REG)
    MX_DMA_Init                              0x08002cb1   Thumb Code    50  dma.o(.text.MX_DMA_Init)
    MX_FREERTOS_Init                         0x08002ce5   Thumb Code    16  app_freertos.o(.text.MX_FREERTOS_Init)
    MX_GPIO_Init                             0x08002cf5   Thumb Code   326  gpio.o(.text.MX_GPIO_Init)
    MX_SPI1_Init                             0x08002e41   Thumb Code    82  spi.o(.text.MX_SPI1_Init)
    MX_TIM6_Init                             0x08002e95   Thumb Code    86  tim.o(.text.MX_TIM6_Init)
    MX_USART1_UART_Init                      0x08002eed   Thumb Code    60  usart.o(.text.MX_USART1_UART_Init)
    MemManage_Handler                        0x08002f29   Thumb Code     2  stm32l4xx_it.o(.text.MemManage_Handler)
    NMI_Handler                              0x08002f2d   Thumb Code     2  stm32l4xx_it.o(.text.NMI_Handler)
    PendSV_Handler                           0x08002f61   Thumb Code   100  port.o(.text.PendSV_Handler)
    SVC_Handler                              0x08003551   Thumb Code    36  port.o(.text.SVC_Handler)
    SysTick_Handler                          0x08003581   Thumb Code    46  port.o(.text.SysTick_Handler)
    SystemClock_Config                       0x080035b1   Thumb Code   108  main.o(.text.SystemClock_Config)
    SystemInit                               0x0800361d   Thumb Code    18  system_stm32l4xx.o(.text.SystemInit)
    TIM6_DAC_IRQHandler                      0x08003631   Thumb Code    16  stm32l4xx_it.o(.text.TIM6_DAC_IRQHandler)
    TIM7_IRQHandler                          0x08003641   Thumb Code    16  stm32l4xx_it.o(.text.TIM7_IRQHandler)
    TIM_Base_SetConfig                       0x08003651   Thumb Code   302  stm32l4xx_hal_tim.o(.text.TIM_Base_SetConfig)
    UART_AdvFeatureConfig                    0x08003781   Thumb Code   230  stm32l4xx_hal_uart.o(.text.UART_AdvFeatureConfig)
    UART_CheckIdleState                      0x08003869   Thumb Code   186  stm32l4xx_hal_uart.o(.text.UART_CheckIdleState)
    UART_SetConfig                           0x080039ad   Thumb Code   596  stm32l4xx_hal_uart.o(.text.UART_SetConfig)
    UART_WaitOnFlagUntilTimeout              0x08003c21   Thumb Code   194  stm32l4xx_hal_uart.o(.text.UART_WaitOnFlagUntilTimeout)
    UI_AnimationScheduler_Init               0x08003ce5   Thumb Code    32  ui_animation.o(.text.UI_AnimationScheduler_Init)
    UI_AnimationScheduler_Update             0x08003d05   Thumb Code   210  ui_animation.o(.text.UI_AnimationScheduler_Update)
    UI_App_Init                              0x08004735   Thumb Code   204  ui_app.o(.text.UI_App_Init)
    UI_DirtyRegion_Init                      0x08004d31   Thumb Code    30  ui_dirty_region.o(.text.UI_DirtyRegion_Init)
    UI_DirtyRegion_Invalidate                0x08004d51   Thumb Code   124  ui_dirty_region.o(.text.UI_DirtyRegion_Invalidate)
    UI_DirtyRegion_Take                      0x08004e7d   Thumb Code    74  ui_dirty_region.o(.text.UI_DirtyRegion_Take)
    UI_FXEmitter_DefaultBehavior             0x08004ec9   Thumb Code    92  ui_fx_emitter.o(.text.UI_FXEmitter_DefaultBehavior)
    UI_FXEmitter_Draw                        0x08004f25   Thumb Code    74  ui_fx_emitter.o(.text.UI_FXEmitter_Draw)
    UI_FXEmitter_Init                        0x08004f71   Thumb Code    18  ui_fx_emitter.o(.text.UI_FXEmitter_Init)
    UI_FXEmitter_Start                       0x0800500d   Thumb Code   112  ui_fx_emitter.o(.text.UI_FXEmitter_Start)
    UI_FXEmitter_Update                      0x0800507d   Thumb Code    64  ui_fx_emitter.o(.text.UI_FXEmitter_Update)
    UI_FocusEngine_HandleEvent               0x08005115   Thumb Code    76  ui_focus_engine.o(.text.UI_FocusEngine_HandleEvent)
    UI_FocusEngine_Init                      0x08005161   Thumb Code    24  ui_focus_engine.o(.text.UI_FocusEngine_Init)
    UI_FocusEngine_SetRoot                   0x080051a5   Thumb Code    22  ui_focus_engine.o(.text.UI_FocusEngine_SetRoot)
    UI_InputEventQueue_Init                  0x080051bd   Thumb Code    66  ui_input_event_queue.o(.text.UI_InputEventQueue_Init)
    UI_InputEventQueue_Receive               0x08005201   Thumb Code    40  ui_input_event_queue.o(.text.UI_InputEventQueue_Receive)
    UI_LayerManager_Draw                     0x08005229   Thumb Code    44  ui_layer_manager.o(.text.UI_LayerManager_Draw)
    UI_LayerManager_Init                     0x08005255   Thumb Code    28  ui_layer_manager.o(.text.UI_LayerManager_Init)
    UI_LayerManager_SetDrawCallback          0x08005271   Thumb Code    26  ui_layer_manager.o(.text.UI_LayerManager_SetDrawCallback)
    UI_Marquee_Draw                          0x0800528d   Thumb Code   104  ui_marquee.o(.text.UI_Marquee_Draw)
    UI_Marquee_Init                          0x080052f5   Thumb Code    26  ui_marquee.o(.text.UI_Marquee_Init)
    UI_Marquee_Update                        0x08005311   Thumb Code    70  ui_marquee.o(.text.UI_Marquee_Update)
    UI_MessageBus_Init                       0x08005359   Thumb Code    66  ui_message_bus.o(.text.UI_MessageBus_Init)
    UI_MessageBus_Receive                    0x0800539d   Thumb Code    40  ui_message_bus.o(.text.UI_MessageBus_Receive)
    UI_ModalManager_Dismiss                  0x080053c5   Thumb Code    36  ui_modal_manager.o(.text.UI_ModalManager_Dismiss)
    UI_ModalManager_Draw                     0x080053e9   Thumb Code   276  ui_modal_manager.o(.text.UI_ModalManager_Draw)
    UI_ModalManager_HandleEvent              0x08005505   Thumb Code    48  ui_modal_manager.o(.text.UI_ModalManager_HandleEvent)
    UI_ModalManager_Init                     0x08005535   Thumb Code    18  ui_modal_manager.o(.text.UI_ModalManager_Init)
    UI_ModalManager_Process                  0x08005549   Thumb Code    40  ui_modal_manager.o(.text.UI_ModalManager_Process)
    UI_ModalManager_Show                     0x08005571   Thumb Code   112  ui_modal_manager.o(.text.UI_ModalManager_Show)
    UI_Navigation_GetActive                  0x080055e1   Thumb Code    24  ui_navigation.o(.text.UI_Navigation_GetActive)
    UI_Navigation_Init                       0x080055f9   Thumb Code    28  ui_navigation.o(.text.UI_Navigation_Init)
    UI_Navigation_Push                       0x08005615   Thumb Code    88  ui_navigation.o(.text.UI_Navigation_Push)
    UI_Navigation_Replace                    0x0800566d   Thumb Code   106  ui_navigation.o(.text.UI_Navigation_Replace)
    UI_PageManager_DispatchEvent             0x080056d9   Thumb Code    52  ui_page_manager.o(.text.UI_PageManager_DispatchEvent)
    UI_PageManager_DrawActivePage            0x0800570d   Thumb Code    22  ui_page_manager.o(.text.UI_PageManager_DrawActivePage)
    UI_PageManager_HandleMessage             0x08005725   Thumb Code    24  ui_page_manager.o(.text.UI_PageManager_HandleMessage)
    UI_PageManager_Init                      0x0800573d   Thumb Code    26  ui_page_manager.o(.text.UI_PageManager_Init)
    UI_PageManager_OpenRoot                  0x08005759   Thumb Code    38  ui_page_manager.o(.text.UI_PageManager_OpenRoot)
    UI_PageManager_ProcessActivePage         0x08005781   Thumb Code    22  ui_page_manager.o(.text.UI_PageManager_ProcessActivePage)
    UI_PageManager_Replace                   0x08005799   Thumb Code    38  ui_page_manager.o(.text.UI_PageManager_Replace)
    UI_PropertyBinding_BindRect              0x080057d5   Thumb Code   126  ui_property_binding.o(.text.UI_PropertyBinding_BindRect)
    UI_PropertyBinding_Init                  0x08005855   Thumb Code    18  ui_property_binding.o(.text.UI_PropertyBinding_Init)
    UI_PropertyBinding_UpdateDirtyRegions    0x08005869   Thumb Code    56  ui_property_binding.o(.text.UI_PropertyBinding_UpdateDirtyRegions)
    UI_PropertyStore_ClearFrontDirty         0x080058a1   Thumb Code    38  ui_property_store.o(.text.UI_PropertyStore_ClearFrontDirty)
    UI_PropertyStore_GetFrontInt             0x08005931   Thumb Code    22  ui_property_store.o(.text.UI_PropertyStore_GetFrontInt)
    UI_PropertyStore_Init                    0x08005949   Thumb Code    36  ui_property_store.o(.text.UI_PropertyStore_Init)
    UI_PropertyStore_IsFrontDirty            0x0800596d   Thumb Code    22  ui_property_store.o(.text.UI_PropertyStore_IsFrontDirty)
    UI_PropertyStore_SetInt                  0x08005985   Thumb Code    28  ui_property_store.o(.text.UI_PropertyStore_SetInt)
    UI_PropertyStore_SetString               0x080059a1   Thumb Code    50  ui_property_store.o(.text.UI_PropertyStore_SetString)
    UI_PropertyStore_SyncFront               0x080059d5   Thumb Code    84  ui_property_store.o(.text.UI_PropertyStore_SyncFront)
    UI_RendererAdapter_BeginFrame            0x08005a79   Thumb Code    14  ui_renderer_adapter.o(.text.UI_RendererAdapter_BeginFrame)
    UI_RendererAdapter_Color                 0x08005de5   Thumb Code     8  ui_renderer_adapter.o(.text.UI_RendererAdapter_Color)
    UI_RendererAdapter_DrawBadge             0x08005ded   Thumb Code   108  ui_renderer_adapter.o(.text.UI_RendererAdapter_DrawBadge)
    UI_RendererAdapter_DrawButton            0x08005e59   Thumb Code   158  ui_renderer_adapter.o(.text.UI_RendererAdapter_DrawButton)
    UI_RendererAdapter_DrawCheckbox          0x08005ef9   Thumb Code   210  ui_renderer_adapter.o(.text.UI_RendererAdapter_DrawCheckbox)
    UI_RendererAdapter_DrawFillRect          0x080060e9   Thumb Code   108  ui_renderer_adapter.o(.text.UI_RendererAdapter_DrawFillRect)
    UI_RendererAdapter_DrawIconBox           0x08006155   Thumb Code   170  ui_renderer_adapter.o(.text.UI_RendererAdapter_DrawIconBox)
    UI_RendererAdapter_DrawLine              0x08006201   Thumb Code   114  ui_renderer_adapter.o(.text.UI_RendererAdapter_DrawLine)
    UI_RendererAdapter_DrawListItem          0x08006275   Thumb Code   200  ui_renderer_adapter.o(.text.UI_RendererAdapter_DrawListItem)
    UI_RendererAdapter_DrawPanel             0x0800633d   Thumb Code    84  ui_renderer_adapter.o(.text.UI_RendererAdapter_DrawPanel)
    UI_RendererAdapter_DrawProgressBar       0x08006391   Thumb Code   158  ui_renderer_adapter.o(.text.UI_RendererAdapter_DrawProgressBar)
    UI_RendererAdapter_DrawRect              0x08006431   Thumb Code   120  ui_renderer_adapter.o(.text.UI_RendererAdapter_DrawRect)
    UI_RendererAdapter_DrawSlider            0x080064a9   Thumb Code   212  ui_renderer_adapter.o(.text.UI_RendererAdapter_DrawSlider)
    UI_RendererAdapter_DrawSparkline         0x08006585   Thumb Code   250  ui_renderer_adapter.o(.text.UI_RendererAdapter_DrawSparkline)
    UI_RendererAdapter_DrawText              0x08006685   Thumb Code   110  ui_renderer_adapter.o(.text.UI_RendererAdapter_DrawText)
    UI_RendererAdapter_DrawTextInRect        0x080066f5   Thumb Code   128  ui_renderer_adapter.o(.text.UI_RendererAdapter_DrawTextInRect)
    UI_RendererAdapter_DrawToggle            0x08006775   Thumb Code   136  ui_renderer_adapter.o(.text.UI_RendererAdapter_DrawToggle)
    UI_RendererAdapter_EndFrame              0x080067fd   Thumb Code   222  ui_renderer_adapter.o(.text.UI_RendererAdapter_EndFrame)
    UI_RendererAdapter_GetHeight             0x08006921   Thumb Code     4  ui_renderer_adapter.o(.text.UI_RendererAdapter_GetHeight)
    UI_RendererAdapter_GetWidth              0x08006925   Thumb Code     6  ui_renderer_adapter.o(.text.UI_RendererAdapter_GetWidth)
    UI_RendererAdapter_Init                  0x0800692d   Thumb Code     8  ui_renderer_adapter.o(.text.UI_RendererAdapter_Init)
    UI_RendererAdapter_RGB565                0x08006985   Thumb Code    20  ui_renderer_adapter.o(.text.UI_RendererAdapter_RGB565)
    UI_Task_Create                           0x080069d5   Thumb Code   212  ui_task.o(.text.UI_Task_Create)
    UI_VirtualList_Draw                      0x08006b39   Thumb Code   178  ui_virtual_list.o(.text.UI_VirtualList_Draw)
    UI_VirtualList_HandleEvent               0x08006bf1   Thumb Code   128  ui_virtual_list.o(.text.UI_VirtualList_HandleEvent)
    UI_VirtualList_Init                      0x08006c71   Thumb Code    64  ui_virtual_list.o(.text.UI_VirtualList_Init)
    USART1_IRQHandler                        0x08006cb1   Thumb Code    16  stm32l4xx_it.o(.text.USART1_IRQHandler)
    UsageFault_Handler                       0x08006cc1   Thumb Code     2  stm32l4xx_it.o(.text.UsageFault_Handler)
    egui_api_assert                          0x08006d39   Thumb Code     8  ui_egui_runtime.o(.text.egui_api_assert)
    egui_api_free                            0x08006d41   Thumb Code     2  ui_egui_runtime.o(.text.egui_api_free)
    egui_api_malloc                          0x08006d45   Thumb Code     4  ui_egui_runtime.o(.text.egui_api_malloc)
    egui_canvas_calc_work_region             0x08006db5   Thumb Code    54  egui_canvas.o(.text.egui_canvas_calc_work_region)
    egui_canvas_draw_fillrect                0x08006ded   Thumb Code   144  egui_canvas.o(.text.egui_canvas_draw_fillrect)
    egui_canvas_draw_line                    0x08006e7d   Thumb Code   726  egui_canvas_line.o(.text.egui_canvas_draw_line)
    egui_canvas_draw_point                   0x08007159   Thumb Code    98  egui_canvas.o(.text.egui_canvas_draw_point)
    egui_canvas_draw_rectangle               0x080071bd   Thumb Code   188  egui_canvas.o(.text.egui_canvas_draw_rectangle)
    egui_canvas_draw_rectangle_fill          0x08007281   Thumb Code    40  egui_canvas.o(.text.egui_canvas_draw_rectangle_fill)
    egui_canvas_draw_text                    0x080072a9   Thumb Code    36  egui_canvas.o(.text.egui_canvas_draw_text)
    egui_canvas_fill_color_buffer            0x0800772d   Thumb Code    70  egui_canvas.o(.text.egui_canvas_fill_color_buffer)
    egui_canvas_init                         0x08007779   Thumb Code    20  egui_canvas.o(.text.egui_canvas_init)
    egui_font_get_utf8_code                  0x0800795d   Thumb Code   104  egui_font.o(.text.egui_font_get_utf8_code)
    egui_font_std_draw_string                0x08007ded   Thumb Code   308  egui_font_std.o(.text.egui_font_std_draw_string)
    egui_font_std_get_str_size               0x08008029   Thumb Code   200  egui_font_std.o(.text.egui_font_std_get_str_size)
    egui_free                                0x08008155   Thumb Code     8  egui_common.o(.text.egui_free)
    egui_malloc                              0x0800815d   Thumb Code     8  egui_common.o(.text.egui_malloc)
    egui_region_copy                         0x08008165   Thumb Code    20  egui_region.o(.text.egui_region_copy)
    main                                     0x08008361   Thumb Code    40  main.o(.text.main)
    pvTaskIncrementMutexHeldCount            0x08008829   Thumb Code    24  tasks.o(.text.pvTaskIncrementMutexHeldCount)
    pxPortInitialiseStack                    0x08008841   Thumb Code    40  port.o(.text.pxPortInitialiseStack)
    uxListRemove                             0x08008869   Thumb Code    34  list.o(.text.uxListRemove)
    vApplicationGetIdleTaskMemory            0x0800888d   Thumb Code    26  app_freertos.o(.text.vApplicationGetIdleTaskMemory)
    vApplicationStackOverflowHook            0x080088a9   Thumb Code    18  app_freertos.o(.text.vApplicationStackOverflowHook)
    vListInitialise                          0x080088bd   Thumb Code    22  list.o(.text.vListInitialise)
    vListInitialiseItem                      0x080088d5   Thumb Code     6  list.o(.text.vListInitialiseItem)
    vListInsert                              0x080088dd   Thumb Code    58  list.o(.text.vListInsert)
    vListInsertEnd                           0x08008919   Thumb Code    28  list.o(.text.vListInsertEnd)
    vPortEnterCritical                       0x08008949   Thumb Code    58  port.o(.text.vPortEnterCritical)
    vPortExitCritical                        0x08008985   Thumb Code    38  port.o(.text.vPortExitCritical)
    vPortFree                                0x080089ad   Thumb Code   104  heap_4.o(.text.vPortFree)
    vPortSetupTimerInterrupt                 0x08008a15   Thumb Code    46  port.o(.text.vPortSetupTimerInterrupt)
    vTaskDelayUntil                          0x08008a45   Thumb Code   132  tasks.o(.text.vTaskDelayUntil)
    vTaskMissedYield                         0x08008ac9   Thumb Code    14  tasks.o(.text.vTaskMissedYield)
    vTaskPlaceOnEventList                    0x08008ad9   Thumb Code    42  tasks.o(.text.vTaskPlaceOnEventList)
    vTaskPriorityInherit                     0x08008b05   Thumb Code   154  tasks.o(.text.vTaskPriorityInherit)
    vTaskSetTimeOutState                     0x08008ba1   Thumb Code    38  tasks.o(.text.vTaskSetTimeOutState)
    vTaskStartScheduler                      0x08008bc9   Thumb Code   120  tasks.o(.text.vTaskStartScheduler)
    vTaskSuspendAll                          0x08008c49   Thumb Code    16  tasks.o(.text.vTaskSuspendAll)
    vTaskSwitchContext                       0x08008c59   Thumb Code   170  tasks.o(.text.vTaskSwitchContext)
    xPortStartScheduler                      0x08008d05   Thumb Code   218  port.o(.text.xPortStartScheduler)
    xQueueGenericCreateStatic                0x08008de1   Thumb Code    86  queue.o(.text.xQueueGenericCreateStatic)
    xQueueGenericReceive                     0x08008e39   Thumb Code   440  queue.o(.text.xQueueGenericReceive)
    xQueueGenericReset                       0x08008ff9   Thumb Code   118  queue.o(.text.xQueueGenericReset)
    xTaskCheckForTimeOut                     0x08009071   Thumb Code   108  tasks.o(.text.xTaskCheckForTimeOut)
    xTaskCreateStatic                        0x080090dd   Thumb Code    66  tasks.o(.text.xTaskCreateStatic)
    xTaskGetSchedulerState                   0x08009121   Thumb Code    38  tasks.o(.text.xTaskGetSchedulerState)
    xTaskGetTickCount                        0x08009149   Thumb Code    12  tasks.o(.text.xTaskGetTickCount)
    xTaskIncrementTick                       0x08009155   Thumb Code   344  tasks.o(.text.xTaskIncrementTick)
    xTaskRemoveFromEventList                 0x080092b5   Thumb Code   136  tasks.o(.text.xTaskRemoveFromEventList)
    xTaskResumeAll                           0x0800933d   Thumb Code   268  tasks.o(.text.xTaskResumeAll)
    __0snprintf                              0x08009451   Thumb Code    48  printfa.o(i.__0snprintf)
    __1snprintf                              0x08009451   Thumb Code     0  printfa.o(i.__0snprintf)
    __2snprintf                              0x08009451   Thumb Code     0  printfa.o(i.__0snprintf)
    __c89snprintf                            0x08009451   Thumb Code     0  printfa.o(i.__0snprintf)
    snprintf                                 0x08009451   Thumb Code     0  printfa.o(i.__0snprintf)
    __scatterload_copy                       0x08009485   Thumb Code    14  handlers.o(i.__scatterload_copy)
    __scatterload_null                       0x08009493   Thumb Code     2  handlers.o(i.__scatterload_null)
    __scatterload_zeroinit                   0x08009495   Thumb Code    14  handlers.o(i.__scatterload_zeroinit)
    AHBPrescTable                            0x08009d88   Data          16  system_stm32l4xx.o(.rodata.AHBPrescTable)
    APBPrescTable                            0x08009d98   Data           8  system_stm32l4xx.o(.rodata.APBPrescTable)
    MSIRangeTable                            0x08009da0   Data          48  system_stm32l4xx.o(.rodata.MSIRangeTable)
    egui_alpha_change_table_4                0x08009de8   Data          16  egui_common.o(.rodata.egui_alpha_change_table_4)
    egui_font_std_t_api_table                0x08009df8   Data           8  egui_font_std.o(.rodata.egui_font_std_t_api_table)
    egui_res_font_montserrat_12_4            0x08009e00   Data           8  egui_res_font_montserrat_12_4.o(.rodata.egui_res_font_montserrat_12_4)
    Region$$Table$$Base                      0x0800b188   Number         0  anon$$obj.o(Region$$Table)
    Region$$Table$$Limit                     0x0800b1a8   Number         0  anon$$obj.o(Region$$Table)
    SystemCoreClock                          0x20000000   Data           4  system_stm32l4xx.o(.data.SystemCoreClock)
    uwTickFreq                               0x200000f0   Data           1  stm32l4xx_hal.o(.data.uwTickFreq)
    uwTickPrio                               0x200000f4   Data           4  stm32l4xx_hal.o(.data.uwTickPrio)
    hdma_usart1_rx                           0x20007ec8   Data          72  usart.o(.bss.hdma_usart1_rx)
    hspi1                                    0x20007f10   Data         100  spi.o(.bss.hspi1)
    htim6                                    0x20007f74   Data          76  tim.o(.bss.htim6)
    htim7                                    0x20007fc0   Data          76  stm32l4xx_hal_timebase_tim.o(.bss.htim7)
    huart1                                   0x2000800c   Data         136  usart.o(.bss.huart1)
    pxCurrentTCB                             0x20008094   Data           4  tasks.o(.bss.pxCurrentTCB)
    uwTick                                   0x20008138   Data           4  stm32l4xx_hal.o(.bss.uwTick)
    __initial_sp                             0x20008c38   Data           0  startup_stm32l471xx.o(STACK)



==============================================================================

Memory Map of the image

  Image Entry point : 0x08000189

  Load Region LR_IROM1 (Base: 0x08000000, Size: 0x0000b2a8, Max: 0x00100000, ABSOLUTE)

    Execution Region ER_IROM1 (Exec base: 0x08000000, Load base: 0x08000000, Size: 0x0000b1a8, Max: 0x00100000, ABSOLUTE)

    Exec Addr    Load Addr    Size         Type   Attr      Idx    E Section Name        Object

    0x08000000   0x08000000   0x00000188   Data   RO            3    RESET               startup_stm32l471xx.o
    0x08000188   0x08000188   0x00000000   Code   RO         2592  * .ARM.Collect$$$$00000000  mc_w.l(entry.o)
    0x08000188   0x08000188   0x00000004   Code   RO         2872    .ARM.Collect$$$$00000001  mc_w.l(entry2.o)
    0x0800018c   0x0800018c   0x00000004   Code   RO         2875    .ARM.Collect$$$$00000004  mc_w.l(entry5.o)
    0x08000190   0x08000190   0x00000000   Code   RO         2877    .ARM.Collect$$$$00000008  mc_w.l(entry7b.o)
    0x08000190   0x08000190   0x00000000   Code   RO         2879    .ARM.Collect$$$$0000000A  mc_w.l(entry8b.o)
    0x08000190   0x08000190   0x00000008   Code   RO         2880    .ARM.Collect$$$$0000000B  mc_w.l(entry9a.o)
    0x08000198   0x08000198   0x00000000   Code   RO         2882    .ARM.Collect$$$$0000000D  mc_w.l(entry10a.o)
    0x08000198   0x08000198   0x00000000   Code   RO         2884    .ARM.Collect$$$$0000000F  mc_w.l(entry11a.o)
    0x08000198   0x08000198   0x00000004   Code   RO         2873    .ARM.Collect$$$$00002712  mc_w.l(entry2.o)
    0x0800019c   0x0800019c   0x00000024   Code   RO            4    .text               startup_stm32l471xx.o
    0x080001c0   0x080001c0   0x00000068   Code   RO         2595    .text               mc_w.l(uldiv.o)
    0x08000228   0x08000228   0x00000062   Code   RO         2597    .text               mc_w.l(ldiv.o)
    0x0800028a   0x0800028a   0x00000024   Code   RO         2599    .text               mc_w.l(memcpya.o)
    0x080002ae   0x080002ae   0x00000024   Code   RO         2601    .text               mc_w.l(memseta.o)
    0x080002d2   0x080002d2   0x00000018   Code   RO         2603    .text               mc_w.l(strncpy.o)
    0x080002ea   0x080002ea   0x00000014   Code   RO         2605    .text               mc_w.l(strchr.o)
    0x080002fe   0x080002fe   0x0000000e   Code   RO         2607    .text               mc_w.l(strlen.o)
    0x0800030c   0x0800030c   0x0000002c   Code   RO         2900    .text               mc_w.l(uidiv.o)
    0x08000338   0x08000338   0x0000001e   Code   RO         2902    .text               mc_w.l(llshl.o)
    0x08000356   0x08000356   0x00000020   Code   RO         2904    .text               mc_w.l(llushr.o)
    0x08000376   0x08000376   0x00000000   Code   RO         2906    .text               mc_w.l(iusefp.o)
    0x08000376   0x08000376   0x0000015e   Code   RO         2907    .text               mf_w.l(dadd.o)
    0x080004d4   0x080004d4   0x000000ea   Code   RO         2909    .text               mf_w.l(dmul.o)
    0x080005be   0x080005be   0x000000de   Code   RO         2911    .text               mf_w.l(ddiv.o)
    0x0800069c   0x0800069c   0x00000030   Code   RO         2913    .text               mf_w.l(dfixul.o)
    0x080006cc   0x080006cc   0x00000030   Code   RO         2915    .text               mf_w.l(cdrcmple.o)
    0x080006fc   0x080006fc   0x00000024   Code   RO         2917    .text               mc_w.l(init.o)
    0x08000720   0x08000720   0x00000024   Code   RO         2920    .text               mc_w.l(llsshr.o)
    0x08000744   0x08000744   0x000000ba   Code   RO         2923    .text               mf_w.l(depilogue.o)
    0x080007fe   0x080007fe   0x00000002   PAD
    0x08000800   0x08000800   0x00000002   Code   RO           98    .text.BusFault_Handler  stm32l4xx_it.o
    0x08000802   0x08000802   0x00000002   PAD
    0x08000804   0x08000804   0x00000010   Code   RO          104    .text.DMA1_Channel5_IRQHandler  stm32l4xx_it.o
    0x08000814   0x08000814   0x00000002   Code   RO          102    .text.DebugMon_Handler  stm32l4xx_it.o
    0x08000816   0x08000816   0x00000002   PAD
    0x08000818   0x08000818   0x0000000a   Code   RO           15    .text.Error_Handler  main.o
    0x08000822   0x08000822   0x00000002   PAD
    0x08000824   0x08000824   0x0000004c   Code   RO          928    .text.HAL_DMA_Abort  stm32l4xx_hal_dma.o
    0x08000870   0x08000870   0x00000058   Code   RO          930    .text.HAL_DMA_Abort_IT  stm32l4xx_hal_dma.o
    0x080008c8   0x080008c8   0x000000bc   Code   RO          934    .text.HAL_DMA_IRQHandler  stm32l4xx_hal_dma.o
    0x08000984   0x08000984   0x000000d2   Code   RO          918    .text.HAL_DMA_Init  stm32l4xx_hal_dma.o
    0x08000a56   0x08000a56   0x00000002   PAD
    0x08000a58   0x08000a58   0x00000028   Code   RO          657    .text.HAL_Delay     stm32l4xx_hal.o
    0x08000a80   0x08000a80   0x000001b8   Code   RO          892    .text.HAL_GPIO_Init  stm32l4xx_hal_gpio.o
    0x08000c38   0x08000c38   0x0000000c   Code   RO          898    .text.HAL_GPIO_WritePin  stm32l4xx_hal_gpio.o
    0x08000c44   0x08000c44   0x0000000c   Code   RO          649    .text.HAL_GetTick   stm32l4xx_hal.o
    0x08000c50   0x08000c50   0x0000001a   Code   RO          647    .text.HAL_IncTick   stm32l4xx_hal.o
    0x08000c6a   0x08000c6a   0x00000002   PAD
    0x08000c6c   0x08000c6c   0x0000001e   Code   RO          637    .text.HAL_Init      stm32l4xx_hal.o
    0x08000c8a   0x08000c8a   0x00000002   PAD
    0x08000c8c   0x08000c8c   0x000000ac   Code   RO          127    .text.HAL_InitTick  stm32l4xx_hal_timebase_tim.o
    0x08000d38   0x08000d38   0x00000032   Code   RO          119    .text.HAL_MspInit   stm32l4xx_hal_msp.o
    0x08000d6a   0x08000d6a   0x00000002   PAD
    0x08000d6c   0x08000d6c   0x00000008   Code   RO         1081    .text.HAL_NVIC_EnableIRQ  stm32l4xx_hal_cortex.o
    0x08000d74   0x08000d74   0x0000001e   Code   RO         1073    .text.HAL_NVIC_SetPriority  stm32l4xx_hal_cortex.o
    0x08000d92   0x08000d92   0x00000002   PAD
    0x08000d94   0x08000d94   0x00000008   Code   RO         1069    .text.HAL_NVIC_SetPriorityGrouping  stm32l4xx_hal_cortex.o
    0x08000d9c   0x08000d9c   0x00000076   Code   RO          995    .text.HAL_PWREx_ControlVoltageScaling  stm32l4xx_hal_pwr_ex.o
    0x08000e12   0x08000e12   0x00000002   PAD
    0x08000e14   0x08000e14   0x00000010   Code   RO          993    .text.HAL_PWREx_GetVoltageRange  stm32l4xx_hal_pwr_ex.o
    0x08000e24   0x08000e24   0x00000380   Code   RO          756    .text.HAL_RCCEx_PeriphCLKConfig  stm32l4xx_hal_rcc_ex.o
    0x080011a4   0x080011a4   0x00000190   Code   RO          726    .text.HAL_RCC_ClockConfig  stm32l4xx_hal_rcc.o
    0x08001334   0x08001334   0x00000042   Code   RO          738    .text.HAL_RCC_GetClockConfig  stm32l4xx_hal_rcc.o
    0x08001376   0x08001376   0x00000002   PAD
    0x08001378   0x08001378   0x0000000c   Code   RO          730    .text.HAL_RCC_GetHCLKFreq  stm32l4xx_hal_rcc.o
    0x08001384   0x08001384   0x00000026   Code   RO          732    .text.HAL_RCC_GetPCLK1Freq  stm32l4xx_hal_rcc.o
    0x080013aa   0x080013aa   0x00000002   PAD
    0x080013ac   0x080013ac   0x00000026   Code   RO          734    .text.HAL_RCC_GetPCLK2Freq  stm32l4xx_hal_rcc.o
    0x080013d2   0x080013d2   0x00000002   PAD
    0x080013d4   0x080013d4   0x000000c0   Code   RO          724    .text.HAL_RCC_GetSysClockFreq  stm32l4xx_hal_rcc.o
    0x08001494   0x08001494   0x0000058c   Code   RO          720    .text.HAL_RCC_OscConfig  stm32l4xx_hal_rcc.o
    0x08001a20   0x08001a20   0x000000da   Code   RO          508    .text.HAL_SPI_Init  stm32l4xx_hal_spi.o
    0x08001afa   0x08001afa   0x00000002   PAD
    0x08001afc   0x08001afc   0x0000006e   Code   RO           48    .text.HAL_SPI_MspInit  spi.o
    0x08001b6a   0x08001b6a   0x00000002   PAD
    0x08001b6c   0x08001b6c   0x000001c8   Code   RO          516    .text.HAL_SPI_Transmit  stm32l4xx_hal_spi.o
    0x08001d34   0x08001d34   0x00000002   Code   RO          494    .text.HAL_TIMEx_Break2Callback  stm32l4xx_hal_tim_ex.o
    0x08001d36   0x08001d36   0x00000002   PAD
    0x08001d38   0x08001d38   0x00000002   Code   RO          492    .text.HAL_TIMEx_BreakCallback  stm32l4xx_hal_tim_ex.o
    0x08001d3a   0x08001d3a   0x00000002   PAD
    0x08001d3c   0x08001d3c   0x00000002   Code   RO          488    .text.HAL_TIMEx_CommutCallback  stm32l4xx_hal_tim_ex.o
    0x08001d3e   0x08001d3e   0x00000002   PAD
    0x08001d40   0x08001d40   0x000000c2   Code   RO          478    .text.HAL_TIMEx_MasterConfigSynchronization  stm32l4xx_hal_tim_ex.o
    0x08001e02   0x08001e02   0x00000002   PAD
    0x08001e04   0x08001e04   0x00000062   Code   RO          160    .text.HAL_TIM_Base_Init  stm32l4xx_hal_tim.o
    0x08001e66   0x08001e66   0x00000002   PAD
    0x08001e68   0x08001e68   0x00000044   Code   RO           63    .text.HAL_TIM_Base_MspInit  tim.o
    0x08001eac   0x08001eac   0x000000b0   Code   RO          174    .text.HAL_TIM_Base_Start_IT  stm32l4xx_hal_tim.o
    0x08001f5c   0x08001f5c   0x00000002   Code   RO          296    .text.HAL_TIM_IC_CaptureCallback  stm32l4xx_hal_tim.o
    0x08001f5e   0x08001f5e   0x00000002   PAD
    0x08001f60   0x08001f60   0x0000015a   Code   RO          294    .text.HAL_TIM_IRQHandler  stm32l4xx_hal_tim.o
    0x080020ba   0x080020ba   0x00000002   PAD
    0x080020bc   0x080020bc   0x00000002   Code   RO          298    .text.HAL_TIM_OC_DelayElapsedCallback  stm32l4xx_hal_tim.o
    0x080020be   0x080020be   0x00000002   PAD
    0x080020c0   0x080020c0   0x00000002   Code   RO          300    .text.HAL_TIM_PWM_PulseFinishedCallback  stm32l4xx_hal_tim.o
    0x080020c2   0x080020c2   0x00000002   PAD
    0x080020c4   0x080020c4   0x00000016   Code   RO           17    .text.HAL_TIM_PeriodElapsedCallback  main.o
    0x080020da   0x080020da   0x00000002   PAD
    0x080020dc   0x080020dc   0x00000002   Code   RO          304    .text.HAL_TIM_TriggerCallback  stm32l4xx_hal_tim.o
    0x080020de   0x080020de   0x00000002   PAD
    0x080020e0   0x080020e0   0x00000002   Code   RO         1261    .text.HAL_UARTEx_RxEventCallback  stm32l4xx_hal_uart.o
    0x080020e2   0x080020e2   0x00000002   PAD
    0x080020e4   0x080020e4   0x00000002   Code   RO         1313    .text.HAL_UARTEx_WakeupCallback  stm32l4xx_hal_uart_ex.o
    0x080020e6   0x080020e6   0x00000002   PAD
    0x080020e8   0x080020e8   0x00000002   Code   RO         1259    .text.HAL_UART_ErrorCallback  stm32l4xx_hal_uart.o
    0x080020ea   0x080020ea   0x00000002   PAD
    0x080020ec   0x080020ec   0x000002ca   Code   RO         1255    .text.HAL_UART_IRQHandler  stm32l4xx_hal_uart.o
    0x080023b6   0x080023b6   0x00000002   PAD
    0x080023b8   0x080023b8   0x0000005e   Code   RO         1171    .text.HAL_UART_Init  stm32l4xx_hal_uart.o
    0x08002416   0x08002416   0x00000002   PAD
    0x08002418   0x08002418   0x000000d4   Code   RO           78    .text.HAL_UART_MspInit  usart.o
    0x080024ec   0x080024ec   0x00000002   Code   RO         1265    .text.HAL_UART_TxCpltCallback  stm32l4xx_hal_uart.o
    0x080024ee   0x080024ee   0x00000002   PAD
    0x080024f0   0x080024f0   0x00000002   Code   RO           94    .text.HardFault_Handler  stm32l4xx_it.o
    0x080024f2   0x080024f2   0x00000002   PAD
    0x080024f4   0x080024f4   0x00000042   Code   RO         1863    .text.LCD_Address_Set  lcd_init.o
    0x08002536   0x08002536   0x00000002   PAD
    0x08002538   0x08002538   0x00000084   Code   RO         1869    .text.LCD_DrawRGB565Buffer  lcd_init.o
    0x080025bc   0x080025bc   0x00000636   Code   RO         1871    .text.LCD_Init      lcd_init.o
    0x08002bf2   0x08002bf2   0x00000002   PAD
    0x08002bf4   0x08002bf4   0x0000003c   Code   RO         1853    .text.LCD_WR_Bus    lcd_init.o
    0x08002c30   0x08002c30   0x0000002e   Code   RO         1859    .text.LCD_WR_DATA   lcd_init.o
    0x08002c5e   0x08002c5e   0x00000002   PAD
    0x08002c60   0x08002c60   0x00000028   Code   RO         1857    .text.LCD_WR_DATA8  lcd_init.o
    0x08002c88   0x08002c88   0x00000028   Code   RO         1855    .text.LCD_WR_REG    lcd_init.o
    0x08002cb0   0x08002cb0   0x00000032   Code   RO           37    .text.MX_DMA_Init   dma.o
    0x08002ce2   0x08002ce2   0x00000002   PAD
    0x08002ce4   0x08002ce4   0x00000010   Code   RO          142    .text.MX_FREERTOS_Init  app_freertos.o
    0x08002cf4   0x08002cf4   0x0000014c   Code   RO           28    .text.MX_GPIO_Init  gpio.o
    0x08002e40   0x08002e40   0x00000052   Code   RO           46    .text.MX_SPI1_Init  spi.o
    0x08002e92   0x08002e92   0x00000002   PAD
    0x08002e94   0x08002e94   0x00000056   Code   RO           61    .text.MX_TIM6_Init  tim.o
    0x08002eea   0x08002eea   0x00000002   PAD
    0x08002eec   0x08002eec   0x0000003c   Code   RO           76    .text.MX_USART1_UART_Init  usart.o
    0x08002f28   0x08002f28   0x00000002   Code   RO           96    .text.MemManage_Handler  stm32l4xx_it.o
    0x08002f2a   0x08002f2a   0x00000002   PAD
    0x08002f2c   0x08002f2c   0x00000002   Code   RO           92    .text.NMI_Handler   stm32l4xx_it.o
    0x08002f2e   0x08002f2e   0x00000002   PAD
    0x08002f30   0x08002f30   0x0000002c   Code   RO         1079    .text.NVIC_EncodePriority  stm32l4xx_hal_cortex.o
    0x08002f5c   0x08002f5c   0x00000004   PAD
    0x08002f60   0x08002f60   0x0000007a   Code   RO         2576    .text.PendSV_Handler  port.o
    0x08002fda   0x08002fda   0x00000002   PAD
    0x08002fdc   0x08002fdc   0x0000018e   Code   RO          758    .text.RCCEx_PLLSAI1_Config  stm32l4xx_hal_rcc_ex.o
    0x0800316a   0x0800316a   0x00000002   PAD
    0x0800316c   0x0800316c   0x0000015e   Code   RO          760    .text.RCCEx_PLLSAI2_Config  stm32l4xx_hal_rcc_ex.o
    0x080032ca   0x080032ca   0x00000002   PAD
    0x080032cc   0x080032cc   0x0000008e   Code   RO          722    .text.RCC_SetFlashLatencyFromMSIRange  stm32l4xx_hal_rcc.o
    0x0800335a   0x0800335a   0x00000002   PAD
    0x0800335c   0x0800335c   0x00000042   Code   RO          518    .text.SPI_EndRxTxTransaction  stm32l4xx_hal_spi.o
    0x0800339e   0x0800339e   0x00000002   PAD
    0x080033a0   0x080033a0   0x000000ee   Code   RO          574    .text.SPI_WaitFifoStateUntilTimeout  stm32l4xx_hal_spi.o
    0x0800348e   0x0800348e   0x00000002   PAD
    0x08003490   0x08003490   0x000000b4   Code   RO          576    .text.SPI_WaitFlagStateUntilTimeout  stm32l4xx_hal_spi.o
    0x08003544   0x08003544   0x0000000c   PAD
    0x08003550   0x08003550   0x0000002e   Code   RO         2560    .text.SVC_Handler   port.o
    0x0800357e   0x0800357e   0x00000002   PAD
    0x08003580   0x08003580   0x0000002e   Code   RO         2578    .text.SysTick_Handler  port.o
    0x080035ae   0x080035ae   0x00000002   PAD
    0x080035b0   0x080035b0   0x0000006c   Code   RO           13    .text.SystemClock_Config  main.o
    0x0800361c   0x0800361c   0x00000012   Code   RO         1345    .text.SystemInit    system_stm32l4xx.o
    0x0800362e   0x0800362e   0x00000002   PAD
    0x08003630   0x08003630   0x00000010   Code   RO          108    .text.TIM6_DAC_IRQHandler  stm32l4xx_it.o
    0x08003640   0x08003640   0x00000010   Code   RO          110    .text.TIM7_IRQHandler  stm32l4xx_it.o
    0x08003650   0x08003650   0x0000012e   Code   RO          164    .text.TIM_Base_SetConfig  stm32l4xx_hal_tim.o
    0x0800377e   0x0800377e   0x00000002   PAD
    0x08003780   0x08003780   0x000000e6   Code   RO         1175    .text.UART_AdvFeatureConfig  stm32l4xx_hal_uart.o
    0x08003866   0x08003866   0x00000002   PAD
    0x08003868   0x08003868   0x000000ba   Code   RO         1179    .text.UART_CheckIdleState  stm32l4xx_hal_uart.o
    0x08003922   0x08003922   0x00000002   PAD
    0x08003924   0x08003924   0x0000000a   Code   RO         1257    .text.UART_DMAAbortOnError  stm32l4xx_hal_uart.o
    0x0800392e   0x0800392e   0x00000002   PAD
    0x08003930   0x08003930   0x00000052   Code   RO         1227    .text.UART_EndRxTransfer  stm32l4xx_hal_uart.o
    0x08003982   0x08003982   0x00000002   PAD
    0x08003984   0x08003984   0x00000026   Code   RO         1263    .text.UART_EndTransmit_IT  stm32l4xx_hal_uart.o
    0x080039aa   0x080039aa   0x00000002   PAD
    0x080039ac   0x080039ac   0x00000274   Code   RO         1177    .text.UART_SetConfig  stm32l4xx_hal_uart.o
    0x08003c20   0x08003c20   0x000000c2   Code   RO         1193    .text.UART_WaitOnFlagUntilTimeout  stm32l4xx_hal_uart.o
    0x08003ce2   0x08003ce2   0x00000002   PAD
    0x08003ce4   0x08003ce4   0x00000020   Code   RO         1439    .text.UI_AnimationScheduler_Init  ui_animation.o
    0x08003d04   0x08003d04   0x000000d2   Code   RO         1443    .text.UI_AnimationScheduler_Update  ui_animation.o
    0x08003dd6   0x08003dd6   0x00000002   PAD
    0x08003dd8   0x08003dd8   0x00000008   Code   RO         1403    .text.UI_App_Color  ui_app.o
    0x08003de0   0x08003de0   0x00000136   Code   RO         1389    .text.UI_App_DrawChrome  ui_app.o
    0x08003f16   0x08003f16   0x00000002   PAD
    0x08003f18   0x08003f18   0x000001b4   Code   RO         1391    .text.UI_App_DrawControls  ui_app.o
    0x080040cc   0x080040cc   0x0000017c   Code   RO         1395    .text.UI_App_DrawData  ui_app.o
    0x08004248   0x08004248   0x00000078   Code   RO         1401    .text.UI_App_DrawFooter  ui_app.o
    0x080042c0   0x080042c0   0x0000020c   Code   RO         1399    .text.UI_App_DrawHome  ui_app.o
    0x080044cc   0x080044cc   0x000000d0   Code   RO         1393    .text.UI_App_DrawList  ui_app.o
    0x0800459c   0x0800459c   0x00000170   Code   RO         1397    .text.UI_App_DrawSettings  ui_app.o
    0x0800470c   0x0800470c   0x00000026   Code   RO         1385    .text.UI_App_FindPageIndex  ui_app.o
    0x08004732   0x08004732   0x00000002   PAD
    0x08004734   0x08004734   0x00000108   Code   RO         1361    .text.UI_App_Init   ui_app.o
    0x0800483c   0x0800483c   0x0000001e   Code   RO         1387    .text.UI_App_InvalidateFull  ui_app.o
    0x0800485a   0x0800485a   0x00000002   PAD
    0x0800485c   0x0800485c   0x00000038   Code   RO         1363    .text.UI_App_ListGetItemText  ui_app.o
    0x08004894   0x08004894   0x00000064   Code   RO         1365    .text.UI_App_ListOnItemClick  ui_app.o
    0x080048f8   0x080048f8   0x0000002a   Code   RO         1407    .text.UI_App_OpenPageIndex  ui_app.o
    0x08004922   0x08004922   0x00000002   PAD
    0x08004924   0x08004924   0x00000100   Code   RO         1369    .text.UI_App_PageCreate  ui_app.o
    0x08004a24   0x08004a24   0x00000002   Code   RO         1379    .text.UI_App_PageDestroy  ui_app.o
    0x08004a26   0x08004a26   0x00000002   PAD
    0x08004a28   0x08004a28   0x0000004c   Code   RO         1375    .text.UI_App_PageDraw  ui_app.o
    0x08004a74   0x08004a74   0x00000018   Code   RO         1371    .text.UI_App_PageEnter  ui_app.o
    0x08004a8c   0x08004a8c   0x00000002   Code   RO         1377    .text.UI_App_PageExit  ui_app.o
    0x08004a8e   0x08004a8e   0x00000002   PAD
    0x08004a90   0x08004a90   0x00000028   Code   RO         1367    .text.UI_App_PageFactory  ui_app.o
    0x08004ab8   0x08004ab8   0x0000013c   Code   RO         1383    .text.UI_App_PageHandleEvent  ui_app.o
    0x08004bf4   0x08004bf4   0x00000030   Code   RO         1381    .text.UI_App_PageHandleMessage  ui_app.o
    0x08004c24   0x08004c24   0x00000026   Code   RO         1409    .text.UI_App_PageIdFromIndex  ui_app.o
    0x08004c4a   0x08004c4a   0x00000002   PAD
    0x08004c4c   0x08004c4c   0x000000a4   Code   RO         1373    .text.UI_App_PageProcess  ui_app.o
    0x08004cf0   0x08004cf0   0x00000040   Code   RO         1405    .text.UI_App_Style  ui_app.o
    0x08004d30   0x08004d30   0x0000001e   Code   RO         1455    .text.UI_DirtyRegion_Init  ui_dirty_region.o
    0x08004d4e   0x08004d4e   0x00000002   PAD
    0x08004d50   0x08004d50   0x0000007c   Code   RO         1457    .text.UI_DirtyRegion_Invalidate  ui_dirty_region.o
    0x08004dcc   0x08004dcc   0x00000052   Code   RO         1461    .text.UI_DirtyRegion_Merge  ui_dirty_region.o
    0x08004e1e   0x08004e1e   0x00000002   PAD
    0x08004e20   0x08004e20   0x0000005a   Code   RO         1459    .text.UI_DirtyRegion_OverlapsOrTouches  ui_dirty_region.o
    0x08004e7a   0x08004e7a   0x00000002   PAD
    0x08004e7c   0x08004e7c   0x0000004a   Code   RO         1463    .text.UI_DirtyRegion_Take  ui_dirty_region.o
    0x08004ec6   0x08004ec6   0x00000002   PAD
    0x08004ec8   0x08004ec8   0x0000005c   Code   RO         1573    .text.UI_FXEmitter_DefaultBehavior  ui_fx_emitter.o
    0x08004f24   0x08004f24   0x0000004a   Code   RO         1581    .text.UI_FXEmitter_Draw  ui_fx_emitter.o
    0x08004f6e   0x08004f6e   0x00000002   PAD
    0x08004f70   0x08004f70   0x00000012   Code   RO         1569    .text.UI_FXEmitter_Init  ui_fx_emitter.o
    0x08004f82   0x08004f82   0x00000002   PAD
    0x08004f84   0x08004f84   0x00000086   Code   RO         1575    .text.UI_FXEmitter_ResetParticle  ui_fx_emitter.o
    0x0800500a   0x0800500a   0x00000002   PAD
    0x0800500c   0x0800500c   0x00000070   Code   RO         1571    .text.UI_FXEmitter_Start  ui_fx_emitter.o
    0x0800507c   0x0800507c   0x00000040   Code   RO         1579    .text.UI_FXEmitter_Update  ui_fx_emitter.o
    0x080050bc   0x080050bc   0x0000002c   Code   RO         1481    .text.UI_FocusEngine_FindFirstFocusable  ui_focus_engine.o
    0x080050e8   0x080050e8   0x0000002a   Code   RO         1487    .text.UI_FocusEngine_FindNextSiblingFocusable  ui_focus_engine.o
    0x08005112   0x08005112   0x00000002   PAD
    0x08005114   0x08005114   0x0000004c   Code   RO         1485    .text.UI_FocusEngine_HandleEvent  ui_focus_engine.o
    0x08005160   0x08005160   0x00000018   Code   RO         1475    .text.UI_FocusEngine_Init  ui_focus_engine.o
    0x08005178   0x08005178   0x0000002c   Code   RO         1479    .text.UI_FocusEngine_SetFocused  ui_focus_engine.o
    0x080051a4   0x080051a4   0x00000016   Code   RO         1477    .text.UI_FocusEngine_SetRoot  ui_focus_engine.o
    0x080051ba   0x080051ba   0x00000002   PAD
    0x080051bc   0x080051bc   0x00000042   Code   RO         1499    .text.UI_InputEventQueue_Init  ui_input_event_queue.o
    0x080051fe   0x080051fe   0x00000002   PAD
    0x08005200   0x08005200   0x00000028   Code   RO         1503    .text.UI_InputEventQueue_Receive  ui_input_event_queue.o
    0x08005228   0x08005228   0x0000002c   Code   RO         1535    .text.UI_LayerManager_Draw  ui_layer_manager.o
    0x08005254   0x08005254   0x0000001c   Code   RO         1531    .text.UI_LayerManager_Init  ui_layer_manager.o
    0x08005270   0x08005270   0x0000001a   Code   RO         1533    .text.UI_LayerManager_SetDrawCallback  ui_layer_manager.o
    0x0800528a   0x0800528a   0x00000002   PAD
    0x0800528c   0x0800528c   0x00000068   Code   RO         1596    .text.UI_Marquee_Draw  ui_marquee.o
    0x080052f4   0x080052f4   0x0000001a   Code   RO         1592    .text.UI_Marquee_Init  ui_marquee.o
    0x0800530e   0x0800530e   0x00000002   PAD
    0x08005310   0x08005310   0x00000046   Code   RO         1594    .text.UI_Marquee_Update  ui_marquee.o
    0x08005356   0x08005356   0x00000002   PAD
    0x08005358   0x08005358   0x00000042   Code   RO         1621    .text.UI_MessageBus_Init  ui_message_bus.o
    0x0800539a   0x0800539a   0x00000002   PAD
    0x0800539c   0x0800539c   0x00000028   Code   RO         1625    .text.UI_MessageBus_Receive  ui_message_bus.o
    0x080053c4   0x080053c4   0x00000024   Code   RO         1550    .text.UI_ModalManager_Dismiss  ui_modal_manager.o
    0x080053e8   0x080053e8   0x0000011a   Code   RO         1558    .text.UI_ModalManager_Draw  ui_modal_manager.o
    0x08005502   0x08005502   0x00000002   PAD
    0x08005504   0x08005504   0x00000030   Code   RO         1554    .text.UI_ModalManager_HandleEvent  ui_modal_manager.o
    0x08005534   0x08005534   0x00000012   Code   RO         1546    .text.UI_ModalManager_Init  ui_modal_manager.o
    0x08005546   0x08005546   0x00000002   PAD
    0x08005548   0x08005548   0x00000028   Code   RO         1556    .text.UI_ModalManager_Process  ui_modal_manager.o
    0x08005570   0x08005570   0x00000070   Code   RO         1548    .text.UI_ModalManager_Show  ui_modal_manager.o
    0x080055e0   0x080055e0   0x00000018   Code   RO         1646    .text.UI_Navigation_GetActive  ui_navigation.o
    0x080055f8   0x080055f8   0x0000001c   Code   RO         1638    .text.UI_Navigation_Init  ui_navigation.o
    0x08005614   0x08005614   0x00000058   Code   RO         1640    .text.UI_Navigation_Push  ui_navigation.o
    0x0800566c   0x0800566c   0x0000006a   Code   RO         1642    .text.UI_Navigation_Replace  ui_navigation.o
    0x080056d6   0x080056d6   0x00000002   PAD
    0x080056d8   0x080056d8   0x00000034   Code   RO         1671    .text.UI_PageManager_DispatchEvent  ui_page_manager.o
    0x0800570c   0x0800570c   0x00000016   Code   RO         1675    .text.UI_PageManager_DrawActivePage  ui_page_manager.o
    0x08005722   0x08005722   0x00000002   PAD
    0x08005724   0x08005724   0x00000018   Code   RO         1669    .text.UI_PageManager_HandleMessage  ui_page_manager.o
    0x0800573c   0x0800573c   0x0000001a   Code   RO         1657    .text.UI_PageManager_Init  ui_page_manager.o
    0x08005756   0x08005756   0x00000002   PAD
    0x08005758   0x08005758   0x00000026   Code   RO         1659    .text.UI_PageManager_OpenRoot  ui_page_manager.o
    0x0800577e   0x0800577e   0x00000002   PAD
    0x08005780   0x08005780   0x00000016   Code   RO         1673    .text.UI_PageManager_ProcessActivePage  ui_page_manager.o
    0x08005796   0x08005796   0x00000002   PAD
    0x08005798   0x08005798   0x00000026   Code   RO         1665    .text.UI_PageManager_Replace  ui_page_manager.o
    0x080057be   0x080057be   0x00000002   PAD
    0x080057c0   0x080057c0   0x00000014   Code   RO         1661    .text.UI_PageManager_SyncFocusRoot  ui_page_manager.o
    0x080057d4   0x080057d4   0x0000007e   Code   RO         1518    .text.UI_PropertyBinding_BindRect  ui_property_binding.o
    0x08005852   0x08005852   0x00000002   PAD
    0x08005854   0x08005854   0x00000012   Code   RO         1516    .text.UI_PropertyBinding_Init  ui_property_binding.o
    0x08005866   0x08005866   0x00000002   PAD
    0x08005868   0x08005868   0x00000038   Code   RO         1520    .text.UI_PropertyBinding_UpdateDirtyRegions  ui_property_binding.o
    0x080058a0   0x080058a0   0x00000026   Code   RO         1710    .text.UI_PropertyStore_ClearFrontDirty  ui_property_store.o
    0x080058c6   0x080058c6   0x00000002   PAD
    0x080058c8   0x080058c8   0x00000024   Code   RO         1702    .text.UI_PropertyStore_FindReadableSlot  ui_property_store.o
    0x080058ec   0x080058ec   0x00000042   Code   RO         1694    .text.UI_PropertyStore_FindWritableSlot  ui_property_store.o
    0x0800592e   0x0800592e   0x00000002   PAD
    0x08005930   0x08005930   0x00000016   Code   RO         1704    .text.UI_PropertyStore_GetFrontInt  ui_property_store.o
    0x08005946   0x08005946   0x00000002   PAD
    0x08005948   0x08005948   0x00000024   Code   RO         1688    .text.UI_PropertyStore_Init  ui_property_store.o
    0x0800596c   0x0800596c   0x00000016   Code   RO         1708    .text.UI_PropertyStore_IsFrontDirty  ui_property_store.o
    0x08005982   0x08005982   0x00000002   PAD
    0x08005984   0x08005984   0x0000001c   Code   RO         1692    .text.UI_PropertyStore_SetInt  ui_property_store.o
    0x080059a0   0x080059a0   0x00000032   Code   RO         1698    .text.UI_PropertyStore_SetString  ui_property_store.o
    0x080059d2   0x080059d2   0x00000002   PAD
    0x080059d4   0x080059d4   0x00000054   Code   RO         1690    .text.UI_PropertyStore_SyncFront  ui_property_store.o
    0x08005a28   0x08005a28   0x0000003e   Code   RO         1748    .text.UI_RendererAdapter_AllocCommand  ui_renderer_adapter.o
    0x08005a66   0x08005a66   0x00000002   PAD
    0x08005a68   0x08005a68   0x0000000e   Code   RO         1732    .text.UI_RendererAdapter_BackgroundColor  ui_renderer_adapter.o
    0x08005a76   0x08005a76   0x00000002   PAD
    0x08005a78   0x08005a78   0x0000000e   Code   RO         1724    .text.UI_RendererAdapter_BeginFrame  ui_renderer_adapter.o
    0x08005a86   0x08005a86   0x00000002   PAD
    0x08005a88   0x08005a88   0x00000012   Code   RO         1764    .text.UI_RendererAdapter_ClampInt16  ui_renderer_adapter.o
    0x08005a9a   0x08005a9a   0x00000002   PAD
    0x08005a9c   0x08005a9c   0x00000008   Code   RO         1772    .text.UI_RendererAdapter_ClampPercent  ui_renderer_adapter.o
    0x08005aa4   0x08005aa4   0x00000236   Code   RO         1758    .text.UI_RendererAdapter_ClipLine  ui_renderer_adapter.o
    0x08005cda   0x08005cda   0x00000002   PAD
    0x08005cdc   0x08005cdc   0x00000108   Code   RO         1752    .text.UI_RendererAdapter_ClipRect  ui_renderer_adapter.o
    0x08005de4   0x08005de4   0x00000008   Code   RO         1742    .text.UI_RendererAdapter_Color  ui_renderer_adapter.o
    0x08005dec   0x08005dec   0x0000006c   Code   RO         1782    .text.UI_RendererAdapter_DrawBadge  ui_renderer_adapter.o
    0x08005e58   0x08005e58   0x0000009e   Code   RO         1768    .text.UI_RendererAdapter_DrawButton  ui_renderer_adapter.o
    0x08005ef6   0x08005ef6   0x00000002   PAD
    0x08005ef8   0x08005ef8   0x000000d2   Code   RO         1778    .text.UI_RendererAdapter_DrawCheckbox  ui_renderer_adapter.o
    0x08005fca   0x08005fca   0x00000002   PAD
    0x08005fcc   0x08005fcc   0x0000011a   Code   RO         1734    .text.UI_RendererAdapter_DrawCommand  ui_renderer_adapter.o
    0x080060e6   0x080060e6   0x00000002   PAD
    0x080060e8   0x080060e8   0x0000006c   Code   RO         1750    .text.UI_RendererAdapter_DrawFillRect  ui_renderer_adapter.o
    0x08006154   0x08006154   0x000000aa   Code   RO         1786    .text.UI_RendererAdapter_DrawIconBox  ui_renderer_adapter.o
    0x080061fe   0x080061fe   0x00000002   PAD
    0x08006200   0x08006200   0x00000072   Code   RO         1756    .text.UI_RendererAdapter_DrawLine  ui_renderer_adapter.o
    0x08006272   0x08006272   0x00000002   PAD
    0x08006274   0x08006274   0x000000c8   Code   RO         1780    .text.UI_RendererAdapter_DrawListItem  ui_renderer_adapter.o
    0x0800633c   0x0800633c   0x00000054   Code   RO         1766    .text.UI_RendererAdapter_DrawPanel  ui_renderer_adapter.o
    0x08006390   0x08006390   0x0000009e   Code   RO         1770    .text.UI_RendererAdapter_DrawProgressBar  ui_renderer_adapter.o
    0x0800642e   0x0800642e   0x00000002   PAD
    0x08006430   0x08006430   0x00000078   Code   RO         1754    .text.UI_RendererAdapter_DrawRect  ui_renderer_adapter.o
    0x080064a8   0x080064a8   0x000000da   Code   RO         1774    .text.UI_RendererAdapter_DrawSlider  ui_renderer_adapter.o
    0x08006582   0x08006582   0x00000002   PAD
    0x08006584   0x08006584   0x00000100   Code   RO         1784    .text.UI_RendererAdapter_DrawSparkline  ui_renderer_adapter.o
    0x08006684   0x08006684   0x0000006e   Code   RO         1746    .text.UI_RendererAdapter_DrawText  ui_renderer_adapter.o
    0x080066f2   0x080066f2   0x00000002   PAD
    0x080066f4   0x080066f4   0x00000080   Code   RO         1760    .text.UI_RendererAdapter_DrawTextInRect  ui_renderer_adapter.o
    0x08006774   0x08006774   0x00000088   Code   RO         1776    .text.UI_RendererAdapter_DrawToggle  ui_renderer_adapter.o
    0x080067fc   0x080067fc   0x000000e4   Code   RO         1726    .text.UI_RendererAdapter_EndFrame  ui_renderer_adapter.o
    0x080068e0   0x080068e0   0x00000024   Code   RO         1762    .text.UI_RendererAdapter_EstimateTextWidth  ui_renderer_adapter.o
    0x08006904   0x08006904   0x0000001a   Code   RO         1730    .text.UI_RendererAdapter_FillStripe  ui_renderer_adapter.o
    0x0800691e   0x0800691e   0x00000002   PAD
    0x08006920   0x08006920   0x00000004   Code   RO         1738    .text.UI_RendererAdapter_GetHeight  ui_renderer_adapter.o
    0x08006924   0x08006924   0x00000006   Code   RO         1736    .text.UI_RendererAdapter_GetWidth  ui_renderer_adapter.o
    0x0800692a   0x0800692a   0x00000002   PAD
    0x0800692c   0x0800692c   0x00000008   Code   RO         1722    .text.UI_RendererAdapter_Init  ui_renderer_adapter.o
    0x08006934   0x08006934   0x00000040   Code   RO         1792    .text.UI_RendererAdapter_LineOutCode  ui_renderer_adapter.o
    0x08006974   0x08006974   0x00000008   Code   RO         1788    .text.UI_RendererAdapter_MaxInt16  ui_renderer_adapter.o
    0x0800697c   0x0800697c   0x00000008   Code   RO         1790    .text.UI_RendererAdapter_MinInt16  ui_renderer_adapter.o
    0x08006984   0x08006984   0x00000014   Code   RO         1740    .text.UI_RendererAdapter_RGB565  ui_renderer_adapter.o
    0x08006998   0x08006998   0x0000003c   Code   RO         1728    .text.UI_RendererAdapter_StripeIntersectsDirty  ui_renderer_adapter.o
    0x080069d4   0x080069d4   0x000000dc   Code   RO         2297    .text.UI_Task_Create  ui_task.o
    0x08006ab0   0x08006ab0   0x00000008   Code   RO         2299    .text.UI_Task_DrawBaseLayer  ui_task.o
    0x08006ab8   0x08006ab8   0x00000008   Code   RO         2301    .text.UI_Task_DrawFxLayer  ui_task.o
    0x08006ac0   0x08006ac0   0x00000008   Code   RO         2303    .text.UI_Task_DrawTopLayer  ui_task.o
    0x08006ac8   0x08006ac8   0x00000070   Code   RO         2305    .text.UI_Task_Run   ui_task.o
    0x08006b38   0x08006b38   0x000000b8   Code   RO         1610    .text.UI_VirtualList_Draw  ui_virtual_list.o
    0x08006bf0   0x08006bf0   0x00000080   Code   RO         1608    .text.UI_VirtualList_HandleEvent  ui_virtual_list.o
    0x08006c70   0x08006c70   0x00000040   Code   RO         1606    .text.UI_VirtualList_Init  ui_virtual_list.o
    0x08006cb0   0x08006cb0   0x00000010   Code   RO          106    .text.USART1_IRQHandler  stm32l4xx_it.o
    0x08006cc0   0x08006cc0   0x00000002   Code   RO          100    .text.UsageFault_Handler  stm32l4xx_it.o
    0x08006cc2   0x08006cc2   0x00000002   PAD
    0x08006cc4   0x08006cc4   0x00000020   Code   RO         1083    .text.__NVIC_EnableIRQ  stm32l4xx_hal_cortex.o
    0x08006ce4   0x08006ce4   0x00000010   Code   RO         1075    .text.__NVIC_GetPriorityGrouping  stm32l4xx_hal_cortex.o
    0x08006cf4   0x08006cf4   0x00000022   Code   RO         1077    .text.__NVIC_SetPriority  stm32l4xx_hal_cortex.o
    0x08006d16   0x08006d16   0x00000002   PAD
    0x08006d18   0x08006d18   0x00000020   Code   RO         1071    .text.__NVIC_SetPriorityGrouping  stm32l4xx_hal_cortex.o
    0x08006d38   0x08006d38   0x00000008   Code   RO         1807    .text.egui_api_assert  ui_egui_runtime.o
    0x08006d40   0x08006d40   0x00000002   Code   RO         1809    .text.egui_api_free  ui_egui_runtime.o
    0x08006d42   0x08006d42   0x00000002   PAD
    0x08006d44   0x08006d44   0x00000004   Code   RO         1811    .text.egui_api_malloc  ui_egui_runtime.o
    0x08006d48   0x08006d48   0x0000006c   Code   RO         2003    .text.egui_canvas_blend_color_buffer_alpha  egui_canvas.o
    0x08006db4   0x08006db4   0x00000036   Code   RO         1993    .text.egui_canvas_calc_work_region  egui_canvas.o
    0x08006dea   0x08006dea   0x00000002   PAD
    0x08006dec   0x08006dec   0x00000090   Code   RO         1895    .text.egui_canvas_draw_fillrect  egui_canvas.o
    0x08006e7c   0x08006e7c   0x000002dc   Code   RO         2048    .text.egui_canvas_draw_line  egui_canvas_line.o
    0x08007158   0x08007158   0x00000062   Code   RO         1887    .text.egui_canvas_draw_point  egui_canvas.o
    0x080071ba   0x080071ba   0x00000002   PAD
    0x080071bc   0x080071bc   0x000000c2   Code   RO         1951    .text.egui_canvas_draw_rectangle  egui_canvas.o
    0x0800727e   0x0800727e   0x00000002   PAD
    0x08007280   0x08007280   0x00000028   Code   RO         1949    .text.egui_canvas_draw_rectangle_fill  egui_canvas.o
    0x080072a8   0x080072a8   0x00000024   Code   RO         1979    .text.egui_canvas_draw_text  egui_canvas.o
    0x080072cc   0x080072cc   0x0000045e   Code   RO         2054    .text.egui_canvas_draw_thick_line_scan  egui_canvas_line.o
    0x0800772a   0x0800772a   0x00000002   PAD
    0x0800772c   0x0800772c   0x00000046   Code   RO         1893    .text.egui_canvas_fill_color_buffer  egui_canvas.o
    0x08007772   0x08007772   0x00000002   PAD
    0x08007774   0x08007774   0x00000004   Code   RO         2148    .text.egui_canvas_get_base_view_work_region  egui_font_std.o
    0x08007778   0x08007778   0x00000014   Code   RO         2001    .text.egui_canvas_init  egui_canvas.o
    0x0800778c   0x0800778c   0x00000022   Code   RO         2060    .text.egui_canvas_line_blend_direct  egui_canvas_line.o
    0x080077ae   0x080077ae   0x00000002   PAD
    0x080077b0   0x080077b0   0x0000003c   Code   RO         2058    .text.egui_canvas_line_isqrt32  egui_canvas_line.o
    0x080077ec   0x080077ec   0x000000ac   Code   RO         1899    .text.egui_canvas_set_rect_color  egui_canvas.o
    0x08007898   0x08007898   0x0000007c   Code   RO         1901    .text.egui_canvas_set_rect_color_with_alpha  egui_canvas.o
    0x08007914   0x08007914   0x00000018   Code   RO         1889    .text.egui_color_alpha_mix  egui_canvas.o
    0x0800792c   0x0800792c   0x00000018   Code   RO         2052    .text.egui_color_alpha_mix  egui_canvas_line.o
    0x08007944   0x08007944   0x00000018   Code   RO         2166    .text.egui_color_alpha_mix  egui_font_std.o
    0x0800795c   0x0800795c   0x00000098   Code   RO         2124    .text.egui_font_get_utf8_code  egui_font.o
    0x080079f4   0x080079f4   0x00000012   Code   RO         2168    .text.egui_font_get_utf8_code_fast  egui_font_std.o
    0x08007a06   0x08007a06   0x00000002   PAD
    0x08007a08   0x08007a08   0x00000010   Code   RO         2186    .text.egui_font_std_bitmap_codec_is_raw  egui_font_std.o
    0x08007a18   0x08007a18   0x000000ea   Code   RO         2190    .text.egui_font_std_draw_4  egui_font_std.o
    0x08007b02   0x08007b02   0x00000002   PAD
    0x08007b04   0x08007b04   0x00000062   Code   RO         2198    .text.egui_font_std_draw_loaded_glyph  egui_font_std.o
    0x08007b66   0x08007b66   0x00000002   PAD
    0x08007b68   0x08007b68   0x00000064   Code   RO         2202    .text.egui_font_std_draw_scratch_ensure_buffer  egui_font_std.o
    0x08007bcc   0x08007bcc   0x000000dc   Code   RO         2172    .text.egui_font_std_draw_single_char_desc  egui_font_std.o
    0x08007ca8   0x08007ca8   0x00000142   Code   RO         2188    .text.egui_font_std_draw_single_char_desc_external_stream  egui_font_std.o
    0x08007dea   0x08007dea   0x00000002   PAD
    0x08007dec   0x08007dec   0x0000013a   Code   RO         2164    .text.egui_font_std_draw_string  egui_font_std.o
    0x08007f26   0x08007f26   0x00000002   PAD
    0x08007f28   0x08007f28   0x0000001e   Code   RO         2196    .text.egui_font_std_external_draw_scratch_ensure  egui_font_std.o
    0x08007f46   0x08007f46   0x00000002   PAD
    0x08007f48   0x08007f48   0x00000050   Code   RO         2184    .text.egui_font_std_find_code_index  egui_font_std.o
    0x08007f98   0x08007f98   0x0000001a   Code   RO         2180    .text.egui_font_std_get_desc  egui_font_std.o
    0x08007fb2   0x08007fb2   0x00000002   PAD
    0x08007fb4   0x08007fb4   0x0000001c   Code   RO         2182    .text.egui_font_std_get_desc_by_index  egui_font_std.o
    0x08007fd0   0x08007fd0   0x00000010   Code   RO         2170    .text.egui_font_std_get_desc_draw_fast  egui_font_std.o
    0x08007fe0   0x08007fe0   0x00000010   Code   RO         2152    .text.egui_font_std_get_desc_fast  egui_font_std.o
    0x08007ff0   0x08007ff0   0x0000001e   Code   RO         2200    .text.egui_font_std_get_packed_pixel_row_stride  egui_font_std.o
    0x0800800e   0x0800800e   0x00000002   PAD
    0x08008010   0x08008010   0x00000016   Code   RO         2192    .text.egui_font_std_get_packed_pixel_size  egui_font_std.o
    0x08008026   0x08008026   0x00000002   PAD
    0x08008028   0x08008028   0x000000ce   Code   RO         2174    .text.egui_font_std_get_str_size  egui_font_std.o
    0x080080f6   0x080080f6   0x00000002   PAD
    0x080080f8   0x080080f8   0x0000005c   Code   RO         2194    .text.egui_font_std_is_glyph_outside_region  egui_font_std.o
    0x08008154   0x08008154   0x00000008   Code   RO         2082    .text.egui_free     egui_common.o
    0x0800815c   0x0800815c   0x00000008   Code   RO         2080    .text.egui_malloc   egui_common.o
    0x08008164   0x08008164   0x00000014   Code   RO         2100    .text.egui_region_copy  egui_region.o
    0x08008178   0x08008178   0x00000008   Code   RO         1881    .text.egui_region_init_empty  egui_canvas.o
    0x08008180   0x08008180   0x00000008   Code   RO         2094    .text.egui_region_init_empty  egui_region.o
    0x08008188   0x08008188   0x0000006e   Code   RO         1897    .text.egui_region_intersect  egui_canvas.o
    0x080081f6   0x080081f6   0x00000002   PAD
    0x080081f8   0x080081f8   0x00000050   Code   RO         1995    .text.egui_region_intersect_fast  egui_canvas.o
    0x08008248   0x08008248   0x0000001c   Code   RO         1883    .text.egui_region_is_empty  egui_canvas.o
    0x08008264   0x08008264   0x00000046   Code   RO         2050    .text.egui_region_is_intersect  egui_canvas_line.o
    0x080082aa   0x080082aa   0x00000002   PAD
    0x080082ac   0x080082ac   0x00000032   Code   RO         1885    .text.egui_region_pt_in_rect  egui_canvas.o
    0x080082de   0x080082de   0x00000002   PAD
    0x080082e0   0x080082e0   0x00000040   Code   RO         1891    .text.egui_rgb_mix_ptr  egui_canvas.o
    0x08008320   0x08008320   0x00000040   Code   RO         2062    .text.egui_rgb_mix_ptr  egui_canvas_line.o
    0x08008360   0x08008360   0x00000028   Code   RO           11    .text.main          main.o
    0x08008388   0x08008388   0x000000a2   Code   RO         2419    .text.prvAddCurrentTaskToDelayedList  tasks.o
    0x0800842a   0x0800842a   0x00000002   PAD
    0x0800842c   0x0800842c   0x000000ac   Code   RO         2405    .text.prvAddNewTaskToReadyList  tasks.o
    0x080084d8   0x080084d8   0x00000060   Code   RO         2497    .text.prvCheckTasksWaitingTermination  tasks.o
    0x08008538   0x08008538   0x00000028   Code   RO         2373    .text.prvCopyDataFromQueue  queue.o
    0x08008560   0x08008560   0x0000002a   Code   RO         2411    .text.prvDeleteTCB  tasks.o
    0x0800858a   0x0800858a   0x00000002   PAD
    0x0800858c   0x0800858c   0x0000002a   Code   RO         2443    .text.prvIdleTask   tasks.o
    0x080085b6   0x080085b6   0x00000002   PAD
    0x080085b8   0x080085b8   0x00000018   Code   RO         2341    .text.prvInitialiseNewQueue  queue.o
    0x080085d0   0x080085d0   0x0000008a   Code   RO         2403    .text.prvInitialiseNewTask  tasks.o
    0x0800865a   0x0800865a   0x00000002   PAD
    0x0800865c   0x0800865c   0x0000006e   Code   RO         2495    .text.prvInitialiseTaskLists  tasks.o
    0x080086ca   0x080086ca   0x00000002   PAD
    0x080086cc   0x080086cc   0x0000005a   Code   RO         2532    .text.prvInsertBlockIntoFreeList  heap_4.o
    0x08008726   0x08008726   0x00000002   PAD
    0x08008728   0x08008728   0x00000018   Code   RO         2375    .text.prvIsQueueEmpty  queue.o
    0x08008740   0x08008740   0x00000020   Code   RO         2568    .text.prvPortStartFirstTask  port.o
    0x08008760   0x08008760   0x00000028   Code   RO         2413    .text.prvResetNextTaskUnblockTime  tasks.o
    0x08008788   0x08008788   0x0000002a   Code   RO         2558    .text.prvTaskExitError  port.o
    0x080087b2   0x080087b2   0x00000002   PAD
    0x080087b4   0x080087b4   0x00000072   Code   RO         2367    .text.prvUnlockQueue  queue.o
    0x08008826   0x08008826   0x00000002   PAD
    0x08008828   0x08008828   0x00000018   Code   RO         2481    .text.pvTaskIncrementMutexHeldCount  tasks.o
    0x08008840   0x08008840   0x00000028   Code   RO         2556    .text.pxPortInitialiseStack  port.o
    0x08008868   0x08008868   0x00000022   Code   RO         2327    .text.uxListRemove  list.o
    0x0800888a   0x0800888a   0x00000002   PAD
    0x0800888c   0x0800888c   0x0000001a   Code   RO          144    .text.vApplicationGetIdleTaskMemory  app_freertos.o
    0x080088a6   0x080088a6   0x00000002   PAD
    0x080088a8   0x080088a8   0x00000012   Code   RO          148    .text.vApplicationStackOverflowHook  app_freertos.o
    0x080088ba   0x080088ba   0x00000002   PAD
    0x080088bc   0x080088bc   0x00000016   Code   RO         2319    .text.vListInitialise  list.o
    0x080088d2   0x080088d2   0x00000002   PAD
    0x080088d4   0x080088d4   0x00000006   Code   RO         2321    .text.vListInitialiseItem  list.o
    0x080088da   0x080088da   0x00000002   PAD
    0x080088dc   0x080088dc   0x0000003a   Code   RO         2325    .text.vListInsert   list.o
    0x08008916   0x08008916   0x00000002   PAD
    0x08008918   0x08008918   0x0000001c   Code   RO         2323    .text.vListInsertEnd  list.o
    0x08008934   0x08008934   0x00000014   Code   RO         2566    .text.vPortEnableVFP  port.o
    0x08008948   0x08008948   0x0000003a   Code   RO         2572    .text.vPortEnterCritical  port.o
    0x08008982   0x08008982   0x00000002   PAD
    0x08008984   0x08008984   0x00000026   Code   RO         2574    .text.vPortExitCritical  port.o
    0x080089aa   0x080089aa   0x00000002   PAD
    0x080089ac   0x080089ac   0x00000068   Code   RO         2534    .text.vPortFree     heap_4.o
    0x08008a14   0x08008a14   0x0000002e   Code   RO         2564    .text.vPortSetupTimerInterrupt  port.o
    0x08008a42   0x08008a42   0x00000002   PAD
    0x08008a44   0x08008a44   0x00000084   Code   RO         2415    .text.vTaskDelayUntil  tasks.o
    0x08008ac8   0x08008ac8   0x0000000e   Code   RO         2469    .text.vTaskMissedYield  tasks.o
    0x08008ad6   0x08008ad6   0x00000002   PAD
    0x08008ad8   0x08008ad8   0x0000002a   Code   RO         2457    .text.vTaskPlaceOnEventList  tasks.o
    0x08008b02   0x08008b02   0x00000002   PAD
    0x08008b04   0x08008b04   0x0000009a   Code   RO         2475    .text.vTaskPriorityInherit  tasks.o
    0x08008b9e   0x08008b9e   0x00000002   PAD
    0x08008ba0   0x08008ba0   0x00000026   Code   RO         2465    .text.vTaskSetTimeOutState  tasks.o
    0x08008bc6   0x08008bc6   0x00000002   PAD
    0x08008bc8   0x08008bc8   0x00000080   Code   RO         2441    .text.vTaskStartScheduler  tasks.o
    0x08008c48   0x08008c48   0x00000010   Code   RO         2417    .text.vTaskSuspendAll  tasks.o
    0x08008c58   0x08008c58   0x000000aa   Code   RO         2433    .text.vTaskSwitchContext  tasks.o
    0x08008d02   0x08008d02   0x00000002   PAD
    0x08008d04   0x08008d04   0x000000da   Code   RO         2562    .text.xPortStartScheduler  port.o
    0x08008dde   0x08008dde   0x00000002   PAD
    0x08008de0   0x08008de0   0x00000056   Code   RO         2339    .text.xQueueGenericCreateStatic  queue.o
    0x08008e36   0x08008e36   0x00000002   PAD
    0x08008e38   0x08008e38   0x000001be   Code   RO         2357    .text.xQueueGenericReceive  queue.o
    0x08008ff6   0x08008ff6   0x00000002   PAD
    0x08008ff8   0x08008ff8   0x00000076   Code   RO         2337    .text.xQueueGenericReset  queue.o
    0x0800906e   0x0800906e   0x00000002   PAD
    0x08009070   0x08009070   0x0000006c   Code   RO         2467    .text.xTaskCheckForTimeOut  tasks.o
    0x080090dc   0x080090dc   0x00000042   Code   RO         2401    .text.xTaskCreateStatic  tasks.o
    0x0800911e   0x0800911e   0x00000002   PAD
    0x08009120   0x08009120   0x00000026   Code   RO         2473    .text.xTaskGetSchedulerState  tasks.o
    0x08009146   0x08009146   0x00000002   PAD
    0x08009148   0x08009148   0x0000000c   Code   RO         2449    .text.xTaskGetTickCount  tasks.o
    0x08009154   0x08009154   0x0000015e   Code   RO         2447    .text.xTaskIncrementTick  tasks.o
    0x080092b2   0x080092b2   0x00000002   PAD
    0x080092b4   0x080092b4   0x00000088   Code   RO         2461    .text.xTaskRemoveFromEventList  tasks.o
    0x0800933c   0x0800933c   0x00000112   Code   RO         2421    .text.xTaskResumeAll  tasks.o
    0x0800944e   0x0800944e   0x00000002   PAD
    0x08009450   0x08009450   0x00000034   Code   RO         2845    i.__0snprintf       mc_w.l(printfa.o)
    0x08009484   0x08009484   0x0000000e   Code   RO         2927    i.__scatterload_copy  mc_w.l(handlers.o)
    0x08009492   0x08009492   0x00000002   Code   RO         2928    i.__scatterload_null  mc_w.l(handlers.o)
    0x08009494   0x08009494   0x0000000e   Code   RO         2929    i.__scatterload_zeroinit  mc_w.l(handlers.o)
    0x080094a2   0x080094a2   0x00000002   PAD
    0x080094a4   0x080094a4   0x0000018a   Code   RO         2851    i._fp_digits        mc_w.l(printfa.o)
    0x0800962e   0x0800962e   0x00000002   PAD
    0x08009630   0x08009630   0x000006e2   Code   RO         2852    i._printf_core      mc_w.l(printfa.o)
    0x08009d12   0x08009d12   0x00000024   Code   RO         2853    i._printf_post_padding  mc_w.l(printfa.o)
    0x08009d36   0x08009d36   0x0000002e   Code   RO         2854    i._printf_pre_padding  mc_w.l(printfa.o)
    0x08009d64   0x08009d64   0x00000016   Code   RO         2855    i._snputc           mc_w.l(printfa.o)
    0x08009d7a   0x08009d7a   0x00000002   PAD
    0x08009d7c   0x08009d7c   0x0000000c   Data   RO         1411    .rodata..L__const.UI_App_Init.fx_viewport  ui_app.o
    0x08009d88   0x08009d88   0x00000010   Data   RO         1350    .rodata.AHBPrescTable  system_stm32l4xx.o
    0x08009d98   0x08009d98   0x00000008   Data   RO         1351    .rodata.APBPrescTable  system_stm32l4xx.o
    0x08009da0   0x08009da0   0x00000030   Data   RO         1352    .rodata.MSIRangeTable  system_stm32l4xx.o
    0x08009dd0   0x08009dd0   0x00000018   Data   RO         1430    .rodata.UI_App_DrawData.values  ui_app.o
    0x08009de8   0x08009de8   0x00000010   Data   RO         2085    .rodata.egui_alpha_change_table_4  egui_common.o
    0x08009df8   0x08009df8   0x00000008   Data   RO         2204    .rodata.egui_font_std_t_api_table  egui_font_std.o
    0x08009e00   0x08009e00   0x00000008   Data   RO         2250    .rodata.egui_res_font_montserrat_12_4  egui_res_font_montserrat_12_4.o
    0x08009e08   0x08009e08   0x0000045c   Data   RO         2252    .rodata.egui_res_font_montserrat_12_4_char_array  egui_res_font_montserrat_12_4.o
    0x0800a264   0x0800a264   0x00000174   Data   RO         2251    .rodata.egui_res_font_montserrat_12_4_code_array  egui_res_font_montserrat_12_4.o
    0x0800a3d8   0x0800a3d8   0x00000014   Data   RO         2249    .rodata.egui_res_font_montserrat_12_4_info  egui_res_font_montserrat_12_4.o
    0x0800a3ec   0x0800a3ec   0x00000b75   Data   RO         2253    .rodata.egui_res_font_montserrat_12_4_pixel_buffer  egui_res_font_montserrat_12_4.o
    0x0800af61   0x0800af61   0x00000003   PAD
    0x0800af64   0x0800af64   0x0000003c   Data   RO         1428    .rodata.g_app_page_models  ui_app.o
    0x0800afa0   0x0800afa0   0x00000100   Data   RO         2138    .rodata.s_utf8_length_table  egui_font.o
    0x0800b0a0   0x0800b0a0   0x0000009e   Data   RO         1429    .rodata.str1.1      ui_app.o
    0x0800b13e   0x0800b13e   0x00000015   Data   RO         1612    .rodata.str1.1      ui_virtual_list.o
    0x0800b153   0x0800b153   0x00000033   Data   RO         2205    .rodata.str1.1      egui_font_std.o
    0x0800b186   0x0800b186   0x00000002   PAD
    0x0800b188   0x0800b188   0x00000020   Data   RO         2926    Region$$Table       anon$$obj.o


    Execution Region RW_IRAM2 (Exec base: 0x10000000, Load base: 0x0800b2a8, Size: 0x00000000, Max: 0x00008000, ABSOLUTE)

    **** No section assigned to this execution region ****


    Execution Region RW_IRAM1 (Exec base: 0x20000000, Load base: 0x0800b1a8, Size: 0x00008c38, Max: 0x00018000, ABSOLUTE)

    Exec Addr    Load Addr    Size         Type   Attr      Idx    E Section Name        Object

    0x20000000   0x0800b1a8   0x00000004   Data   RW         1349    .data.SystemCoreClock  system_stm32l4xx.o
    0x20000004   0x0800b1ac   0x00000001   Data   RW         1417    .data.g_app_checkbox_on  ui_app.o
    0x20000005   0x0800b1ad   0x00000001   Data   RW         1416    .data.g_app_toggle_on  ui_app.o
    0x20000006   0x0800b1ae   0x0000000c   Data   RW         1427    .data.g_app_viewport  ui_app.o
    0x20000012   0x0800b1ba   0x00000002   PAD
    0x20000014   0x0800b1bc   0x0000002c   Data   RW         1423    .data.g_controls_page  ui_app.o
    0x20000040   0x0800b1e8   0x0000002c   Data   RW         1425    .data.g_data_page   ui_app.o
    0x2000006c   0x0800b214   0x0000002c   Data   RW         1422    .data.g_home_page   ui_app.o
    0x20000098   0x0800b240   0x0000002c   Data   RW         1424    .data.g_list_page   ui_app.o
    0x200000c4   0x0800b26c   0x0000002c   Data   RW         1426    .data.g_settings_page  ui_app.o
    0x200000f0   0x0800b298   0x00000001   Data   RW          708    .data.uwTickFreq    stm32l4xx_hal.o
    0x200000f1   0x0800b299   0x00000003   PAD
    0x200000f4   0x0800b29c   0x00000004   Data   RW          707    .data.uwTickPrio    stm32l4xx_hal.o
    0x200000f8   0x0800b2a0   0x00000004   Data   RW         2584    .data.uxCriticalNesting  port.o
    0x200000fc   0x0800b2a4   0x00000004   PAD
    0x20000100        -       0x00000004   Zero   RW         1446    .bss.g_animation_tick_ms  ui_animation.o
    0x20000104        -       0x00000140   Zero   RW         1445    .bss.g_animations   ui_animation.o
    0x20000244        -       0x00000001   Zero   RW         1419    .bss.g_app_active_page_index  ui_app.o
    0x20000245   0x0800b2a4   0x00000003   PAD
    0x20000248        -       0x00000004   Zero   RW         1412    .bss.g_app_frame_count  ui_app.o
    0x2000024c        -       0x00000004   Zero   RW         1413    .bss.g_app_heartbeat  ui_app.o
    0x20000250        -       0x00000010   Zero   RW         1421    .bss.g_app_marquee  ui_app.o
    0x20000260        -       0x00000004   Zero   RW         1414    .bss.g_app_progress  ui_app.o
    0x20000264        -       0x00000001   Zero   RW         1418    .bss.g_app_selected_row  ui_app.o
    0x20000265   0x0800b2a4   0x00000003   PAD
    0x20000268        -       0x00000004   Zero   RW         1415    .bss.g_app_temperature  ui_app.o
    0x2000026c        -       0x00000018   Zero   RW         1420    .bss.g_app_virtual_list  ui_app.o
    0x20000284        -       0x00000004   Zero   RW         1466    .bss.g_dirty_region_count  ui_dirty_region.o
    0x20000288        -       0x00000040   Zero   RW         1465    .bss.g_dirty_regions  ui_dirty_region.o
    0x200002c8        -       0x00000004   Zero   RW         1490    .bss.g_focus_current  ui_focus_engine.o
    0x200002cc        -       0x00000004   Zero   RW         1489    .bss.g_focus_root   ui_focus_engine.o
    0x200002d0        -       0x000000b4   Zero   RW         1583    .bss.g_fx_emitter   ui_fx_emitter.o
    0x20000384        -       0x00000004   Zero   RW         1505    .bss.g_input_event_queue  ui_input_event_queue.o
    0x20000388        -       0x00000048   Zero   RW         1507    .bss.g_input_event_queue_cb  ui_input_event_queue.o
    0x200003d0        -       0x00000060   Zero   RW         1506    .bss.g_input_event_queue_storage  ui_input_event_queue.o
    0x20000430        -       0x00000020   Zero   RW         1537    .bss.g_layers       ui_layer_manager.o
    0x20000450        -       0x00000064   Zero   RW         1560    .bss.g_modal        ui_modal_manager.o
    0x200004b4        -       0x0000001c   Zero   RW         1648    .bss.g_navigation_stack  ui_navigation.o
    0x200004d0        -       0x00000004   Zero   RW         1679    .bss.g_page_factory  ui_page_manager.o
    0x200004d4        -       0x00000440   Zero   RW         1712    .bss.g_prop_backend_buffer  ui_property_store.o
    0x20000914        -       0x00000440   Zero   RW         1713    .bss.g_prop_frontend_buffer  ui_property_store.o
    0x20000d54        -       0x000000c0   Zero   RW         1522    .bss.g_property_bindings  ui_property_binding.o
    0x20000e14        -       0x00000002   Zero   RW         1794    .bss.g_render_command_count  ui_renderer_adapter.o
    0x20000e16        -       0x00002800   Zero   RW         1796    .bss.g_render_commands  ui_renderer_adapter.o
    0x20003616        -       0x00003580   Zero   RW         1795    .bss.g_render_stripe  ui_renderer_adapter.o
    0x20006b96   0x0800b2a4   0x00000002   PAD
    0x20006b98        -       0x00000004   Zero   RW         1627    .bss.g_ui_message_queue  ui_message_bus.o
    0x20006b9c        -       0x00000048   Zero   RW         1629    .bss.g_ui_message_queue_cb  ui_message_bus.o
    0x20006be4        -       0x00000280   Zero   RW         1628    .bss.g_ui_message_queue_storage  ui_message_bus.o
    0x20006e64        -       0x00000004   Zero   RW         2307    .bss.g_ui_task_handle  ui_task.o
    0x20006e68        -       0x00001000   Zero   RW         2309    .bss.g_ui_task_stack  ui_task.o
    0x20007e68        -       0x00000054   Zero   RW         2310    .bss.g_ui_task_tcb  ui_task.o
    0x20007ebc        -       0x0000000c   Zero   RW         2308    .bss.g_ui_task_viewport  ui_task.o
    0x20007ec8        -       0x00000048   Zero   RW           83    .bss.hdma_usart1_rx  usart.o
    0x20007f10        -       0x00000064   Zero   RW           52    .bss.hspi1          spi.o
    0x20007f74        -       0x0000004c   Zero   RW           67    .bss.htim6          tim.o
    0x20007fc0        -       0x0000004c   Zero   RW          133    .bss.htim7          stm32l4xx_hal_timebase_tim.o
    0x2000800c        -       0x00000088   Zero   RW           82    .bss.huart1         usart.o
    0x20008094        -       0x00000004   Zero   RW         2499    .bss.pxCurrentTCB   tasks.o
    0x20008098        -       0x00000004   Zero   RW         2515    .bss.pxDelayedTaskList  tasks.o
    0x2000809c        -       0x00000004   Zero   RW         2542    .bss.pxEnd          heap_4.o
    0x200080a0        -       0x00000004   Zero   RW         2516    .bss.pxOverflowDelayedTaskList  tasks.o
    0x200080a4        -       0x0000008c   Zero   RW         2500    .bss.pxReadyTasksLists  tasks.o
    0x20008130        -       0x00000001   Zero   RW         2582    .bss.ucMaxSysCallPriority  port.o
    0x20008131   0x0800b2a4   0x00000003   PAD
    0x20008134        -       0x00000004   Zero   RW         2583    .bss.ulMaxPRIGROUPValue  port.o
    0x20008138        -       0x00000004   Zero   RW          709    .bss.uwTick         stm32l4xx_hal.o
    0x2000813c        -       0x00000004   Zero   RW         2505    .bss.uxCurrentNumberOfTasks  tasks.o
    0x20008140        -       0x00000004   Zero   RW         2504    .bss.uxDeletedTasksWaitingCleanUp  tasks.o
    0x20008144        -       0x00000004   Zero   RW         2514    .bss.uxPendedTicks  tasks.o
    0x20008148        -       0x00000004   Zero   RW         2507    .bss.uxSchedulerSuspended  tasks.o
    0x2000814c        -       0x00000004   Zero   RW         2502    .bss.uxTaskNumber   tasks.o
    0x20008150        -       0x00000004   Zero   RW         2501    .bss.uxTopReadyPriority  tasks.o
    0x20008154        -       0x00000200   Zero   RW          151    .bss.vApplicationGetIdleTaskMemory.idle_task_stack  app_freertos.o
    0x20008354        -       0x00000054   Zero   RW          150    .bss.vApplicationGetIdleTaskMemory.idle_task_tcb  app_freertos.o
    0x200083a8        -       0x00000001   Zero   RW         2543    .bss.xBlockAllocatedBit  heap_4.o
    0x200083a9   0x0800b2a4   0x00000003   PAD
    0x200083ac        -       0x00000014   Zero   RW         2518    .bss.xDelayedTaskList1  tasks.o
    0x200083c0        -       0x00000014   Zero   RW         2519    .bss.xDelayedTaskList2  tasks.o
    0x200083d4        -       0x00000004   Zero   RW         2544    .bss.xFreeBytesRemaining  heap_4.o
    0x200083d8        -       0x00000004   Zero   RW         2511    .bss.xIdleTaskHandle  tasks.o
    0x200083dc        -       0x00000004   Zero   RW         2512    .bss.xNextTaskUnblockTime  tasks.o
    0x200083e0        -       0x00000004   Zero   RW         2517    .bss.xNumOfOverflows  tasks.o
    0x200083e4        -       0x00000014   Zero   RW         2510    .bss.xPendingReadyList  tasks.o
    0x200083f8        -       0x00000004   Zero   RW         2506    .bss.xSchedulerRunning  tasks.o
    0x200083fc        -       0x00000008   Zero   RW         2545    .bss.xStart         heap_4.o
    0x20008404        -       0x00000014   Zero   RW         2509    .bss.xSuspendedTaskList  tasks.o
    0x20008418        -       0x00000014   Zero   RW         2503    .bss.xTasksWaitingTermination  tasks.o
    0x2000842c        -       0x00000004   Zero   RW         2508    .bss.xTickCount     tasks.o
    0x20008430        -       0x00000004   Zero   RW         2513    .bss.xYieldPending  tasks.o
    0x20008434   0x0800b2a4   0x00000004   PAD
    0x20008438        -       0x00000800   Zero   RW            1    STACK               startup_stm32l471xx.o


==============================================================================

Image component sizes


      Code (inc. data)   RO Data    RW Data    ZI Data      Debug   Object Name

        60          0          0          0        596       2214   app_freertos.o
        50          0          0          0          0       3325   dma.o
      1424          0          0          0          0      70930   egui_canvas.o
      2102          0          0          0          0      13153   egui_canvas_line.o
        16          0         16          0          0       3783   egui_common.o
       152         52        256          0          0       7141   egui_font.o
      1896          0         59          0          0      28402   egui_font_std.o
        28          0          0          0          0       2988   egui_region.o
         0          0       4449          0          0       3867   egui_res_font_montserrat_12_4.o
       332          0          0          0          0       2458   gpio.o
       194          0          0          0         17       3266   heap_4.o
      1974          0          0          0          0       4859   lcd_init.o
       148          0          0          0          0       2090   list.o
       180          0          0          0          0       4823   main.o
       708         16          0          4          5       3483   port.o
       852          0          0          0          0      15961   queue.o
       192          0          0          0        100       4971   spi.o
        36          8        392          0       2048        792   startup_stm32l471xx.o
       108          0          0          5          4       8761   stm32l4xx_hal.o
       204          0          0          0          0      10844   stm32l4xx_hal_cortex.o
       562          0          0          0          0       7195   stm32l4xx_hal_dma.o
       452          0          0          0          0       5350   stm32l4xx_hal_gpio.o
        50          0          0          0          0       1519   stm32l4xx_hal_msp.o
       134          0          0          0          0       8942   stm32l4xx_hal_pwr_ex.o
      2308          0          0          0          0       9606   stm32l4xx_hal_rcc.o
      1644          8          0          0          0      13867   stm32l4xx_hal_rcc_ex.o
      1158          0          0          0          0      21944   stm32l4xx_hal_spi.o
       930          0          0          0          0      48806   stm32l4xx_hal_tim.o
       200          0          0          0          0      21004   stm32l4xx_hal_tim_ex.o
       172          0          0          0         76       7308   stm32l4xx_hal_timebase_tim.o
      2182         62          0          0          0      28815   stm32l4xx_hal_uart.o
         2          0          0          0          0       8193   stm32l4xx_hal_uart_ex.o
        76          0          0          0          0       2073   stm32l4xx_it.o
        18          0         72          4          0       2903   system_stm32l4xx.o
      2504          8          0          0        300      22632   tasks.o
       154          0          0          0         76       6984   tim.o
       242          0          0          0        324       2262   ui_animation.o
      3914        756        254        234         58      11386   ui_app.o
       400          0          0          0         68       2637   ui_dirty_region.o
        14          0          0          0          0       5053   ui_egui_runtime.o
       252          0          0          0          8       3378   ui_focus_engine.o
       494          0          0          0        180       3161   ui_fx_emitter.o
       106          0          0          0        172       2644   ui_input_event_queue.o
        98          0          0          0         32       1644   ui_layer_manager.o
       200          0          0          0          0       2319   ui_marquee.o
       106          0          0          0        716       2612   ui_message_bus.o
       536          0          0          0        100       3841   ui_modal_manager.o
       246          0          0          0         28       3930   ui_navigation.o
       242          0          0          0          4       4718   ui_page_manager.o
       200          0          0          0        192       1812   ui_property_binding.o
       382          0          0          0       2176       4331   ui_property_store.o
      3982          4          0          0      23938      21215   ui_renderer_adapter.o
       356          8          0          0       4196       3509   ui_task.o
       376          0         21          0          0       3515   ui_virtual_list.o
       272          0          0          0        208       8235   usart.o

    ----------------------------------------------------------------------
     35956        922       5556        252      35644     507454   Object Totals
         0          0         32          0          0          0   (incl. Generated)
       336          0          5          5         22          0   (incl. Padding)

    ----------------------------------------------------------------------

      Code (inc. data)   RO Data    RW Data    ZI Data      Debug   Library Member Name

         0          0          0          0          0          0   entry.o
         0          0          0          0          0          0   entry10a.o
         0          0          0          0          0          0   entry11a.o
         8          4          0          0          0          0   entry2.o
         4          0          0          0          0          0   entry5.o
         0          0          0          0          0          0   entry7b.o
         0          0          0          0          0          0   entry8b.o
         8          4          0          0          0          0   entry9a.o
        30          0          0          0          0          0   handlers.o
        36          8          0          0          0         68   init.o
         0          0          0          0          0          0   iusefp.o
        98          0          0          0          0         84   ldiv.o
        30          0          0          0          0         68   llshl.o
        36          0          0          0          0         68   llsshr.o
        32          0          0          0          0         68   llushr.o
        36          0          0          0          0         68   memcpya.o
        36          0          0          0          0        108   memseta.o
      2312         84          0          0          0        524   printfa.o
        20          0          0          0          0         68   strchr.o
        14          0          0          0          0         68   strlen.o
        24          0          0          0          0         76   strncpy.o
        44          0          0          0          0         80   uidiv.o
       104          0          0          0          0         92   uldiv.o
        48          0          0          0          0         68   cdrcmple.o
       350          0          0          0          0        148   dadd.o
       222          0          0          0          0        100   ddiv.o
       186          0          0          0          0        176   depilogue.o
        48          0          0          0          0         68   dfixul.o
       234          0          0          0          0         96   dmul.o

    ----------------------------------------------------------------------
      3968        100          0          0          0       2096   Library Totals
         8          0          0          0          0          0   (incl. Padding)

    ----------------------------------------------------------------------

      Code (inc. data)   RO Data    RW Data    ZI Data      Debug   Library Name

      2872        100          0          0          0       1440   mc_w.l
      1088          0          0          0          0        656   mf_w.l

    ----------------------------------------------------------------------
      3968        100          0          0          0       2096   Library Totals

    ----------------------------------------------------------------------

==============================================================================


      Code (inc. data)   RO Data    RW Data    ZI Data      Debug   

     39924       1022       5556        252      35644     507622   Grand Totals
     39924       1022       5556        252      35644     507622   ELF Image Totals
     39924       1022       5556        252          0          0   ROM Totals

==============================================================================

    Total RO  Size (Code + RO Data)                45480 (  44.41kB)
    Total RW  Size (RW Data + ZI Data)             35896 (  35.05kB)
    Total ROM Size (Code + RO Data + RW Data)      45732 (  44.66kB)

==============================================================================

